Archive member included to satisfy reference by file (symbol)

c:/ac6/systemworkbench/plugins/fr.ac6.mcu.externaltools.arm-none.win32_1.16.0.201807130628/tools/compiler/bin/../lib/gcc/arm-none-eabi/7.2.1/../../../../arm-none-eabi/lib/thumb/v6-m\libm.a(lib_a-s_ceil.o)
                              stm32-it-sdk/Src/drivers/lorawan/mac/region/RegionCommon.o (ceil)
c:/ac6/systemworkbench/plugins/fr.ac6.mcu.externaltools.arm-none.win32_1.16.0.201807130628/tools/compiler/bin/../lib/gcc/arm-none-eabi/7.2.1/../../../../arm-none-eabi/lib/thumb/v6-m\libm.a(lib_a-s_floor.o)
                              stm32-it-sdk/Src/drivers/lorawan/mac/region/RegionCommon.o (floor)
c:/ac6/systemworkbench/plugins/fr.ac6.mcu.externaltools.arm-none.win32_1.16.0.201807130628/tools/compiler/bin/../lib/gcc/arm-none-eabi/7.2.1/../../../../arm-none-eabi/lib/thumb/v6-m\libm.a(lib_a-s_round.o)
                              stm32-it-sdk/Src/drivers/sx1276/sx1276.o (round)
c:/ac6/systemworkbench/plugins/fr.ac6.mcu.externaltools.arm-none.win32_1.16.0.201807130628/tools/compiler/bin/../lib/gcc/arm-none-eabi/7.2.1/thumb/v6-m\libgcc.a(_thumb1_case_uqi.o)
                              Drivers/STM32L0xx_HAL_Driver/Src/stm32l0xx_hal_dma.o (__gnu_thumb1_case_uqi)
c:/ac6/systemworkbench/plugins/fr.ac6.mcu.externaltools.arm-none.win32_1.16.0.201807130628/tools/compiler/bin/../lib/gcc/arm-none-eabi/7.2.1/thumb/v6-m\libgcc.a(_thumb1_case_shi.o)
                              stm32-it-sdk/Src/drivers/lorawan/mac/LoRaMac.o (__gnu_thumb1_case_shi)
c:/ac6/systemworkbench/plugins/fr.ac6.mcu.externaltools.arm-none.win32_1.16.0.201807130628/tools/compiler/bin/../lib/gcc/arm-none-eabi/7.2.1/thumb/v6-m\libgcc.a(_thumb1_case_uhi.o)
                              stm32-it-sdk/Src/drivers/lorawan/mac/LoRaMac.o (__gnu_thumb1_case_uhi)
c:/ac6/systemworkbench/plugins/fr.ac6.mcu.externaltools.arm-none.win32_1.16.0.201807130628/tools/compiler/bin/../lib/gcc/arm-none-eabi/7.2.1/thumb/v6-m\libgcc.a(_udivsi3.o)
                              Core/Src/system_stm32l0xx.o (__aeabi_uidiv)
c:/ac6/systemworkbench/plugins/fr.ac6.mcu.externaltools.arm-none.win32_1.16.0.201807130628/tools/compiler/bin/../lib/gcc/arm-none-eabi/7.2.1/thumb/v6-m\libgcc.a(_divsi3.o)
                              Core/Src/system_stm32l0xx.o (__aeabi_idiv)
c:/ac6/systemworkbench/plugins/fr.ac6.mcu.externaltools.arm-none.win32_1.16.0.201807130628/tools/compiler/bin/../lib/gcc/arm-none-eabi/7.2.1/thumb/v6-m\libgcc.a(_dvmd_tls.o)
                              c:/ac6/systemworkbench/plugins/fr.ac6.mcu.externaltools.arm-none.win32_1.16.0.201807130628/tools/compiler/bin/../lib/gcc/arm-none-eabi/7.2.1/thumb/v6-m\libgcc.a(_udivsi3.o) (__aeabi_idiv0)
c:/ac6/systemworkbench/plugins/fr.ac6.mcu.externaltools.arm-none.win32_1.16.0.201807130628/tools/compiler/bin/../lib/gcc/arm-none-eabi/7.2.1/thumb/v6-m\libgcc.a(_arm_cmpdf2.o)
                              stm32-it-sdk/Src/drivers/sx1276/sx1276.o (__aeabi_dcmpgt)
c:/ac6/systemworkbench/plugins/fr.ac6.mcu.externaltools.arm-none.win32_1.16.0.201807130628/tools/compiler/bin/../lib/gcc/arm-none-eabi/7.2.1/thumb/v6-m\libgcc.a(_arm_cmpsf2.o)
                              stm32-it-sdk/Src/drivers/lorawan/mac/region/RegionKR920.o (__aeabi_fcmplt)
c:/ac6/systemworkbench/plugins/fr.ac6.mcu.externaltools.arm-none.win32_1.16.0.201807130628/tools/compiler/bin/../lib/gcc/arm-none-eabi/7.2.1/thumb/v6-m\libgcc.a(_aeabi_ldivmod.o)
                              Drivers/STM32L0xx_HAL_Driver/Src/stm32l0xx_hal_uart.o (__aeabi_ldivmod)
c:/ac6/systemworkbench/plugins/fr.ac6.mcu.externaltools.arm-none.win32_1.16.0.201807130628/tools/compiler/bin/../lib/gcc/arm-none-eabi/7.2.1/thumb/v6-m\libgcc.a(_aeabi_uldivmod.o)
                              Drivers/STM32L0xx_HAL_Driver/Src/stm32l0xx_hal_uart.o (__aeabi_uldivmod)
c:/ac6/systemworkbench/plugins/fr.ac6.mcu.externaltools.arm-none.win32_1.16.0.201807130628/tools/compiler/bin/../lib/gcc/arm-none-eabi/7.2.1/thumb/v6-m\libgcc.a(_muldi3.o)
                              stm32-it-sdk/Src/drivers/lorawan/systime.o (__aeabi_lmul)
c:/ac6/systemworkbench/plugins/fr.ac6.mcu.externaltools.arm-none.win32_1.16.0.201807130628/tools/compiler/bin/../lib/gcc/arm-none-eabi/7.2.1/thumb/v6-m\libgcc.a(_fixunsdfsi.o)
                              stm32-it-sdk/Src/drivers/lorawan/mac/region/RegionCommon.o (__aeabi_d2uiz)
c:/ac6/systemworkbench/plugins/fr.ac6.mcu.externaltools.arm-none.win32_1.16.0.201807130628/tools/compiler/bin/../lib/gcc/arm-none-eabi/7.2.1/thumb/v6-m\libgcc.a(_udivmoddi4.o)
                              c:/ac6/systemworkbench/plugins/fr.ac6.mcu.externaltools.arm-none.win32_1.16.0.201807130628/tools/compiler/bin/../lib/gcc/arm-none-eabi/7.2.1/thumb/v6-m\libgcc.a(_aeabi_uldivmod.o) (__udivmoddi4)
c:/ac6/systemworkbench/plugins/fr.ac6.mcu.externaltools.arm-none.win32_1.16.0.201807130628/tools/compiler/bin/../lib/gcc/arm-none-eabi/7.2.1/thumb/v6-m\libgcc.a(bpabi.o)
[...]
Memory Configuration

Name             Origin             Length             Attributes
RAM              0x20000000         0x00005000         xrw
FLASH            0x08000000         0x00030000         xr
*default*        0x00000000         0xffffffff

Linker script and memory map

LOAD c:/ac6/systemworkbench/plugins/fr.ac6.mcu.externaltools.arm-none.win32_1.16.0.201807130628/tools/compiler/bin/../lib/gcc/arm-none-eabi/7.2.1/thumb/v6-m/crti.o
LOAD c:/ac6/systemworkbench/plugins/fr.ac6.mcu.externaltools.arm-none.win32_1.16.0.201807130628/tools/compiler/bin/../lib/gcc/arm-none-eabi/7.2.1/thumb/v6-m/crtbegin.o
LOAD c:/ac6/systemworkbench/plugins/fr.ac6.mcu.externaltools.arm-none.win32_1.16.0.201807130628/tools/compiler/bin/../lib/gcc/arm-none-eabi/7.2.1/../../../../arm-none-eabi/lib/thumb/v6-m/crt0.o
LOAD Core/Src/adc.o
LOAD Core/Src/gpio.o
LOAD Core/Src/iwdg.o
LOAD Core/Src/main.o
LOAD Core/Src/project_main.o
LOAD Core/Src/rtc.o
LOAD Core/Src/spi.o
LOAD Core/Src/stm32l0xx_hal_msp.o
LOAD Core/Src/stm32l0xx_it.o
LOAD Core/Src/system_stm32l0xx.o
LOAD Core/Src/tim.o
LOAD Core/Src/usart.o
LOAD Drivers/STM32L0xx_HAL_Driver/Src/stm32l0xx_hal.o
LOAD Drivers/STM32L0xx_HAL_Driver/Src/stm32l0xx_hal_adc.o
LOAD Drivers/STM32L0xx_HAL_Driver/Src/stm32l0xx_hal_adc_ex.o
LOAD Drivers/STM32L0xx_HAL_Driver/Src/stm32l0xx_hal_cortex.o
LOAD Drivers/STM32L0xx_HAL_Driver/Src/stm32l0xx_hal_dma.o
LOAD Drivers/STM32L0xx_HAL_Driver/Src/stm32l0xx_hal_flash.o
LOAD Drivers/STM32L0xx_HAL_Driver/Src/stm32l0xx_hal_flash_ex.o
LOAD Drivers/STM32L0xx_HAL_Driver/Src/stm32l0xx_hal_flash_ramfunc.o
LOAD Drivers/STM32L0xx_HAL_Driver/Src/stm32l0xx_hal_gpio.o
LOAD Drivers/STM32L0xx_HAL_Driver/Src/stm32l0xx_hal_i2c.o
LOAD Drivers/STM32L0xx_HAL_Driver/Src/stm32l0xx_hal_i2c_ex.o
LOAD Drivers/STM32L0xx_HAL_Driver/Src/stm32l0xx_hal_iwdg.o
LOAD Drivers/STM32L0xx_HAL_Driver/Src/stm32l0xx_hal_pwr.o
LOAD Drivers/STM32L0xx_HAL_Driver/Src/stm32l0xx_hal_pwr_ex.o
LOAD Drivers/STM32L0xx_HAL_Driver/Src/stm32l0xx_hal_rcc.o
LOAD Drivers/STM32L0xx_HAL_Driver/Src/stm32l0xx_hal_rcc_ex.o
LOAD Drivers/STM32L0xx_HAL_Driver/Src/stm32l0xx_hal_rtc.o
LOAD Drivers/STM32L0xx_HAL_Driver/Src/stm32l0xx_hal_rtc_ex.o
LOAD Drivers/STM32L0xx_HAL_Driver/Src/stm32l0xx_hal_spi.o
LOAD Drivers/STM32L0xx_HAL_Driver/Src/stm32l0xx_hal_tim.o
LOAD Drivers/STM32L0xx_HAL_Driver/Src/stm32l0xx_hal_tim_ex.o
LOAD Drivers/STM32L0xx_HAL_Driver/Src/stm32l0xx_hal_uart.o
LOAD Drivers/STM32L0xx_HAL_Driver/Src/stm32l0xx_hal_uart_ex.o
LOAD startup/startup_stm32l072xx.o
LOAD stm32-it-sdk/Src/drivers/eeprom/m95640/m95640.o
LOAD stm32-it-sdk/Src/drivers/gauge/max17205/max17205.o
LOAD stm32-it-sdk/Src/drivers/light/max44009/max44009.o
LOAD stm32-it-sdk/Src/drivers/lorawan/core/lora-test.o
LOAD stm32-it-sdk/Src/drivers/lorawan/core/lora.o
LOAD stm32-it-sdk/Src/drivers/lorawan/core/lorawan.o
LOAD stm32-it-sdk/Src/drivers/lorawan/crypto/aes.o
LOAD stm32-it-sdk/Src/drivers/lorawan/crypto/cmac.o
LOAD stm32-it-sdk/Src/drivers/lorawan/crypto/soft-se.o
LOAD stm32-it-sdk/Src/drivers/lorawan/mac/LoRaMac.o
LOAD stm32-it-sdk/Src/drivers/lorawan/mac/LoRaMacAdr.o
LOAD stm32-it-sdk/Src/drivers/lorawan/mac/LoRaMacClassB.o
LOAD stm32-it-sdk/Src/drivers/lorawan/mac/LoRaMacCommands.o
LOAD stm32-it-sdk/Src/drivers/lorawan/mac/LoRaMacConfirmQueue.o
LOAD stm32-it-sdk/Src/drivers/lorawan/mac/LoRaMacCrypto.o
LOAD stm32-it-sdk/Src/drivers/lorawan/mac/LoRaMacFCntHandler.o
LOAD stm32-it-sdk/Src/drivers/lorawan/mac/LoRaMacParser.o
LOAD stm32-it-sdk/Src/drivers/lorawan/mac/LoRaMacSerializer.o
LOAD stm32-it-sdk/Src/drivers/lorawan/mac/region/Region.o
LOAD stm32-it-sdk/Src/drivers/lorawan/mac/region/RegionAS923.o
LOAD stm32-it-sdk/Src/drivers/lorawan/mac/region/RegionAU915.o
LOAD stm32-it-sdk/Src/drivers/lorawan/mac/region/RegionCN470.o
LOAD stm32-it-sdk/Src/drivers/lorawan/mac/region/RegionCN779.o
LOAD stm32-it-sdk/Src/drivers/lorawan/mac/region/RegionCommon.o
LOAD stm32-it-sdk/Src/drivers/lorawan/mac/region/RegionEU433.o
LOAD stm32-it-sdk/Src/drivers/lorawan/mac/region/RegionEU868.o
LOAD stm32-it-sdk/Src/drivers/lorawan/mac/region/RegionIN865.o
LOAD stm32-it-sdk/Src/drivers/lorawan/mac/region/RegionKR920.o
LOAD stm32-it-sdk/Src/drivers/lorawan/mac/region/RegionRU864.o
LOAD stm32-it-sdk/Src/drivers/lorawan/mac/region/RegionUS915.o
LOAD stm32-it-sdk/Src/drivers/lorawan/systime.o
LOAD stm32-it-sdk/Src/drivers/lorawan/timeServer.o
LOAD stm32-it-sdk/Src/drivers/lorawan/utilities.o
LOAD stm32-it-sdk/Src/drivers/nfc/st25dv/st25dv.o
LOAD stm32-it-sdk/Src/drivers/s2lp/s2lp.o
LOAD stm32-it-sdk/Src/drivers/s2lp/s2lp_idRetriever.o
LOAD stm32-it-sdk/Src/drivers/s2lp/s2lp_spi.o
LOAD stm32-it-sdk/Src/drivers/s2lp/sigfox_helper.o
LOAD stm32-it-sdk/Src/drivers/s2lp/st_lib_api.o
LOAD stm32-it-sdk/Src/drivers/sx1276/murata_cmwx1zzabz.o
LOAD stm32-it-sdk/Src/drivers/sx1276/sx1276.o
LOAD stm32-it-sdk/Src/drivers/temphygropressure/bosh_bme280/bme280.o
LOAD stm32-it-sdk/Src/it_sdk/console/console.o
LOAD stm32-it-sdk/Src/it_sdk/eeprom/eeprom.o
LOAD stm32-it-sdk/Src/it_sdk/eeprom/sdk_config.o
LOAD stm32-it-sdk/Src/it_sdk/eeprom/securestore.o
LOAD stm32-it-sdk/Src/it_sdk/encrypt/aes128ctr.o
LOAD stm32-it-sdk/Src/it_sdk/encrypt/speck.o
LOAD stm32-it-sdk/Src/it_sdk/encrypt/tools.o
LOAD stm32-it-sdk/Src/it_sdk/encrypt/speck/speck32.o
LOAD stm32-it-sdk/Src/it_sdk/encrypt/tiny-AES-c/aes.o
LOAD stm32-it-sdk/Src/it_sdk/logger/error.o
LOAD stm32-it-sdk/Src/it_sdk/logger/logger.o
LOAD stm32-it-sdk/Src/it_sdk/lorawan/cayenne.o
LOAD stm32-it-sdk/Src/it_sdk/lorawan/lorawan.o
LOAD stm32-it-sdk/Src/it_sdk/lowpower/lowpower.o
LOAD stm32-it-sdk/Src/it_sdk/main.o
LOAD stm32-it-sdk/Src/it_sdk/tool.o
LOAD stm32-it-sdk/Src/it_sdk/sched/scheduler.o
LOAD stm32-it-sdk/Src/it_sdk/sigfox/sigfox.o
LOAD stm32-it-sdk/Src/it_sdk/statemachine/statemachine.o
LOAD stm32-it-sdk/Src/it_sdk/time/time.o
LOAD stm32-it-sdk/Src/it_sdk/time/timer.o
LOAD stm32-it-sdk/Src/stm32l_sdk/adc/adc.o
LOAD stm32-it-sdk/Src/stm32l_sdk/devices.o
LOAD stm32-it-sdk/Src/stm32l_sdk/gpio_wrapper.o
LOAD stm32-it-sdk/Src/stm32l_sdk/misc_wrapper.o
LOAD stm32-it-sdk/Src/stm32l_sdk/uart_wrapper.o
LOAD stm32-it-sdk/Src/stm32l_sdk/eeprom/eeprom.o
LOAD stm32-it-sdk/Src/stm32l_sdk/i2c/i2c.o
LOAD stm32-it-sdk/Src/stm32l_sdk/lowpower/lowpower.o
LOAD stm32-it-sdk/Src/stm32l_sdk/rtc/rtc.o
LOAD stm32-it-sdk/Src/stm32l_sdk/rtc/systick.o
LOAD stm32-it-sdk/Src/stm32l_sdk/spi/spi.o
LOAD stm32-it-sdk/Src/stm32l_sdk/timer/timer.o
LOAD stm32-it-sdk/Src/stm32l_sdk/wdg/watchdog.o
LOAD c:/ac6/systemworkbench/plugins/fr.ac6.mcu.externaltools.arm-none.win32_1.16.0.201807130628/tools/compiler/bin/../lib/gcc/arm-none-eabi/7.2.1/../../../../arm-none-eabi/lib/thumb/v6-m\libm.a
START GROUP
LOAD c:/ac6/systemworkbench/plugins/fr.ac6.mcu.externaltools.arm-none.win32_1.16.0.201807130628/tools/compiler/bin/../lib/gcc/arm-none-eabi/7.2.1/thumb/v6-m\libgcc.a
LOAD c:/ac6/systemworkbench/plugins/fr.ac6.mcu.externaltools.arm-none.win32_1.16.0.201807130628/tools/compiler/bin/../lib/gcc/arm-none-eabi/7.2.1/../../../../arm-none-eabi/lib/thumb/v6-m\libc_nano.a
END GROUP
START GROUP
LOAD c:/ac6/systemworkbench/plugins/fr.ac6.mcu.externaltools.arm-none.win32_1.16.0.201807130628/tools/compiler/bin/../lib/gcc/arm-none-eabi/7.2.1/thumb/v6-m\libgcc.a
LOAD c:/ac6/systemworkbench/plugins/fr.ac6.mcu.externaltools.arm-none.win32_1.16.0.201807130628/tools/compiler/bin/../lib/gcc/arm-none-eabi/7.2.1/../../../../arm-none-eabi/lib/thumb/v6-m\libc_nano.a
LOAD c:/ac6/systemworkbench/plugins/fr.ac6.mcu.externaltools.arm-none.win32_1.16.0.201807130628/tools/compiler/bin/../lib/gcc/arm-none-eabi/7.2.1/../../../../arm-none-eabi/lib/thumb/v6-m\libnosys.a
END GROUP
START GROUP
LOAD c:/ac6/systemworkbench/plugins/fr.ac6.mcu.externaltools.arm-none.win32_1.16.0.201807130628/tools/compiler/bin/../lib/gcc/arm-none-eabi/7.2.1/thumb/v6-m\libgcc.a
LOAD c:/ac6/systemworkbench/plugins/fr.ac6.mcu.externaltools.arm-none.win32_1.16.0.201807130628/tools/compiler/bin/../lib/gcc/arm-none-eabi/7.2.1/../../../../arm-none-eabi/lib/thumb/v6-m\libc_nano.a
LOAD c:/ac6/systemworkbench/plugins/fr.ac6.mcu.externaltools.arm-none.win32_1.16.0.201807130628/tools/compiler/bin/../lib/gcc/arm-none-eabi/7.2.1/../../../../arm-none-eabi/lib/thumb/v6-m\libnosys.a
END GROUP
LOAD c:/ac6/systemworkbench/plugins/fr.ac6.mcu.externaltools.arm-none.win32_1.16.0.201807130628/tools/compiler/bin/../lib/gcc/arm-none-eabi/7.2.1/thumb/v6-m/crtend.o
LOAD c:/ac6/systemworkbench/plugins/fr.ac6.mcu.externaltools.arm-none.win32_1.16.0.201807130628/tools/compiler/bin/../lib/gcc/arm-none-eabi/7.2.1/thumb/v6-m/crtn.o
                0x20005000                _estack = 0x20005000
                0x00000200                _Min_Heap_Size = 0x200
                0x00000400                _Min_Stack_Size = 0x400

.isr_vector     0x08000000       0xc0
                0x08000000                . = ALIGN (0x4)
 *(.isr_vector)
 .isr_vector    0x08000000       0xc0 startup/startup_stm32l072xx.o
                0x08000000                g_pfnVectors
                0x080000c0                . = ALIGN (0x4)

.text           0x080000c0    0x17620
                0x080000c0                . = ALIGN (0x4)
 *(.text)
 .text          0x080000c0       0x48 c:/ac6/systemworkbench/plugins/fr.ac6.mcu.externaltools.arm-none.win32_1.16.0.201807130628/tools/compiler/bin/../lib/gcc/arm-none-eabi/7.2.1/thumb/v6-m/crtbegin.o
 .text          0x08000108       0x14 c:/ac6/systemworkbench/plugins/fr.ac6.mcu.externaltools.arm-none.win32_1.16.0.201807130628/tools/compiler/bin/../lib/gcc/arm-none-eabi/7.2.1/thumb/v6-m\libgcc.a(_thumb1_case_uqi.o)
                0x08000108                __gnu_thumb1_case_uqi
 .text          0x0800011c       0x14 c:/ac6/systemworkbench/plugins/fr.ac6.mcu.externaltools.arm-none.win32_1.16.0.201807130628/tools/compiler/bin/../lib/gcc/arm-none-eabi/7.2.1/thumb/v6-m\libgcc.a(_thumb1_case_shi.o)
                0x0800011c                __gnu_thumb1_case_shi
 .text          0x08000130       0x14 c:/ac6/systemworkbench/plugins/fr.ac6.mcu.externaltools.arm-none.win32_1.16.0.201807130628/tools/compiler/bin/../lib/gcc/arm-none-eabi/7.2.1/thumb/v6-m\libgcc.a(_thumb1_case_uhi.o)
                0x08000130                __gnu_thumb1_case_uhi
 .text          0x08000144      0x114 c:/ac6/systemworkbench/plugins/fr.ac6.mcu.externaltools.arm-none.win32_1.16.0.201807130628/tools/compiler/bin/../lib/gcc/arm-none-eabi/7.2.1/thumb/v6-m\libgcc.a(_udivsi3.o)
                0x08000144                __aeabi_uidiv
                0x08000144                __udivsi3
                0x08000250                __aeabi_uidivmod
 .text          0x08000258      0x1d4 c:/ac6/systemworkbench/plugins/fr.ac6.mcu.externaltools.arm-none.win32_1.16.0.201807130628/tools/compiler/bin/../lib/gcc/arm-none-eabi/7.2.1/thumb/v6-m\libgcc.a(_divsi3.o)
                0x08000258                __divsi3
                0x08000258                __aeabi_idiv
                0x08000424                __aeabi_idivmod
 .text          0x0800042c        0x4 c:/ac6/systemworkbench/plugins/fr.ac6.mcu.externaltools.arm-none.win32_1.16.0.201807130628/tools/compiler/bin/../lib/gcc/arm-none-eabi/7.2.1/thumb/v6-m\libgcc.a(_dvmd_tls.o)
                0x0800042c                __aeabi_idiv0
                0x0800042c                __aeabi_ldiv0
 .text          0x08000430       0x7c c:/ac6/systemworkbench/plugins/fr.ac6.mcu.externaltools.arm-none.win32_1.16.0.201807130628/tools/compiler/bin/../lib/gcc/arm-none-eabi/7.2.1/thumb/v6-m\libgcc.a(_arm_cmpdf2.o)
                0x08000430                __aeabi_cdrcmple
                0x08000440                __aeabi_cdcmple
                0x08000440                __aeabi_cdcmpeq
                0x08000450                __aeabi_dcmpeq
                0x0800045c                __aeabi_dcmplt
                0x08000470                __aeabi_dcmple
                0x08000484                __aeabi_dcmpgt
                0x08000498                __aeabi_dcmpge
 .text          0x080004ac       0x74 c:/ac6/systemworkbench/plugins/fr.ac6.mcu.externaltools.arm-none.win32_1.16.0.201807130628/tools/compiler/bin/../lib/gcc/arm-none-eabi/7.2.1/thumb/v6-m\libgcc.a(_arm_cmpsf2.o)
                0x080004ac                __aeabi_cfrcmple
                0x080004b4                __aeabi_cfcmpeq
                0x080004b4                __aeabi_cfcmple
                0x080004c4                __aeabi_fcmpeq
                0x080004d0                __aeabi_fcmplt
                0x080004e4                __aeabi_fcmple
                0x080004f8                __aeabi_fcmpgt
                0x0800050c                __aeabi_fcmpge
 .text          0x08000520       0x40 c:/ac6/systemworkbench/plugins/fr.ac6.mcu.externaltools.arm-none.win32_1.16.0.201807130628/tools/compiler/bin/../lib/gcc/arm-none-eabi/7.2.1/thumb/v6-m\libgcc.a(_aeabi_uldivmod.o)
                0x08000520                __aeabi_uldivmod
 .text          0x08000560       0x54 c:/ac6/systemworkbench/plugins/fr.ac6.mcu.externaltools.arm-none.win32_1.16.0.201807130628/tools/compiler/bin/../lib/gcc/arm-none-eabi/7.2.1/thumb/v6-m\libgcc.a(_muldi3.o)
                0x08000560                __muldi3
                0x08000560                __aeabi_lmul
 .text          0x080005b4       0x3c c:/ac6/systemworkbench/plugins/fr.ac6.mcu.externaltools.arm-none.win32_1.16.0.201807130628/tools/compiler/bin/../lib/gcc/arm-none-eabi/7.2.1/thumb/v6-m\libgcc.a(_fixunsdfsi.o)
                0x080005b4                __aeabi_d2uiz
                0x080005b4                __fixunsdfsi
 .text          0x080005f0      0x184 c:/ac6/systemworkbench/plugins/fr.ac6.mcu.externaltools.arm-none.win32_1.16.0.201807130628/tools/compiler/bin/../lib/gcc/arm-none-eabi/7.2.1/thumb/v6-m\libgcc.a(_udivmoddi4.o)
                0x080005f0                __udivmoddi4
 .text          0x08000774       0x50 c:/ac6/systemworkbench/plugins/fr.ac6.mcu.externaltools.arm-none.win32_1.16.0.201807130628/tools/compiler/bin/../lib/gcc/arm-none-eabi/7.2.1/thumb/v6-m\libgcc.a(eqsf2.o)
                0x08000774                __eqsf2
                0x08000774                __nesf2
 .text          0x080007c4       0x9c c:/ac6/systemworkbench/plugins/fr.ac6.mcu.externaltools.arm-none.win32_1.16.0.201807130628/tools/compiler/bin/../lib/gcc/arm-none-eabi/7.2.1/thumb/v6-m\libgcc.a(gesf2.o)
                0x080007c4                __gesf2
                0x080007c4                __gtsf2
 .text          0x08000860       0xa0 c:/ac6/systemworkbench/plugins/fr.ac6.mcu.externaltools.arm-none.win32_1.16.0.201807130628/tools/compiler/bin/../lib/gcc/arm-none-eabi/7.2.1/thumb/v6-m\libgcc.a(lesf2.o)
                0x08000860                __ltsf2
                0x08000860                __lesf2
 .text          0x08000900      0x388 c:/ac6/systemworkbench/plugins/fr.ac6.mcu.externaltools.arm-none.win32_1.16.0.201807130628/tools/compiler/bin/../lib/gcc/arm-none-eabi/7.2.1/thumb/v6-m\libgcc.a(subsf3.o)
                0x08000900                __aeabi_fsub
 .text          0x08000c88       0x94 c:/ac6/systemworkbench/plugins/fr.ac6.mcu.externaltools.arm-none.win32_1.16.0.201807130628/tools/compiler/bin/../lib/gcc/arm-none-eabi/7.2.1/thumb/v6-m\libgcc.a(floatsisf.o)
                0x08000c88                __aeabi_i2f
 .text          0x08000d1c       0x80 c:/ac6/systemworkbench/plugins/fr.ac6.mcu.externaltools.arm-none.win32_1.16.0.201807130628/tools/compiler/bin/../lib/gcc/arm-none-eabi/7.2.1/thumb/v6-m\libgcc.a(floatunsisf.o)
                0x08000d1c                __aeabi_ui2f
 .text          0x08000d9c      0x638 c:/ac6/systemworkbench/plugins/fr.ac6.mcu.externaltools.arm-none.win32_1.16.0.201807130628/tools/compiler/bin/../lib/gcc/arm-none-eabi/7.2.1/thumb/v6-m\libgcc.a(adddf3.o)
                0x08000d9c                __aeabi_dadd
 .text          0x080013d4      0x604 c:/ac6/systemworkbench/plugins/fr.ac6.mcu.externaltools.arm-none.win32_1.16.0.201807130628/tools/compiler/bin/../lib/gcc/arm-none-eabi/7.2.1/thumb/v6-m\libgcc.a(divdf3.o)
                0x080013d4                __aeabi_ddiv
 .text          0x080019d8       0x78 c:/ac6/systemworkbench/plugins/fr.ac6.mcu.externaltools.arm-none.win32_1.16.0.201807130628/tools/compiler/bin/../lib/gcc/arm-none-eabi/7.2.1/thumb/v6-m\libgcc.a(eqdf2.o)
                0x080019d8                __nedf2
                0x080019d8                __eqdf2
 .text          0x08001a50       0xc8 c:/ac6/systemworkbench/plugins/fr.ac6.mcu.externaltools.arm-none.win32_1.16.0.201807130628/tools/compiler/bin/../lib/gcc/arm-none-eabi/7.2.1/thumb/v6-m\libgcc.a(gedf2.o)
                0x08001a50                __gedf2
                0x08001a50                __gtdf2
 .text          0x08001b18       0xd0 c:/ac6/systemworkbench/plugins/fr.ac6.mcu.externaltools.arm-none.win32_1.16.0.201807130628/tools/compiler/bin/../lib/gcc/arm-none-eabi/7.2.1/thumb/v6-m\libgcc.a(ledf2.o)
                0x08001b18                __ledf2
                0x08001b18                __ltdf2
 .text          0x08001be8      0x4e4 c:/ac6/systemworkbench/plugins/fr.ac6.mcu.externaltools.arm-none.win32_1.16.0.201807130628/tools/compiler/bin/../lib/gcc/arm-none-eabi/7.2.1/thumb/v6-m\libgcc.a(muldf3.o)
                0x08001be8                __aeabi_dmul
 .text          0x080020cc      0x690 c:/ac6/systemworkbench/plugins/fr.ac6.mcu.externaltools.arm-none.win32_1.16.0.201807130628/tools/compiler/bin/../lib/gcc/arm-none-eabi/7.2.1/thumb/v6-m\libgcc.a(subdf3.o)
                0x080020cc                __aeabi_dsub
 .text          0x0800275c       0x6c c:/ac6/systemworkbench/plugins/fr.ac6.mcu.externaltools.arm-none.win32_1.16.0.201807130628/tools/compiler/bin/../lib/gcc/arm-none-eabi/7.2.1/thumb/v6-m\libgcc.a(fixdfsi.o)
                0x0800275c                __aeabi_d2iz
 .text          0x080027c8       0x74 c:/ac6/systemworkbench/plugins/fr.ac6.mcu.externaltools.arm-none.win32_1.16.0.201807130628/tools/compiler/bin/../lib/gcc/arm-none-eabi/7.2.1/thumb/v6-m\libgcc.a(floatsidf.o)
                0x080027c8                __aeabi_i2d
 .text          0x0800283c       0x64 c:/ac6/systemworkbench/plugins/fr.ac6.mcu.externaltools.arm-none.win32_1.16.0.201807130628/tools/compiler/bin/../lib/gcc/arm-none-eabi/7.2.1/thumb/v6-m\libgcc.a(floatunsidf.o)
                0x0800283c                __aeabi_ui2d
 .text          0x080028a0       0xa4 c:/ac6/systemworkbench/plugins/fr.ac6.mcu.externaltools.arm-none.win32_1.16.0.201807130628/tools/compiler/bin/../lib/gcc/arm-none-eabi/7.2.1/thumb/v6-m\libgcc.a(extendsfdf2.o)
                0x080028a0                __aeabi_f2d
 .text          0x08002944       0x3c c:/ac6/systemworkbench/plugins/fr.ac6.mcu.externaltools.arm-none.win32_1.16.0.201807130628/tools/compiler/bin/../lib/gcc/arm-none-eabi/7.2.1/thumb/v6-m\libgcc.a(_clzsi2.o)
                0x08002944                __clzsi2
 .text          0x08002980       0x18 c:/ac6/systemworkbench/plugins/fr.ac6.mcu.externaltools.arm-none.win32_1.16.0.201807130628/tools/compiler/bin/../lib/gcc/arm-none-eabi/7.2.1/thumb/v6-m\libgcc.a(_clzdi2.o)
                0x08002980                __clzdi2
 .text          0x08002998        0xe c:/ac6/systemworkbench/plugins/fr.ac6.mcu.externaltools.arm-none.win32_1.16.0.201807130628/tools/compiler/bin/../lib/gcc/arm-none-eabi/7.2.1/../../../../arm-none-eabi/lib/thumb/v6-m\libc_nano.a(lib_a-strlen.o)
                0x08002998                strlen
 *(.text*)
 *fill*         0x080029a6        0x2 
 .text.MX_ADC_Init
                0x080029a8       0x98 Core/Src/adc.o
                0x080029a8                MX_ADC_Init
 .text.HAL_ADC_MspInit
                0x08002a40       0x20 Core/Src/adc.o
                0x08002a40                HAL_ADC_MspInit
 .text.MX_GPIO_Init
                0x08002a60      0x138 Core/Src/gpio.o
                0x08002a60                MX_GPIO_Init
 .text.stm32l_lowPowerRestoreGpioConfig
                0x08002b98       0xe0 Core/Src/gpio.o
                0x08002b98                stm32l_lowPowerRestoreGpioConfig
 .text.MX_IWDG_Init
                0x08002c78       0x2c Core/Src/iwdg.o
                0x08002c78                MX_IWDG_Init
 .text.SystemClock_Config
                0x08002ca4       0xac Core/Src/main.o
                0x08002ca4                SystemClock_Config
 .text.startup.main
                0x08002d50       0x38 Core/Src/main.o
                0x08002d50                main
 .text.Error_Handler
                0x08002d88        0x2 Core/Src/main.o
                0x08002d88                Error_Handler
 .text.taskLed  0x08002d8a        0xc Core/Src/project_main.o
                0x08002d8a                taskLed
 *fill*         0x08002d96        0x2 
 .text.taskLora
                0x08002d98       0x5c Core/Src/project_main.o
                0x08002d98                taskLora
 .text.project_setup
                0x08002df4       0x40 Core/Src/project_main.o
                0x08002df4                project_setup
 .text.project_loop
                0x08002e34        0x8 Core/Src/project_main.o
                0x08002e34                project_loop
 .text.MX_RTC_Init
                0x08002e3c       0xcc Core/Src/rtc.o
                0x08002e3c                MX_RTC_Init
 .text.HAL_RTC_MspInit
                0x08002f08       0x30 Core/Src/rtc.o
                0x08002f08                HAL_RTC_MspInit
 .text.MX_SPI1_Init
                0x08002f38       0x44 Core/Src/spi.o
                0x08002f38                MX_SPI1_Init
 .text.MX_SPI2_Init
                0x08002f7c       0x3c Core/Src/spi.o
                0x08002f7c                MX_SPI2_Init
 .text.HAL_SPI_MspInit
                0x08002fb8       0xb8 Core/Src/spi.o
                0x08002fb8                HAL_SPI_MspInit
 .text.HAL_MspInit
                0x08003070       0x1c Core/Src/stm32l0xx_hal_msp.o
                0x08003070                HAL_MspInit
 .text.NMI_Handler
                0x0800308c        0x2 Core/Src/stm32l0xx_it.o
                0x0800308c                NMI_Handler
 .text.HardFault_Handler
                0x0800308e        0x2 Core/Src/stm32l0xx_it.o
                0x0800308e                HardFault_Handler
 .text.SVC_Handler
                0x08003090        0x2 Core/Src/stm32l0xx_it.o
                0x08003090                SVC_Handler
 .text.PendSV_Handler
                0x08003092        0x2 Core/Src/stm32l0xx_it.o
                0x08003092                PendSV_Handler
 .text.SysTick_Handler
                0x08003094        0x8 Core/Src/stm32l0xx_it.o
                0x08003094                SysTick_Handler
 .text.RTC_IRQHandler
                0x0800309c       0x18 Core/Src/stm32l0xx_it.o
                0x0800309c                RTC_IRQHandler
 .text.EXTI0_1_IRQHandler
                0x080030b4       0x10 Core/Src/stm32l0xx_it.o
                0x080030b4                EXTI0_1_IRQHandler
 .text.EXTI4_15_IRQHandler
                0x080030c4       0x12 Core/Src/stm32l0xx_it.o
                0x080030c4                EXTI4_15_IRQHandler
 *fill*         0x080030d6        0x2 
 .text.USART2_IRQHandler
                0x080030d8       0x10 Core/Src/stm32l0xx_it.o
                0x080030d8                USART2_IRQHandler
 .text.SystemInit
                0x080030e8       0x5c Core/Src/system_stm32l0xx.o
                0x080030e8                SystemInit
 .text.MX_TIM21_Init
                0x08003144       0x70 Core/Src/tim.o
                0x08003144                MX_TIM21_Init
 .text.HAL_TIM_Base_MspInit
                0x080031b4       0x1c Core/Src/tim.o
                0x080031b4                HAL_TIM_Base_MspInit
 .text.MX_LPUART1_UART_Init
                0x080031d0       0x38 Core/Src/usart.o
                0x080031d0                MX_LPUART1_UART_Init
 .text.MX_USART2_UART_Init
                0x08003208       0x38 Core/Src/usart.o
                0x08003208                MX_USART2_UART_Init
 .text.HAL_UART_MspInit
                0x08003240       0xb0 Core/Src/usart.o
                0x08003240                HAL_UART_MspInit
 .text.HAL_InitTick
                0x080032f0       0x30 Drivers/STM32L0xx_HAL_Driver/Src/stm32l0xx_hal.o
                0x080032f0                HAL_InitTick
 .text.HAL_Init
                0x08003320       0x28 Drivers/STM32L0xx_HAL_Driver/Src/stm32l0xx_hal.o
                0x08003320                HAL_Init
 .text.HAL_GetTick
                0x08003348        0xc Drivers/STM32L0xx_HAL_Driver/Src/stm32l0xx_hal.o
                0x08003348                HAL_GetTick
 .text.HAL_Delay
                0x08003354       0x1e Drivers/STM32L0xx_HAL_Driver/Src/stm32l0xx_hal.o
                0x08003354                HAL_Delay
 *fill*         0x08003372        0x2 
 .text.HAL_SuspendTick
                0x08003374       0x10 Drivers/STM32L0xx_HAL_Driver/Src/stm32l0xx_hal.o
                0x08003374                HAL_SuspendTick
 .text.HAL_ResumeTick
                0x08003384       0x10 Drivers/STM32L0xx_HAL_Driver/Src/stm32l0xx_hal.o
                0x08003384                HAL_ResumeTick
 .text.ADC_DelayMicroSecond
                0x08003394       0x2c Drivers/STM32L0xx_HAL_Driver/Src/stm32l0xx_hal_adc.o
 .text.HAL_ADC_Init
                0x080033c0      0x1b0 Drivers/STM32L0xx_HAL_Driver/Src/stm32l0xx_hal_adc.o
                0x080033c0                HAL_ADC_Init
 .text.HAL_ADC_ConfigChannel
                0x08003570       0xa8 Drivers/STM32L0xx_HAL_Driver/Src/stm32l0xx_hal_adc.o
                0x08003570                HAL_ADC_ConfigChannel
 .text.HAL_NVIC_SetPriority
                0x08003618       0x54 Drivers/STM32L0xx_HAL_Driver/Src/stm32l0xx_hal_cortex.o
                0x08003618                HAL_NVIC_SetPriority
 .text.HAL_NVIC_EnableIRQ
                0x0800366c       0x14 Drivers/STM32L0xx_HAL_Driver/Src/stm32l0xx_hal_cortex.o
                0x0800366c                HAL_NVIC_EnableIRQ
 .text.HAL_SYSTICK_Config
                0x08003680       0x34 Drivers/STM32L0xx_HAL_Driver/Src/stm32l0xx_hal_cortex.o
                0x08003680                HAL_SYSTICK_Config
 .text.HAL_DMA_Abort_IT
                0x080036b4       0x4a Drivers/STM32L0xx_HAL_Driver/Src/stm32l0xx_hal_dma.o
                0x080036b4                HAL_DMA_Abort_IT
 *fill*         0x080036fe        0x2 
 .text.HAL_GPIO_Init
                0x08003700      0x174 Drivers/STM32L0xx_HAL_Driver/Src/stm32l0xx_hal_gpio.o
                0x08003700                HAL_GPIO_Init
 .text.HAL_GPIO_WritePin
                0x08003874        0xc Drivers/STM32L0xx_HAL_Driver/Src/stm32l0xx_hal_gpio.o
                0x08003874                HAL_GPIO_WritePin
 .text.HAL_GPIO_TogglePin
                0x08003880        0x8 Drivers/STM32L0xx_HAL_Driver/Src/stm32l0xx_hal_gpio.o
                0x08003880                HAL_GPIO_TogglePin
 .text.HAL_GPIO_EXTI_IRQHandler
                0x08003888       0x18 Drivers/STM32L0xx_HAL_Driver/Src/stm32l0xx_hal_gpio.o
                0x08003888                HAL_GPIO_EXTI_IRQHandler
 .text.HAL_IWDG_Init
                0x080038a0       0x58 Drivers/STM32L0xx_HAL_Driver/Src/stm32l0xx_hal_iwdg.o
                0x080038a0                HAL_IWDG_Init
 .text.HAL_IWDG_Refresh
                0x080038f8       0x10 Drivers/STM32L0xx_HAL_Driver/Src/stm32l0xx_hal_iwdg.o
                0x080038f8                HAL_IWDG_Refresh
 .text.HAL_PWR_EnableBkUpAccess
                0x08003908       0x14 Drivers/STM32L0xx_HAL_Driver/Src/stm32l0xx_hal_pwr.o
                0x08003908                HAL_PWR_EnableBkUpAccess
 .text.HAL_PWR_EnterSTOPMode
                0x0800391c       0x38 Drivers/STM32L0xx_HAL_Driver/Src/stm32l0xx_hal_pwr.o
                0x0800391c                HAL_PWR_EnterSTOPMode
 .text.HAL_PWREx_EnableFastWakeUp
                0x08003954       0x14 Drivers/STM32L0xx_HAL_Driver/Src/stm32l0xx_hal_pwr_ex.o
                0x08003954                HAL_PWREx_EnableFastWakeUp
 .text.HAL_PWREx_EnableUltraLowPower
                0x08003968       0x14 Drivers/STM32L0xx_HAL_Driver/Src/stm32l0xx_hal_pwr_ex.o
                0x08003968                HAL_PWREx_EnableUltraLowPower
 .text.HAL_RCC_GetSysClockFreq
                0x0800397c       0x80 Drivers/STM32L0xx_HAL_Driver/Src/stm32l0xx_hal_rcc.o
                0x0800397c                HAL_RCC_GetSysClockFreq
 .text.HAL_RCC_OscConfig
                0x080039fc      0x518 Drivers/STM32L0xx_HAL_Driver/Src/stm32l0xx_hal_rcc.o
                0x080039fc                HAL_RCC_OscConfig
 .text.HAL_RCC_ClockConfig
                0x08003f14      0x170 Drivers/STM32L0xx_HAL_Driver/Src/stm32l0xx_hal_rcc.o
                0x08003f14                HAL_RCC_ClockConfig
 .text.HAL_RCC_GetPCLK1Freq
                0x08004084       0x20 Drivers/STM32L0xx_HAL_Driver/Src/stm32l0xx_hal_rcc.o
                0x08004084                HAL_RCC_GetPCLK1Freq
 .text.HAL_RCC_GetPCLK2Freq
                0x080040a4       0x20 Drivers/STM32L0xx_HAL_Driver/Src/stm32l0xx_hal_rcc.o
                0x080040a4                HAL_RCC_GetPCLK2Freq
 .text.HAL_RCCEx_PeriphCLKConfig
                0x080040c4      0x1b8 Drivers/STM32L0xx_HAL_Driver/Src/stm32l0xx_hal_rcc_ex.o
                0x080040c4                HAL_RCCEx_PeriphCLKConfig
 .text.HAL_RTC_AlarmAEventCallback
                0x0800427c        0x2 Drivers/STM32L0xx_HAL_Driver/Src/stm32l0xx_hal_rtc.o
                0x0800427c                HAL_RTC_AlarmAEventCallback
 *fill*         0x0800427e        0x2 
 .text.HAL_RTC_AlarmIRQHandler
                0x08004280       0x60 Drivers/STM32L0xx_HAL_Driver/Src/stm32l0xx_hal_rtc.o
                0x08004280                HAL_RTC_AlarmIRQHandler
 .text.HAL_RTC_WaitForSynchro
                0x080042e0       0x34 Drivers/STM32L0xx_HAL_Driver/Src/stm32l0xx_hal_rtc.o
                0x080042e0                HAL_RTC_WaitForSynchro
 .text.RTC_EnterInitMode
                0x08004314       0x38 Drivers/STM32L0xx_HAL_Driver/Src/stm32l0xx_hal_rtc.o
                0x08004314                RTC_EnterInitMode
 .text.HAL_RTC_Init
                0x0800434c       0xb8 Drivers/STM32L0xx_HAL_Driver/Src/stm32l0xx_hal_rtc.o
                0x0800434c                HAL_RTC_Init
 .text.RTC_ByteToBcd2
                0x08004404       0x16 Drivers/STM32L0xx_HAL_Driver/Src/stm32l0xx_hal_rtc.o
                0x08004404                RTC_ByteToBcd2
 *fill*         0x0800441a        0x2 
 .text.HAL_RTC_SetTime
                0x0800441c      0x100 Drivers/STM32L0xx_HAL_Driver/Src/stm32l0xx_hal_rtc.o
                0x0800441c                HAL_RTC_SetTime
 .text.HAL_RTC_SetDate
                0x0800451c       0xd8 Drivers/STM32L0xx_HAL_Driver/Src/stm32l0xx_hal_rtc.o
                0x0800451c                HAL_RTC_SetDate
 .text.HAL_RTC_SetAlarm_IT
                0x080045f4      0x190 Drivers/STM32L0xx_HAL_Driver/Src/stm32l0xx_hal_rtc.o
                0x080045f4                HAL_RTC_SetAlarm_IT
 .text.RTC_Bcd2ToByte
                0x08004784       0x10 Drivers/STM32L0xx_HAL_Driver/Src/stm32l0xx_hal_rtc.o
                0x08004784                RTC_Bcd2ToByte
 .text.HAL_RTC_GetTime
                0x08004794       0x54 Drivers/STM32L0xx_HAL_Driver/Src/stm32l0xx_hal_rtc.o
                0x08004794                HAL_RTC_GetTime
 .text.HAL_RTC_GetDate
                0x080047e8       0x44 Drivers/STM32L0xx_HAL_Driver/Src/stm32l0xx_hal_rtc.o
                0x080047e8                HAL_RTC_GetDate
 .text.HAL_RTCEx_SetWakeUpTimer_IT
                0x0800482c       0xf8 Drivers/STM32L0xx_HAL_Driver/Src/stm32l0xx_hal_rtc_ex.o
                0x0800482c                HAL_RTCEx_SetWakeUpTimer_IT
 .text.HAL_RTCEx_DeactivateWakeUpTimer
                0x08004924       0x78 Drivers/STM32L0xx_HAL_Driver/Src/stm32l0xx_hal_rtc_ex.o
                0x08004924                HAL_RTCEx_DeactivateWakeUpTimer
 .text.HAL_RTCEx_WakeUpTimerIRQHandler
                0x0800499c       0x34 Drivers/STM32L0xx_HAL_Driver/Src/stm32l0xx_hal_rtc_ex.o
                0x0800499c                HAL_RTCEx_WakeUpTimerIRQHandler
 .text.HAL_RTCEx_AlarmBEventCallback
                0x080049d0        0x2 Drivers/STM32L0xx_HAL_Driver/Src/stm32l0xx_hal_rtc_ex.o
                0x080049d0                HAL_RTCEx_AlarmBEventCallback
 *fill*         0x080049d2        0x2 
 .text.SPI_WaitFlagStateUntilTimeout.constprop.7
                0x080049d4       0x84 Drivers/STM32L0xx_HAL_Driver/Src/stm32l0xx_hal_spi.o
 .text.SPI_EndRxTxTransaction
                0x08004a58       0x3e Drivers/STM32L0xx_HAL_Driver/Src/stm32l0xx_hal_spi.o
 *fill*         0x08004a96        0x2 
 .text.HAL_SPI_Init
                0x08004a98       0x80 Drivers/STM32L0xx_HAL_Driver/Src/stm32l0xx_hal_spi.o
                0x08004a98                HAL_SPI_Init
 .text.HAL_SPI_TransmitReceive
                0x08004b18      0x1e6 Drivers/STM32L0xx_HAL_Driver/Src/stm32l0xx_hal_spi.o
                0x08004b18                HAL_SPI_TransmitReceive
 *fill*         0x08004cfe        0x2 
 .text.TIM_Base_SetConfig
                0x08004d00       0x70 Drivers/STM32L0xx_HAL_Driver/Src/stm32l0xx_hal_tim.o
 .text.HAL_TIM_Base_Init
                0x08004d70       0x36 Drivers/STM32L0xx_HAL_Driver/Src/stm32l0xx_hal_tim.o
                0x08004d70                HAL_TIM_Base_Init
 *fill*         0x08004da6        0x2 
 .text.HAL_TIM_ConfigClockSource
                0x08004da8      0x144 Drivers/STM32L0xx_HAL_Driver/Src/stm32l0xx_hal_tim.o
                0x08004da8                HAL_TIM_ConfigClockSource
 .text.HAL_TIMEx_MasterConfigSynchronization
                0x08004eec       0x3c Drivers/STM32L0xx_HAL_Driver/Src/stm32l0xx_hal_tim_ex.o
                0x08004eec                HAL_TIMEx_MasterConfigSynchronization
 .text.UART_EndRxTransfer
                0x08004f28       0x24 Drivers/STM32L0xx_HAL_Driver/Src/stm32l0xx_hal_uart.o
 .text.HAL_UART_TxCpltCallback
                0x08004f4c        0x2 Drivers/STM32L0xx_HAL_Driver/Src/stm32l0xx_hal_uart.o
                0x08004f4c                HAL_UART_TxCpltCallback
 .text.HAL_UART_ErrorCallback
                0x08004f4e        0x2 Drivers/STM32L0xx_HAL_Driver/Src/stm32l0xx_hal_uart.o
                0x08004f4e                HAL_UART_ErrorCallback
 .text.HAL_UART_IRQHandler
                0x08004f50      0x138 Drivers/STM32L0xx_HAL_Driver/Src/stm32l0xx_hal_uart.o
                0x08004f50                HAL_UART_IRQHandler
 .text.UART_DMAAbortOnError
                0x08005088       0x16 Drivers/STM32L0xx_HAL_Driver/Src/stm32l0xx_hal_uart.o
 *fill*         0x0800509e        0x2 
 .text.UART_SetConfig
                0x080050a0      0x264 Drivers/STM32L0xx_HAL_Driver/Src/stm32l0xx_hal_uart.o
                0x080050a0                UART_SetConfig
 .text.UART_AdvFeatureConfig
                0x08005304       0xd0 Drivers/STM32L0xx_HAL_Driver/Src/stm32l0xx_hal_uart.o
                0x08005304                UART_AdvFeatureConfig
 .text.UART_WaitOnFlagUntilTimeout
                0x080053d4       0x5c Drivers/STM32L0xx_HAL_Driver/Src/stm32l0xx_hal_uart.o
                0x080053d4                UART_WaitOnFlagUntilTimeout
 .text.HAL_UART_Transmit
                0x08005430       0xd2 Drivers/STM32L0xx_HAL_Driver/Src/stm32l0xx_hal_uart.o
                0x08005430                HAL_UART_Transmit
 *fill*         0x08005502        0x2 
 .text.UART_CheckIdleState
                0x08005504       0x60 Drivers/STM32L0xx_HAL_Driver/Src/stm32l0xx_hal_uart.o
                0x08005504                UART_CheckIdleState
 .text.HAL_UART_Init
                0x08005564       0x64 Drivers/STM32L0xx_HAL_Driver/Src/stm32l0xx_hal_uart.o
                0x08005564                HAL_UART_Init
 .text.HAL_UARTEx_StopModeWakeUpSourceConfig
                0x080055c8       0x88 Drivers/STM32L0xx_HAL_Driver/Src/stm32l0xx_hal_uart_ex.o
                0x080055c8                HAL_UARTEx_StopModeWakeUpSourceConfig
 .text.HAL_UARTEx_EnableStopMode
                0x08005650       0x20 Drivers/STM32L0xx_HAL_Driver/Src/stm32l0xx_hal_uart_ex.o
                0x08005650                HAL_UARTEx_EnableStopMode
 .text.Reset_Handler
                0x08005670       0x50 startup/startup_stm32l072xx.o
                0x08005670                Reset_Handler
 .text.Default_Handler
                0x080056c0        0x2 startup/startup_stm32l072xx.o
                0x080056c0                TSC_IRQHandler
                0x080056c0                ADC1_COMP_IRQHandler
                0x080056c0                PVD_IRQHandler
                0x080056c0                I2C1_IRQHandler
                0x080056c0                RCC_CRS_IRQHandler
                0x080056c0                SPI1_IRQHandler
                0x080056c0                TIM6_DAC_IRQHandler
                0x080056c0                EXTI2_3_IRQHandler
                0x080056c0                I2C2_IRQHandler
                0x080056c0                DMA1_Channel4_5_6_7_IRQHandler
                0x080056c0                TIM3_IRQHandler
                0x080056c0                DMA1_Channel1_IRQHandler
                0x080056c0                USART4_5_IRQHandler
                0x080056c0                Default_Handler
                0x080056c0                TIM22_IRQHandler
                0x080056c0                TIM7_IRQHandler
                0x080056c0                USB_IRQHandler
                0x080056c0                I2C3_IRQHandler
                0x080056c0                SPI2_IRQHandler
                0x080056c0                TIM21_IRQHandler
                0x080056c0                WWDG_IRQHandler
                0x080056c0                TIM2_IRQHandler
                0x080056c0                DMA1_Channel2_3_IRQHandler
                0x080056c0                FLASH_IRQHandler
                0x080056c0                USART1_IRQHandler
                0x080056c0                RNG_LPUART1_IRQHandler
                0x080056c0                LPTIM1_IRQHandler
 *fill*         0x080056c2        0x2 
 .text.certif_tx
                0x080056c4       0xac stm32-it-sdk/Src/drivers/lorawan/core/lora-test.o
 .text.OnCertifTxNextPacketTimerEvent
                0x08005770        0x8 stm32-it-sdk/Src/drivers/lorawan/core/lora-test.o
 .text.certif_running
                0x08005778        0xc stm32-it-sdk/Src/drivers/lorawan/core/lora-test.o
                0x08005778                certif_running
 .text.certif_DownLinkIncrement
                0x08005784       0x10 stm32-it-sdk/Src/drivers/lorawan/core/lora-test.o
                0x08005784                certif_DownLinkIncrement
 .text.certif_linkCheck
                0x08005794       0x20 stm32-it-sdk/Src/drivers/lorawan/core/lora-test.o
                0x08005794                certif_linkCheck
 .text.certif_rx
                0x080057b4      0x1a0 stm32-it-sdk/Src/drivers/lorawan/core/lora-test.o
                0x080057b4                certif_rx
 .text.lorawan_driver_macProcessNotify
                0x08005954        0xc stm32-it-sdk/Src/drivers/lorawan/core/lorawan.o
                0x08005954                lorawan_driver_macProcessNotify
 .text.lorawan_driver_battery_level
                0x08005960       0x3c stm32-it-sdk/Src/drivers/lorawan/core/lorawan.o
                0x08005960                lorawan_driver_battery_level
 .text.lorawan_driver_temperature
                0x0800599c       0x12 stm32-it-sdk/Src/drivers/lorawan/core/lorawan.o
                0x0800599c                lorawan_driver_temperature
 *fill*         0x080059ae        0x2 
 .text.__convertDR
                0x080059b0       0x70 stm32-it-sdk/Src/drivers/lorawan/core/lorawan.o
 .text.lorawan_driver_loop
                0x08005a20       0x28 stm32-it-sdk/Src/drivers/lorawan/core/lorawan.o
                0x08005a20                lorawan_driver_loop
 .text.lorawan_driver_waitUntilEndOfExecution
                0x08005a48       0x10 stm32-it-sdk/Src/drivers/lorawan/core/lorawan.o
                0x08005a48                lorawan_driver_waitUntilEndOfExecution
 .text.MlmeConfirm
                0x08005a58       0x60 stm32-it-sdk/Src/drivers/lorawan/core/lorawan.o
 .text.McpsIndication
                0x08005ab8       0xa0 stm32-it-sdk/Src/drivers/lorawan/core/lorawan.o
 .text.McpsConfirm
                0x08005b58       0x68 stm32-it-sdk/Src/drivers/lorawan/core/lorawan.o
 .text.lorawan_driver_onTxNeeded
                0x08005bc0        0x2 stm32-it-sdk/Src/drivers/lorawan/core/lorawan.o
                0x08005bc0                lorawan_driver_onTxNeeded
 .text.MlmeIndication
                0x08005bc2        0xe stm32-it-sdk/Src/drivers/lorawan/core/lorawan.o
 .text.lorawan_driver_LORA_Init
                0x08005bd0      0x240 stm32-it-sdk/Src/drivers/lorawan/core/lorawan.o
                0x08005bd0                lorawan_driver_LORA_Init
 .text.lorawan_driver_LORA_Join
                0x08005e10       0xac stm32-it-sdk/Src/drivers/lorawan/core/lorawan.o
                0x08005e10                lorawan_driver_LORA_Join
 .text.lorawan_driver_LORA_Send
                0x08005ebc      0x16c stm32-it-sdk/Src/drivers/lorawan/core/lorawan.o
                0x08005ebc                lorawan_driver_LORA_Send
 .text.lorawan_driver_LORA_AddChannel
                0x08006028       0x70 stm32-it-sdk/Src/drivers/lorawan/core/lorawan.o
                0x08006028                lorawan_driver_LORA_AddChannel
 .text.lorawan_driver_LORA_GetUplinkFrameCounter
                0x08006098        0xc stm32-it-sdk/Src/drivers/lorawan/core/lorawan.o
                0x08006098                lorawan_driver_LORA_GetUplinkFrameCounter
 .text.lorawan_driver_LORA_getJoinState
                0x080060a4        0xc stm32-it-sdk/Src/drivers/lorawan/core/lorawan.o
                0x080060a4                lorawan_driver_LORA_getJoinState
 .text.xor_block
                0x080060b0       0x82 stm32-it-sdk/Src/drivers/lorawan/crypto/aes.o
 .text.copy_and_key
                0x08006132       0x84 stm32-it-sdk/Src/drivers/lorawan/crypto/aes.o
 *fill*         0x080061b6        0x2 
 .text.aes_set_key
                0x080061b8      0x108 stm32-it-sdk/Src/drivers/lorawan/crypto/aes.o
                0x080061b8                aes_set_key
 .text.aes_encrypt
                0x080062c0      0x2d4 stm32-it-sdk/Src/drivers/lorawan/crypto/aes.o
                0x080062c0                aes_encrypt
 .text.AES_CMAC_Init
                0x08006594       0x20 stm32-it-sdk/Src/drivers/lorawan/crypto/cmac.o
                0x08006594                AES_CMAC_Init
 .text.AES_CMAC_SetKey
                0x080065b4        0xe stm32-it-sdk/Src/drivers/lorawan/crypto/cmac.o
                0x080065b4                AES_CMAC_SetKey
 .text.AES_CMAC_Update
                0x080065c2       0xc8 stm32-it-sdk/Src/drivers/lorawan/crypto/cmac.o
                0x080065c2                AES_CMAC_Update
 .text.AES_CMAC_Final
                0x0800668a      0x156 stm32-it-sdk/Src/drivers/lorawan/crypto/cmac.o
                0x0800668a                AES_CMAC_Final
 .text.DummyCB  0x080067e0        0x2 stm32-it-sdk/Src/drivers/lorawan/crypto/soft-se.o
 *fill*         0x080067e2        0x2 
 .text.GetKeyByID
                0x080067e4       0x30 stm32-it-sdk/Src/drivers/lorawan/crypto/soft-se.o
                0x080067e4                GetKeyByID
 .text.ComputeCmac
                0x08006814       0x54 stm32-it-sdk/Src/drivers/lorawan/crypto/soft-se.o
                0x08006814                ComputeCmac
 .text.SecureElementInit
                0x08006868       0xe8 stm32-it-sdk/Src/drivers/lorawan/crypto/soft-se.o
                0x08006868                SecureElementInit
 .text.SecureElementRestoreNvmCtx
                0x08006950       0x1c stm32-it-sdk/Src/drivers/lorawan/crypto/soft-se.o
                0x08006950                SecureElementRestoreNvmCtx
 .text.SecureElementGetNvmCtx
                0x0800696c       0x10 stm32-it-sdk/Src/drivers/lorawan/crypto/soft-se.o
                0x0800696c                SecureElementGetNvmCtx
 .text.SecureElementComputeAesCmac
                0x0800697c       0x12 stm32-it-sdk/Src/drivers/lorawan/crypto/soft-se.o
                0x0800697c                SecureElementComputeAesCmac
 .text.SecureElementVerifyAesCmac
                0x0800698e       0x28 stm32-it-sdk/Src/drivers/lorawan/crypto/soft-se.o
                0x0800698e                SecureElementVerifyAesCmac
 *fill*         0x080069b6        0x2 
 .text.SecureElementAesEncrypt
                0x080069b8       0x6c stm32-it-sdk/Src/drivers/lorawan/crypto/soft-se.o
                0x080069b8                SecureElementAesEncrypt
 .text.SecureElementSetKey.part.2
                0x08006a24       0x74 stm32-it-sdk/Src/drivers/lorawan/crypto/soft-se.o
 .text.SecureElementSetKey
                0x08006a98       0x12 stm32-it-sdk/Src/drivers/lorawan/crypto/soft-se.o
                0x08006a98                SecureElementSetKey
 .text.SecureElementDeriveAndStoreKey
                0x08006aaa       0x60 stm32-it-sdk/Src/drivers/lorawan/crypto/soft-se.o
                0x08006aaa                SecureElementDeriveAndStoreKey
 *fill*         0x08006b0a        0x2 
 .text.OnRadioTxTimeout
                0x08006b0c       0x2c stm32-it-sdk/Src/drivers/lorawan/mac/LoRaMac.o
 .text.OnRadioRxError
                0x08006b38       0x2c stm32-it-sdk/Src/drivers/lorawan/mac/LoRaMac.o
 .text.OnRadioRxTimeout
                0x08006b64       0x2c stm32-it-sdk/Src/drivers/lorawan/mac/LoRaMac.o
 .text.LoRaMacIsBusy
                0x08006b90       0x24 stm32-it-sdk/Src/drivers/lorawan/mac/LoRaMac.o
 .text.CallNvmCtxCallback
                0x08006bb4       0x1c stm32-it-sdk/Src/drivers/lorawan/mac/LoRaMac.o
 .text.EventCryptoNvmCtxChanged
                0x08006bd0        0xa stm32-it-sdk/Src/drivers/lorawan/mac/LoRaMac.o
 .text.EventSecureElementNvmCtxChanged
                0x08006bda        0xa stm32-it-sdk/Src/drivers/lorawan/mac/LoRaMac.o
 .text.EventCommandsNvmCtxChanged
                0x08006be4        0xa stm32-it-sdk/Src/drivers/lorawan/mac/LoRaMac.o
 .text.EventClassBNvmCtxChanged
                0x08006bee        0xa stm32-it-sdk/Src/drivers/lorawan/mac/LoRaMac.o
 .text.EventConfirmQueueNvmCtxChanged
                0x08006bf8        0xa stm32-it-sdk/Src/drivers/lorawan/mac/LoRaMac.o
 .text.EventFCntHandlerNvmCtxChanged
                0x08006c02        0xa stm32-it-sdk/Src/drivers/lorawan/mac/LoRaMac.o
 .text.GetMaxAppPayloadWithoutFOptsLength
                0x08006c0c       0x34 stm32-it-sdk/Src/drivers/lorawan/mac/LoRaMac.o
 .text.OnAckTimeoutTimerEvent
                0x08006c40       0x58 stm32-it-sdk/Src/drivers/lorawan/mac/LoRaMac.o
 .text.PrepareRxDoneAbort
                0x08006c98       0x3c stm32-it-sdk/Src/drivers/lorawan/mac/LoRaMac.o
 .text.ResetMacParameters
                0x08006cd4       0xa4 stm32-it-sdk/Src/drivers/lorawan/mac/LoRaMac.o
 .text.OnRadioRxDone
                0x08006d78       0x48 stm32-it-sdk/Src/drivers/lorawan/mac/LoRaMac.o
 .text.OnRadioTxDone
                0x08006dc0       0x64 stm32-it-sdk/Src/drivers/lorawan/mac/LoRaMac.o
 .text.OnRxWindow1TimerEvent
                0x08006e24       0x98 stm32-it-sdk/Src/drivers/lorawan/mac/LoRaMac.o
 .text.StopRetransmission
                0x08006ebc       0x70 stm32-it-sdk/Src/drivers/lorawan/mac/LoRaMac.o
 .text.OnRxWindow2TimerEvent
                0x08006f2c       0x9c stm32-it-sdk/Src/drivers/lorawan/mac/LoRaMac.o
 .text.OpenContinuousRx2Window
                0x08006fc8       0x1c stm32-it-sdk/Src/drivers/lorawan/mac/LoRaMac.o
 .text.HandleRadioRxErrorTimeout
                0x08006fe4      0x10c stm32-it-sdk/Src/drivers/lorawan/mac/LoRaMac.o
 .text.unlikely.ProcessMacCommands.isra.2.constprop.6
                0x080070f0      0x534 stm32-it-sdk/Src/drivers/lorawan/mac/LoRaMac.o
 .text.PrepareFrame
                0x08007624      0x19c stm32-it-sdk/Src/drivers/lorawan/mac/LoRaMac.o
                0x08007624                PrepareFrame
 .text.SendFrameOnChannel
                0x080077c0      0x10c stm32-it-sdk/Src/drivers/lorawan/mac/LoRaMac.o
                0x080077c0                SendFrameOnChannel
 .text.ScheduleTx
                0x080078cc      0x250 stm32-it-sdk/Src/drivers/lorawan/mac/LoRaMac.o
 .text.OnTxDelayedTimerEvent
                0x08007b1c       0x64 stm32-it-sdk/Src/drivers/lorawan/mac/LoRaMac.o
 .text.Send     0x08007b80      0x13c stm32-it-sdk/Src/drivers/lorawan/mac/LoRaMac.o
                0x08007b80                Send
 .text.SendReJoinReq
                0x08007cbc       0x4c stm32-it-sdk/Src/drivers/lorawan/mac/LoRaMac.o
                0x08007cbc                SendReJoinReq
 .text.SetTxContinuousWave
                0x08007d08       0x58 stm32-it-sdk/Src/drivers/lorawan/mac/LoRaMac.o
                0x08007d08                SetTxContinuousWave
 .text.SetTxContinuousWave1
                0x08007d60       0x2c stm32-it-sdk/Src/drivers/lorawan/mac/LoRaMac.o
                0x08007d60                SetTxContinuousWave1
 .text.GetCtxs  0x08007d8c       0x80 stm32-it-sdk/Src/drivers/lorawan/mac/LoRaMac.o
                0x08007d8c                GetCtxs
 .text.RestoreCtxs
                0x08007e0c       0x94 stm32-it-sdk/Src/drivers/lorawan/mac/LoRaMac.o
                0x08007e0c                RestoreCtxs
 .text.DetermineFrameType
                0x08007ea0       0x4e stm32-it-sdk/Src/drivers/lorawan/mac/LoRaMac.o
                0x08007ea0                DetermineFrameType
 *fill*         0x08007eee        0x2 
 .text.LoRaMacProcess
                0x08007ef0      0xa00 stm32-it-sdk/Src/drivers/lorawan/mac/LoRaMac.o
                0x08007ef0                LoRaMacProcess
 .text.LoRaMacInitialization
                0x080088f0      0x3e4 stm32-it-sdk/Src/drivers/lorawan/mac/LoRaMac.o
                0x080088f0                LoRaMacInitialization
 .text.LoRaMacStart
                0x08008cd4       0x10 stm32-it-sdk/Src/drivers/lorawan/mac/LoRaMac.o
                0x08008cd4                LoRaMacStart
 .text.LoRaMacQueryTxPossible
                0x08008ce4       0xc4 stm32-it-sdk/Src/drivers/lorawan/mac/LoRaMac.o
                0x08008ce4                LoRaMacQueryTxPossible
 .text.LoRaMacMibGetRequestConfirm
                0x08008da8      0x1ac stm32-it-sdk/Src/drivers/lorawan/mac/LoRaMac.o
                0x08008da8                LoRaMacMibGetRequestConfirm
 .text.LoRaMacMibSetRequestConfirm
                0x08008f54      0x484 stm32-it-sdk/Src/drivers/lorawan/mac/LoRaMac.o
                0x08008f54                LoRaMacMibSetRequestConfirm
 .text.LoRaMacChannelAdd
                0x080093d8       0x44 stm32-it-sdk/Src/drivers/lorawan/mac/LoRaMac.o
                0x080093d8                LoRaMacChannelAdd
 .text.LoRaMacMlmeRequest
                0x0800941c      0x194 stm32-it-sdk/Src/drivers/lorawan/mac/LoRaMac.o
                0x0800941c                LoRaMacMlmeRequest
 .text.LoRaMacMcpsRequest
                0x080095b0      0x178 stm32-it-sdk/Src/drivers/lorawan/mac/LoRaMac.o
                0x080095b0                LoRaMacMcpsRequest
 .text.LoRaMacTestSetDutyCycleOn
                0x08009728       0x28 stm32-it-sdk/Src/drivers/lorawan/mac/LoRaMac.o
                0x08009728                LoRaMacTestSetDutyCycleOn
 .text.LoRaMacAdrCalcNext
                0x08009750       0xce stm32-it-sdk/Src/drivers/lorawan/mac/LoRaMacAdr.o
                0x08009750                LoRaMacAdrCalcNext
 .text.LoRaMacClassBInit
                0x0800981e        0x2 stm32-it-sdk/Src/drivers/lorawan/mac/LoRaMacClassB.o
                0x0800981e                LoRaMacClassBInit
 .text.LoRaMacClassBRestoreNvmCtx
                0x08009820        0x4 stm32-it-sdk/Src/drivers/lorawan/mac/LoRaMacClassB.o
                0x08009820                LoRaMacClassBRestoreNvmCtx
 .text.LoRaMacClassBGetNvmCtx
                0x08009824        0x8 stm32-it-sdk/Src/drivers/lorawan/mac/LoRaMacClassB.o
                0x08009824                LoRaMacClassBGetNvmCtx
 .text.LoRaMacClassBSetBeaconState
                0x0800982c        0x2 stm32-it-sdk/Src/drivers/lorawan/mac/LoRaMacClassB.o
                0x0800982c                LoRaMacClassBSetBeaconState
 .text.LoRaMacClassBSetPingSlotState
                0x0800982e        0x2 stm32-it-sdk/Src/drivers/lorawan/mac/LoRaMacClassB.o
                0x0800982e                LoRaMacClassBSetPingSlotState
 .text.LoRaMacClassBSetMulticastSlotState
                0x08009830        0x2 stm32-it-sdk/Src/drivers/lorawan/mac/LoRaMacClassB.o
                0x08009830                LoRaMacClassBSetMulticastSlotState
 .text.LoRaMacClassBIsAcquisitionInProgress
                0x08009832        0x4 stm32-it-sdk/Src/drivers/lorawan/mac/LoRaMacClassB.o
                0x08009832                LoRaMacClassBIsAcquisitionInProgress
 .text.LoRaMacClassBBeaconTimerEvent
                0x08009836        0x2 stm32-it-sdk/Src/drivers/lorawan/mac/LoRaMacClassB.o
                0x08009836                LoRaMacClassBBeaconTimerEvent
 .text.LoRaMacClassBPingSlotTimerEvent
                0x08009838        0x2 stm32-it-sdk/Src/drivers/lorawan/mac/LoRaMacClassB.o
                0x08009838                LoRaMacClassBPingSlotTimerEvent
 .text.LoRaMacClassBMulticastSlotTimerEvent
                0x0800983a        0x2 stm32-it-sdk/Src/drivers/lorawan/mac/LoRaMacClassB.o
                0x0800983a                LoRaMacClassBMulticastSlotTimerEvent
 .text.LoRaMacClassBRxBeacon
                0x0800983c        0x4 stm32-it-sdk/Src/drivers/lorawan/mac/LoRaMacClassB.o
                0x0800983c                LoRaMacClassBRxBeacon
 .text.LoRaMacClassBIsBeaconExpected
                0x08009840        0x4 stm32-it-sdk/Src/drivers/lorawan/mac/LoRaMacClassB.o
                0x08009840                LoRaMacClassBIsBeaconExpected
 .text.LoRaMacClassBIsPingExpected
                0x08009844        0x4 stm32-it-sdk/Src/drivers/lorawan/mac/LoRaMacClassB.o
                0x08009844                LoRaMacClassBIsPingExpected
 .text.LoRaMacClassBIsMulticastExpected
                0x08009848        0x4 stm32-it-sdk/Src/drivers/lorawan/mac/LoRaMacClassB.o
                0x08009848                LoRaMacClassBIsMulticastExpected
 .text.LoRaMacClassBIsBeaconModeActive
                0x0800984c        0x4 stm32-it-sdk/Src/drivers/lorawan/mac/LoRaMacClassB.o
                0x0800984c                LoRaMacClassBIsBeaconModeActive
 .text.LoRaMacClassBSetPingSlotInfo
                0x08009850        0x2 stm32-it-sdk/Src/drivers/lorawan/mac/LoRaMacClassB.o
                0x08009850                LoRaMacClassBSetPingSlotInfo
 .text.LoRaMacClassBHaltBeaconing
                0x08009852        0x2 stm32-it-sdk/Src/drivers/lorawan/mac/LoRaMacClassB.o
                0x08009852                LoRaMacClassBHaltBeaconing
 .text.LoRaMacClassBResumeBeaconing
                0x08009854        0x2 stm32-it-sdk/Src/drivers/lorawan/mac/LoRaMacClassB.o
                0x08009854                LoRaMacClassBResumeBeaconing
 .text.LoRaMacClassBSwitchClass
                0x08009856        0x4 stm32-it-sdk/Src/drivers/lorawan/mac/LoRaMacClassB.o
                0x08009856                LoRaMacClassBSwitchClass
 .text.LoRaMacClassBMibGetRequestConfirm
                0x0800985a        0x4 stm32-it-sdk/Src/drivers/lorawan/mac/LoRaMacClassB.o
                0x0800985a                LoRaMacClassBMibGetRequestConfirm
 .text.LoRaMacMibClassBSetRequestConfirm
                0x0800985e        0x4 stm32-it-sdk/Src/drivers/lorawan/mac/LoRaMacClassB.o
                0x0800985e                LoRaMacMibClassBSetRequestConfirm
 .text.LoRaMacClassBPingSlotInfoAns
                0x08009862        0x2 stm32-it-sdk/Src/drivers/lorawan/mac/LoRaMacClassB.o
                0x08009862                LoRaMacClassBPingSlotInfoAns
 .text.LoRaMacClassBPingSlotChannelReq
                0x08009864        0x4 stm32-it-sdk/Src/drivers/lorawan/mac/LoRaMacClassB.o
                0x08009864                LoRaMacClassBPingSlotChannelReq
 .text.LoRaMacClassBBeaconTimingAns
                0x08009868        0x2 stm32-it-sdk/Src/drivers/lorawan/mac/LoRaMacClassB.o
                0x08009868                LoRaMacClassBBeaconTimingAns
 .text.LoRaMacClassBDeviceTimeAns
                0x0800986a        0x2 stm32-it-sdk/Src/drivers/lorawan/mac/LoRaMacClassB.o
                0x0800986a                LoRaMacClassBDeviceTimeAns
 .text.LoRaMacClassBBeaconFreqReq
                0x0800986c        0x4 stm32-it-sdk/Src/drivers/lorawan/mac/LoRaMacClassB.o
                0x0800986c                LoRaMacClassBBeaconFreqReq
 .text.LoRaMacClassBIsUplinkCollision
                0x08009870        0x4 stm32-it-sdk/Src/drivers/lorawan/mac/LoRaMacClassB.o
                0x08009870                LoRaMacClassBIsUplinkCollision
 .text.LoRaMacClassBStopRxSlots
                0x08009874        0x2 stm32-it-sdk/Src/drivers/lorawan/mac/LoRaMacClassB.o
                0x08009874                LoRaMacClassBStopRxSlots
 .text.LoRaMacClassBProcess
                0x08009876        0x2 stm32-it-sdk/Src/drivers/lorawan/mac/LoRaMacClassB.o
                0x08009876                LoRaMacClassBProcess
 .text.NvmCtxCallback
                0x08009878       0x14 stm32-it-sdk/Src/drivers/lorawan/mac/LoRaMacCommands.o
 .text.isSlotFree
                0x0800988c       0x18 stm32-it-sdk/Src/drivers/lorawan/mac/LoRaMacCommands.o
                0x0800988c                isSlotFree
 .text.mallocNewMacCommandSlot
                0x080098a4       0x28 stm32-it-sdk/Src/drivers/lorawan/mac/LoRaMacCommands.o
                0x080098a4                mallocNewMacCommandSlot
 .text.freeMacCommandSlot
                0x080098cc       0x14 stm32-it-sdk/Src/drivers/lorawan/mac/LoRaMacCommands.o
                0x080098cc                freeMacCommandSlot
 .text.LoRaMacCommandsInit
                0x080098e0       0x24 stm32-it-sdk/Src/drivers/lorawan/mac/LoRaMacCommands.o
                0x080098e0                LoRaMacCommandsInit
 .text.LoRaMacCommandsRestoreNvmCtx
                0x08009904       0x1c stm32-it-sdk/Src/drivers/lorawan/mac/LoRaMacCommands.o
                0x08009904                LoRaMacCommandsRestoreNvmCtx
 .text.LoRaMacCommandsGetNvmCtx
                0x08009920        0xc stm32-it-sdk/Src/drivers/lorawan/mac/LoRaMacCommands.o
                0x08009920                LoRaMacCommandsGetNvmCtx
 .text.LoRaMacCommandsAddCmd
                0x0800992c       0x70 stm32-it-sdk/Src/drivers/lorawan/mac/LoRaMacCommands.o
                0x0800992c                LoRaMacCommandsAddCmd
 .text.LoRaMacCommandsRemoveCmd
                0x0800999c       0x5c stm32-it-sdk/Src/drivers/lorawan/mac/LoRaMacCommands.o
                0x0800999c                LoRaMacCommandsRemoveCmd
 .text.LoRaMacCommandsRemoveNoneStickyCmds
                0x080099f8       0x28 stm32-it-sdk/Src/drivers/lorawan/mac/LoRaMacCommands.o
                0x080099f8                LoRaMacCommandsRemoveNoneStickyCmds
 .text.LoRaMacCommandsRemoveStickyAnsCmds
                0x08009a20       0x38 stm32-it-sdk/Src/drivers/lorawan/mac/LoRaMacCommands.o
                0x08009a20                LoRaMacCommandsRemoveStickyAnsCmds
 .text.LoRaMacCommandsGetSizeSerializedCmds
                0x08009a58       0x18 stm32-it-sdk/Src/drivers/lorawan/mac/LoRaMacCommands.o
                0x08009a58                LoRaMacCommandsGetSizeSerializedCmds
 .text.LoRaMacCommandsSerializeCmds
                0x08009a70       0x4c stm32-it-sdk/Src/drivers/lorawan/mac/LoRaMacCommands.o
                0x08009a70                LoRaMacCommandsSerializeCmds
 .text.LoRaMacCommandsStickyCmdsPending
                0x08009abc       0x2c stm32-it-sdk/Src/drivers/lorawan/mac/LoRaMacCommands.o
                0x08009abc                LoRaMacCommandsStickyCmdsPending
 .text.LoRaMacConfirmQueueInit
                0x08009ae8       0x30 stm32-it-sdk/Src/drivers/lorawan/mac/LoRaMacConfirmQueue.o
                0x08009ae8                LoRaMacConfirmQueueInit
 .text.LoRaMacConfirmQueueRestoreNvmCtx
                0x08009b18       0x1c stm32-it-sdk/Src/drivers/lorawan/mac/LoRaMacConfirmQueue.o
                0x08009b18                LoRaMacConfirmQueueRestoreNvmCtx
 .text.LoRaMacConfirmQueueGetNvmCtx
                0x08009b34       0x10 stm32-it-sdk/Src/drivers/lorawan/mac/LoRaMacConfirmQueue.o
                0x08009b34                LoRaMacConfirmQueueGetNvmCtx
 .text.LoRaMacConfirmQueueAdd
                0x08009b44       0x3c stm32-it-sdk/Src/drivers/lorawan/mac/LoRaMacConfirmQueue.o
                0x08009b44                LoRaMacConfirmQueueAdd
 .text.LoRaMacConfirmQueueRemoveFirst
                0x08009b80       0x2c stm32-it-sdk/Src/drivers/lorawan/mac/LoRaMacConfirmQueue.o
                0x08009b80                LoRaMacConfirmQueueRemoveFirst
 .text.LoRaMacConfirmQueueSetStatus
                0x08009bac       0x38 stm32-it-sdk/Src/drivers/lorawan/mac/LoRaMacConfirmQueue.o
                0x08009bac                LoRaMacConfirmQueueSetStatus
 .text.LoRaMacConfirmQueueGetStatus
                0x08009be4       0x3c stm32-it-sdk/Src/drivers/lorawan/mac/LoRaMacConfirmQueue.o
                0x08009be4                LoRaMacConfirmQueueGetStatus
 .text.LoRaMacConfirmQueueSetStatusCmn
                0x08009c20       0x38 stm32-it-sdk/Src/drivers/lorawan/mac/LoRaMacConfirmQueue.o
                0x08009c20                LoRaMacConfirmQueueSetStatusCmn
 .text.LoRaMacConfirmQueueGetStatusCmn
                0x08009c58        0xc stm32-it-sdk/Src/drivers/lorawan/mac/LoRaMacConfirmQueue.o
                0x08009c58                LoRaMacConfirmQueueGetStatusCmn
 .text.LoRaMacConfirmQueueIsCmdActive
                0x08009c64       0x30 stm32-it-sdk/Src/drivers/lorawan/mac/LoRaMacConfirmQueue.o
                0x08009c64                LoRaMacConfirmQueueIsCmdActive
 .text.LoRaMacConfirmQueueHandleCb
                0x08009c94       0x58 stm32-it-sdk/Src/drivers/lorawan/mac/LoRaMacConfirmQueue.o
                0x08009c94                LoRaMacConfirmQueueHandleCb
 .text.LoRaMacConfirmQueueGetCnt
                0x08009cec        0xc stm32-it-sdk/Src/drivers/lorawan/mac/LoRaMacConfirmQueue.o
                0x08009cec                LoRaMacConfirmQueueGetCnt
 .text.LoRaMacConfirmQueueIsFull
                0x08009cf8       0x14 stm32-it-sdk/Src/drivers/lorawan/mac/LoRaMacConfirmQueue.o
                0x08009cf8                LoRaMacConfirmQueueIsFull
 .text.DummyCB  0x08009d0c        0x2 stm32-it-sdk/Src/drivers/lorawan/mac/LoRaMacCrypto.o
 *fill*         0x08009d0e        0x2 
 .text.DeriveLifeTimeSessionKey
                0x08009d10       0x4c stm32-it-sdk/Src/drivers/lorawan/mac/LoRaMacCrypto.o
 .text.PayloadEncrypt
                0x08009d5c       0xca stm32-it-sdk/Src/drivers/lorawan/mac/LoRaMacCrypto.o
 .text.FOptsEncrypt
                0x08009e26       0x9a stm32-it-sdk/Src/drivers/lorawan/mac/LoRaMacCrypto.o
 .text.DeriveSessionKey11x
                0x08009ec0       0x90 stm32-it-sdk/Src/drivers/lorawan/mac/LoRaMacCrypto.o
 .text.DeriveSessionKey10x
                0x08009f50       0x6c stm32-it-sdk/Src/drivers/lorawan/mac/LoRaMacCrypto.o
 .text.ComputeCmacB1.constprop.5
                0x08009fbc       0xb0 stm32-it-sdk/Src/drivers/lorawan/mac/LoRaMacCrypto.o
 .text.VerifyCmacB0.constprop.6
                0x0800a06c       0xac stm32-it-sdk/Src/drivers/lorawan/mac/LoRaMacCrypto.o
 .text.ComputeCmacB0.part.4.constprop.8
                0x0800a118       0x90 stm32-it-sdk/Src/drivers/lorawan/mac/LoRaMacCrypto.o
 .text.ResetFCnts
                0x0800a1a8       0x24 stm32-it-sdk/Src/drivers/lorawan/mac/LoRaMacCrypto.o
                0x0800a1a8                ResetFCnts
 .text.LoRaMacCryptoInit
                0x0800a1cc       0x58 stm32-it-sdk/Src/drivers/lorawan/mac/LoRaMacCrypto.o
                0x0800a1cc                LoRaMacCryptoInit
 .text.LoRaMacCryptoSetLrWanVersion
                0x0800a224        0xc stm32-it-sdk/Src/drivers/lorawan/mac/LoRaMacCrypto.o
                0x0800a224                LoRaMacCryptoSetLrWanVersion
 .text.LoRaMacCryptoRestoreNvmCtx
                0x0800a230       0x1c stm32-it-sdk/Src/drivers/lorawan/mac/LoRaMacCrypto.o
                0x0800a230                LoRaMacCryptoRestoreNvmCtx
 .text.LoRaMacCryptoGetNvmCtx
                0x0800a24c       0x10 stm32-it-sdk/Src/drivers/lorawan/mac/LoRaMacCrypto.o
                0x0800a24c                LoRaMacCryptoGetNvmCtx
 .text.LoRaMacCryptoSetKey
                0x0800a25c       0x12 stm32-it-sdk/Src/drivers/lorawan/mac/LoRaMacCrypto.o
                0x0800a25c                LoRaMacCryptoSetKey
 *fill*         0x0800a26e        0x2 
 .text.LoRaMacCryptoPrepareJoinRequest
                0x0800a270       0x70 stm32-it-sdk/Src/drivers/lorawan/mac/LoRaMacCrypto.o
                0x0800a270                LoRaMacCryptoPrepareJoinRequest
 .text.LoRaMacCryptoHandleJoinAccept
                0x0800a2e0      0x1c4 stm32-it-sdk/Src/drivers/lorawan/mac/LoRaMacCrypto.o
                0x0800a2e0                LoRaMacCryptoHandleJoinAccept
 .text.LoRaMacCryptoSecureMessage
                0x0800a4a4      0x140 stm32-it-sdk/Src/drivers/lorawan/mac/LoRaMacCrypto.o
                0x0800a4a4                LoRaMacCryptoSecureMessage
 .text.LoRaMacCryptoUnsecureMessage
                0x0800a5e4      0x154 stm32-it-sdk/Src/drivers/lorawan/mac/LoRaMacCrypto.o
                0x0800a5e4                LoRaMacCryptoUnsecureMessage
 .text.NvmCtxChanged
                0x0800a738       0x14 stm32-it-sdk/Src/drivers/lorawan/mac/LoRaMacFCntHandler.o
 .text.LoRaMacFCntHandlerRestoreNvmCtx
                0x0800a74c       0x1c stm32-it-sdk/Src/drivers/lorawan/mac/LoRaMacFCntHandler.o
                0x0800a74c                LoRaMacFCntHandlerRestoreNvmCtx
 .text.LoRaMacFCntHandlerGetNvmCtx
                0x0800a768       0x10 stm32-it-sdk/Src/drivers/lorawan/mac/LoRaMacFCntHandler.o
                0x0800a768                LoRaMacFCntHandlerGetNvmCtx
 .text.LoRaMacGetFCntDown
                0x0800a778       0xbc stm32-it-sdk/Src/drivers/lorawan/mac/LoRaMacFCntHandler.o
                0x0800a778                LoRaMacGetFCntDown
 .text.LoRaMacSetFCntDown
                0x0800a834       0x50 stm32-it-sdk/Src/drivers/lorawan/mac/LoRaMacFCntHandler.o
                0x0800a834                LoRaMacSetFCntDown
 .text.LoRaMacGetFCntUp
                0x0800a884       0x18 stm32-it-sdk/Src/drivers/lorawan/mac/LoRaMacFCntHandler.o
                0x0800a884                LoRaMacGetFCntUp
 .text.LoRaMacSetFCntUp
                0x0800a89c       0x14 stm32-it-sdk/Src/drivers/lorawan/mac/LoRaMacFCntHandler.o
                0x0800a89c                LoRaMacSetFCntUp
 .text.LoRaMacResetFCnts
                0x0800a8b0       0x28 stm32-it-sdk/Src/drivers/lorawan/mac/LoRaMacFCntHandler.o
                0x0800a8b0                LoRaMacResetFCnts
 .text.LoRaMacFCntHandlerInit
                0x0800a8d8       0x14 stm32-it-sdk/Src/drivers/lorawan/mac/LoRaMacFCntHandler.o
                0x0800a8d8                LoRaMacFCntHandlerInit
 .text.LoRaMacFCntHandlerSetMulticastReference
                0x0800a8ec       0x28 stm32-it-sdk/Src/drivers/lorawan/mac/LoRaMacFCntHandler.o
                0x0800a8ec                LoRaMacFCntHandlerSetMulticastReference
 .text.LoRaMacParserJoinAccept
                0x0800a914       0x98 stm32-it-sdk/Src/drivers/lorawan/mac/LoRaMacParser.o
                0x0800a914                LoRaMacParserJoinAccept
 .text.LoRaMacParserData
                0x0800a9ac       0xb6 stm32-it-sdk/Src/drivers/lorawan/mac/LoRaMacParser.o
                0x0800a9ac                LoRaMacParserData
 .text.LoRaMacSerializerJoinRequest
                0x0800aa62       0x6a stm32-it-sdk/Src/drivers/lorawan/mac/LoRaMacSerializer.o
                0x0800aa62                LoRaMacSerializerJoinRequest
 .text.LoRaMacSerializerData
                0x0800aacc       0xdc stm32-it-sdk/Src/drivers/lorawan/mac/LoRaMacSerializer.o
                0x0800aacc                LoRaMacSerializerData
 .text.RegionIsActive
                0x0800aba8        0xc stm32-it-sdk/Src/drivers/lorawan/mac/region/Region.o
                0x0800aba8                RegionIsActive
 .text.RegionGetPhyParam
                0x0800abb4       0x6e stm32-it-sdk/Src/drivers/lorawan/mac/region/Region.o
                0x0800abb4                RegionGetPhyParam
 .text.RegionSetBandTxDone
                0x0800ac22       0x64 stm32-it-sdk/Src/drivers/lorawan/mac/region/Region.o
                0x0800ac22                RegionSetBandTxDone
 .text.RegionInitDefaults
                0x0800ac86       0x64 stm32-it-sdk/Src/drivers/lorawan/mac/region/Region.o
                0x0800ac86                RegionInitDefaults
 .text.RegionGetNvmCtx
                0x0800acea       0x6a stm32-it-sdk/Src/drivers/lorawan/mac/region/Region.o
                0x0800acea                RegionGetNvmCtx
 .text.RegionVerify
                0x0800ad54       0x6e stm32-it-sdk/Src/drivers/lorawan/mac/region/Region.o
                0x0800ad54                RegionVerify
 .text.RegionApplyCFList
                0x0800adc2       0x64 stm32-it-sdk/Src/drivers/lorawan/mac/region/Region.o
                0x0800adc2                RegionApplyCFList
 .text.RegionChanMaskSet
                0x0800ae26       0x6a stm32-it-sdk/Src/drivers/lorawan/mac/region/Region.o
                0x0800ae26                RegionChanMaskSet
 .text.RegionComputeRxWindowParameters
                0x0800ae90       0x6c stm32-it-sdk/Src/drivers/lorawan/mac/region/Region.o
                0x0800ae90                RegionComputeRxWindowParameters
 .text.RegionRxConfig
                0x0800aefc       0x6e stm32-it-sdk/Src/drivers/lorawan/mac/region/Region.o
                0x0800aefc                RegionRxConfig
 .text.RegionTxConfig
                0x0800af6a       0x70 stm32-it-sdk/Src/drivers/lorawan/mac/region/Region.o
                0x0800af6a                RegionTxConfig
 .text.RegionLinkAdrReq
                0x0800afda       0x76 stm32-it-sdk/Src/drivers/lorawan/mac/region/Region.o
                0x0800afda                RegionLinkAdrReq
 .text.RegionRxParamSetupReq
                0x0800b050       0x6a stm32-it-sdk/Src/drivers/lorawan/mac/region/Region.o
                0x0800b050                RegionRxParamSetupReq
 .text.RegionNewChannelReq
                0x0800b0ba       0x6a stm32-it-sdk/Src/drivers/lorawan/mac/region/Region.o
                0x0800b0ba                RegionNewChannelReq
 .text.RegionTxParamSetupReq
                0x0800b124       0x6a stm32-it-sdk/Src/drivers/lorawan/mac/region/Region.o
                0x0800b124                RegionTxParamSetupReq
 .text.RegionDlChannelReq
                0x0800b18e       0x6a stm32-it-sdk/Src/drivers/lorawan/mac/region/Region.o
                0x0800b18e                RegionDlChannelReq
 .text.RegionAlternateDr
                0x0800b1f8       0x6e stm32-it-sdk/Src/drivers/lorawan/mac/region/Region.o
                0x0800b1f8                RegionAlternateDr
 .text.RegionCalcBackOff
                0x0800b266       0x64 stm32-it-sdk/Src/drivers/lorawan/mac/region/Region.o
                0x0800b266                RegionCalcBackOff
 .text.RegionNextChannel
                0x0800b2ca       0x72 stm32-it-sdk/Src/drivers/lorawan/mac/region/Region.o
                0x0800b2ca                RegionNextChannel
 .text.RegionChannelAdd
                0x0800b33c       0x6a stm32-it-sdk/Src/drivers/lorawan/mac/region/Region.o
                0x0800b33c                RegionChannelAdd
 .text.RegionSetContinuousWave
                0x0800b3a6       0x64 stm32-it-sdk/Src/drivers/lorawan/mac/region/Region.o
                0x0800b3a6                RegionSetContinuousWave
 .text.RegionApplyDrOffset
                0x0800b40a       0x70 stm32-it-sdk/Src/drivers/lorawan/mac/region/Region.o
                0x0800b40a                RegionApplyDrOffset
 *fill*         0x0800b47a        0x2 
 .text.VerifyRfFreq
                0x0800b47c       0x2c stm32-it-sdk/Src/drivers/lorawan/mac/region/RegionAS923.o
 .text.RegionAS923GetPhyParam
                0x0800b4a8      0x140 stm32-it-sdk/Src/drivers/lorawan/mac/region/RegionAS923.o
                0x0800b4a8                RegionAS923GetPhyParam
 .text.RegionAS923SetBandTxDone
                0x0800b5e8       0x24 stm32-it-sdk/Src/drivers/lorawan/mac/region/RegionAS923.o
                0x0800b5e8                RegionAS923SetBandTxDone
 .text.RegionAS923InitDefaults
                0x0800b60c       0x84 stm32-it-sdk/Src/drivers/lorawan/mac/region/RegionAS923.o
                0x0800b60c                RegionAS923InitDefaults
 .text.RegionAS923GetNvmCtx
                0x0800b690        0xc stm32-it-sdk/Src/drivers/lorawan/mac/region/RegionAS923.o
                0x0800b690                RegionAS923GetNvmCtx
 .text.RegionAS923Verify
                0x0800b69c       0x4e stm32-it-sdk/Src/drivers/lorawan/mac/region/RegionAS923.o
                0x0800b69c                RegionAS923Verify
 *fill*         0x0800b6ea        0x2 
 .text.RegionAS923ChanMaskSet
                0x0800b6ec       0x30 stm32-it-sdk/Src/drivers/lorawan/mac/region/RegionAS923.o
                0x0800b6ec                RegionAS923ChanMaskSet
 .text.RegionAS923ComputeRxWindowParameters
                0x0800b71c       0x84 stm32-it-sdk/Src/drivers/lorawan/mac/region/RegionAS923.o
                0x0800b71c                RegionAS923ComputeRxWindowParameters
 .text.RegionAS923RxConfig
                0x0800b7a0       0xe8 stm32-it-sdk/Src/drivers/lorawan/mac/region/RegionAS923.o
                0x0800b7a0                RegionAS923RxConfig
 .text.RegionAS923TxConfig
                0x0800b888      0x118 stm32-it-sdk/Src/drivers/lorawan/mac/region/RegionAS923.o
                0x0800b888                RegionAS923TxConfig
 .text.RegionAS923LinkAdrReq
                0x0800b9a0      0x14c stm32-it-sdk/Src/drivers/lorawan/mac/region/RegionAS923.o
                0x0800b9a0                RegionAS923LinkAdrReq
 .text.RegionAS923RxParamSetupReq
                0x0800baec       0x3e stm32-it-sdk/Src/drivers/lorawan/mac/region/RegionAS923.o
                0x0800baec                RegionAS923RxParamSetupReq
 .text.RegionAS923TxParamSetupReq
                0x0800bb2a        0x4 stm32-it-sdk/Src/drivers/lorawan/mac/region/RegionAS923.o
                0x0800bb2a                RegionAS923TxParamSetupReq
 *fill*         0x0800bb2e        0x2 
 .text.RegionAS923DlChannelReq
                0x0800bb30       0x38 stm32-it-sdk/Src/drivers/lorawan/mac/region/RegionAS923.o
                0x0800bb30                RegionAS923DlChannelReq
 .text.RegionAS923AlternateDr
                0x0800bb68        0x4 stm32-it-sdk/Src/drivers/lorawan/mac/region/RegionAS923.o
                0x0800bb68                RegionAS923AlternateDr
 .text.RegionAS923CalcBackOff
                0x0800bb6c       0x38 stm32-it-sdk/Src/drivers/lorawan/mac/region/RegionAS923.o
                0x0800bb6c                RegionAS923CalcBackOff
 .text.RegionAS923NextChannel
                0x0800bba4      0x168 stm32-it-sdk/Src/drivers/lorawan/mac/region/RegionAS923.o
                0x0800bba4                RegionAS923NextChannel
 .text.RegionAS923ChannelAdd
                0x0800bd0c       0x98 stm32-it-sdk/Src/drivers/lorawan/mac/region/RegionAS923.o
                0x0800bd0c                RegionAS923ChannelAdd
 .text.RegionAS923ChannelsRemove
                0x0800bda4       0x30 stm32-it-sdk/Src/drivers/lorawan/mac/region/RegionAS923.o
                0x0800bda4                RegionAS923ChannelsRemove
 .text.RegionAS923ApplyCFList
                0x0800bdd4       0x72 stm32-it-sdk/Src/drivers/lorawan/mac/region/RegionAS923.o
                0x0800bdd4                RegionAS923ApplyCFList
 .text.RegionAS923NewChannelReq
                0x0800be46       0x44 stm32-it-sdk/Src/drivers/lorawan/mac/region/RegionAS923.o
                0x0800be46                RegionAS923NewChannelReq
 *fill*         0x0800be8a        0x2 
 .text.RegionAS923SetContinuousWave
                0x0800be8c       0x4c stm32-it-sdk/Src/drivers/lorawan/mac/region/RegionAS923.o
                0x0800be8c                RegionAS923SetContinuousWave
 .text.RegionAS923ApplyDrOffset
                0x0800bed8       0x24 stm32-it-sdk/Src/drivers/lorawan/mac/region/RegionAS923.o
                0x0800bed8                RegionAS923ApplyDrOffset
 .text.RegionAU915GetPhyParam
                0x0800befc      0x160 stm32-it-sdk/Src/drivers/lorawan/mac/region/RegionAU915.o
                0x0800befc                RegionAU915GetPhyParam
 .text.RegionAU915SetBandTxDone
                0x0800c05c       0x24 stm32-it-sdk/Src/drivers/lorawan/mac/region/RegionAU915.o
                0x0800c05c                RegionAU915SetBandTxDone
 .text.RegionAU915InitDefaults
                0x0800c080       0xfc stm32-it-sdk/Src/drivers/lorawan/mac/region/RegionAU915.o
                0x0800c080                RegionAU915InitDefaults
 .text.RegionAU915GetNvmCtx
                0x0800c17c       0x10 stm32-it-sdk/Src/drivers/lorawan/mac/region/RegionAU915.o
                0x0800c17c                RegionAU915GetNvmCtx
 .text.RegionAU915Verify
                0x0800c18c       0x4c stm32-it-sdk/Src/drivers/lorawan/mac/region/RegionAU915.o
                0x0800c18c                RegionAU915Verify
 .text.RegionAU915ApplyCFList
                0x0800c1d8       0x50 stm32-it-sdk/Src/drivers/lorawan/mac/region/RegionAU915.o
                0x0800c1d8                RegionAU915ApplyCFList
 .text.RegionAU915ChanMaskSet
                0x0800c228       0x64 stm32-it-sdk/Src/drivers/lorawan/mac/region/RegionAU915.o
                0x0800c228                RegionAU915ChanMaskSet
 .text.RegionAU915ComputeRxWindowParameters
                0x0800c28c       0x78 stm32-it-sdk/Src/drivers/lorawan/mac/region/RegionAU915.o
                0x0800c28c                RegionAU915ComputeRxWindowParameters
 .text.RegionAU915RxConfig
                0x0800c304       0xa8 stm32-it-sdk/Src/drivers/lorawan/mac/region/RegionAU915.o
                0x0800c304                RegionAU915RxConfig
 .text.RegionAU915TxConfig
                0x0800c3ac       0xe8 stm32-it-sdk/Src/drivers/lorawan/mac/region/RegionAU915.o
                0x0800c3ac                RegionAU915TxConfig
 .text.RegionAU915LinkAdrReq
                0x0800c494      0x208 stm32-it-sdk/Src/drivers/lorawan/mac/region/RegionAU915.o
                0x0800c494                RegionAU915LinkAdrReq
 .text.RegionAU915RxParamSetupReq
                0x0800c69c       0x78 stm32-it-sdk/Src/drivers/lorawan/mac/region/RegionAU915.o
                0x0800c69c                RegionAU915RxParamSetupReq
 .text.RegionAU915NewChannelReq
                0x0800c714        0x4 stm32-it-sdk/Src/drivers/lorawan/mac/region/RegionAU915.o
                0x0800c714                RegionAU915NewChannelReq
 .text.RegionAU915TxParamSetupReq
                0x0800c718        0x4 stm32-it-sdk/Src/drivers/lorawan/mac/region/RegionAU915.o
                0x0800c718                RegionAU915TxParamSetupReq
 .text.RegionAU915DlChannelReq
                0x0800c71c        0x4 stm32-it-sdk/Src/drivers/lorawan/mac/region/RegionAU915.o
                0x0800c71c                RegionAU915DlChannelReq
 .text.RegionAU915AlternateDr
                0x0800c720       0x24 stm32-it-sdk/Src/drivers/lorawan/mac/region/RegionAU915.o
                0x0800c720                RegionAU915AlternateDr
 .text.RegionAU915CalcBackOff
                0x0800c744       0x38 stm32-it-sdk/Src/drivers/lorawan/mac/region/RegionAU915.o
                0x0800c744                RegionAU915CalcBackOff
 .text.RegionAU915NextChannel
                0x0800c77c      0x15c stm32-it-sdk/Src/drivers/lorawan/mac/region/RegionAU915.o
                0x0800c77c                RegionAU915NextChannel
 .text.RegionAU915ChannelAdd
                0x0800c8d8        0x4 stm32-it-sdk/Src/drivers/lorawan/mac/region/RegionAU915.o
                0x0800c8d8                RegionAU915ChannelAdd
 .text.RegionAU915SetContinuousWave
                0x0800c8dc       0x4c stm32-it-sdk/Src/drivers/lorawan/mac/region/RegionAU915.o
                0x0800c8dc                RegionAU915SetContinuousWave
 .text.RegionAU915ApplyDrOffset
                0x0800c928       0x20 stm32-it-sdk/Src/drivers/lorawan/mac/region/RegionAU915.o
                0x0800c928                RegionAU915ApplyDrOffset
 .text.RegionCN470GetPhyParam
                0x0800c948      0x110 stm32-it-sdk/Src/drivers/lorawan/mac/region/RegionCN470.o
                0x0800c948                RegionCN470GetPhyParam
 .text.RegionCN470SetBandTxDone
                0x0800ca58       0x24 stm32-it-sdk/Src/drivers/lorawan/mac/region/RegionCN470.o
                0x0800ca58                RegionCN470SetBandTxDone
 .text.RegionCN470InitDefaults
                0x0800ca7c       0x98 stm32-it-sdk/Src/drivers/lorawan/mac/region/RegionCN470.o
                0x0800ca7c                RegionCN470InitDefaults
 .text.RegionCN470GetNvmCtx
                0x0800cb14       0x10 stm32-it-sdk/Src/drivers/lorawan/mac/region/RegionCN470.o
                0x0800cb14                RegionCN470GetNvmCtx
 .text.RegionCN470Verify
                0x0800cb24       0x34 stm32-it-sdk/Src/drivers/lorawan/mac/region/RegionCN470.o
                0x0800cb24                RegionCN470Verify
 .text.RegionCN470ApplyCFList
                0x0800cb58       0x38 stm32-it-sdk/Src/drivers/lorawan/mac/region/RegionCN470.o
                0x0800cb58                RegionCN470ApplyCFList
 .text.RegionCN470ChanMaskSet
                0x0800cb90       0x30 stm32-it-sdk/Src/drivers/lorawan/mac/region/RegionCN470.o
                0x0800cb90                RegionCN470ChanMaskSet
 .text.RegionCN470ComputeRxWindowParameters
                0x0800cbc0       0x78 stm32-it-sdk/Src/drivers/lorawan/mac/region/RegionCN470.o
                0x0800cbc0                RegionCN470ComputeRxWindowParameters
 .text.RegionCN470RxConfig
                0x0800cc38       0xb4 stm32-it-sdk/Src/drivers/lorawan/mac/region/RegionCN470.o
                0x0800cc38                RegionCN470RxConfig
 .text.RegionCN470TxConfig
                0x0800ccec       0xbc stm32-it-sdk/Src/drivers/lorawan/mac/region/RegionCN470.o
                0x0800ccec                RegionCN470TxConfig
 .text.RegionCN470LinkAdrReq
                0x0800cda8      0x10c stm32-it-sdk/Src/drivers/lorawan/mac/region/RegionCN470.o
                0x0800cda8                RegionCN470LinkAdrReq
 .text.RegionCN470RxParamSetupReq
                0x0800ceb4       0x68 stm32-it-sdk/Src/drivers/lorawan/mac/region/RegionCN470.o
                0x0800ceb4                RegionCN470RxParamSetupReq
 .text.RegionCN470NewChannelReq
                0x0800cf1c        0x4 stm32-it-sdk/Src/drivers/lorawan/mac/region/RegionCN470.o
                0x0800cf1c                RegionCN470NewChannelReq
 .text.RegionCN470TxParamSetupReq
                0x0800cf20        0x6 stm32-it-sdk/Src/drivers/lorawan/mac/region/RegionCN470.o
                0x0800cf20                RegionCN470TxParamSetupReq
 .text.RegionCN470DlChannelReq
                0x0800cf26        0x4 stm32-it-sdk/Src/drivers/lorawan/mac/region/RegionCN470.o
                0x0800cf26                RegionCN470DlChannelReq
 .text.RegionCN470AlternateDr
                0x0800cf2a        0x2 stm32-it-sdk/Src/drivers/lorawan/mac/region/RegionCN470.o
                0x0800cf2a                RegionCN470AlternateDr
 .text.RegionCN470CalcBackOff
                0x0800cf2c       0x38 stm32-it-sdk/Src/drivers/lorawan/mac/region/RegionCN470.o
                0x0800cf2c                RegionCN470CalcBackOff
 .text.RegionCN470NextChannel
                0x0800cf64      0x140 stm32-it-sdk/Src/drivers/lorawan/mac/region/RegionCN470.o
                0x0800cf64                RegionCN470NextChannel
 .text.RegionCN470ChannelAdd
                0x0800d0a4        0x4 stm32-it-sdk/Src/drivers/lorawan/mac/region/RegionCN470.o
                0x0800d0a4                RegionCN470ChannelAdd
 .text.RegionCN470SetContinuousWave
                0x0800d0a8       0x4c stm32-it-sdk/Src/drivers/lorawan/mac/region/RegionCN470.o
                0x0800d0a8                RegionCN470SetContinuousWave
 .text.RegionCN470ApplyDrOffset
                0x0800d0f4       0x10 stm32-it-sdk/Src/drivers/lorawan/mac/region/RegionCN470.o
                0x0800d0f4                RegionCN470ApplyDrOffset
 .text.VerifyRfFreq
                0x0800d104       0x2c stm32-it-sdk/Src/drivers/lorawan/mac/region/RegionCN779.o
 .text.RegionCN779GetPhyParam
                0x0800d130      0x10c stm32-it-sdk/Src/drivers/lorawan/mac/region/RegionCN779.o
                0x0800d130                RegionCN779GetPhyParam
 .text.RegionCN779SetBandTxDone
                0x0800d23c       0x24 stm32-it-sdk/Src/drivers/lorawan/mac/region/RegionCN779.o
                0x0800d23c                RegionCN779SetBandTxDone
 .text.RegionCN779InitDefaults
                0x0800d260       0x90 stm32-it-sdk/Src/drivers/lorawan/mac/region/RegionCN779.o
                0x0800d260                RegionCN779InitDefaults
 .text.RegionCN779GetNvmCtx
                0x0800d2f0        0xc stm32-it-sdk/Src/drivers/lorawan/mac/region/RegionCN779.o
                0x0800d2f0                RegionCN779GetNvmCtx
 .text.RegionCN779Verify
                0x0800d2fc       0x3e stm32-it-sdk/Src/drivers/lorawan/mac/region/RegionCN779.o
                0x0800d2fc                RegionCN779Verify
 *fill*         0x0800d33a        0x2 
 .text.RegionCN779ChanMaskSet
                0x0800d33c       0x30 stm32-it-sdk/Src/drivers/lorawan/mac/region/RegionCN779.o
                0x0800d33c                RegionCN779ChanMaskSet
 .text.RegionCN779ComputeRxWindowParameters
                0x0800d36c       0x84 stm32-it-sdk/Src/drivers/lorawan/mac/region/RegionCN779.o
                0x0800d36c                RegionCN779ComputeRxWindowParameters
 .text.RegionCN779RxConfig
                0x0800d3f0       0xe8 stm32-it-sdk/Src/drivers/lorawan/mac/region/RegionCN779.o
                0x0800d3f0                RegionCN779RxConfig
 .text.RegionCN779TxConfig
                0x0800d4d8      0x118 stm32-it-sdk/Src/drivers/lorawan/mac/region/RegionCN779.o
                0x0800d4d8                RegionCN779TxConfig
 .text.RegionCN779LinkAdrReq
                0x0800d5f0      0x13c stm32-it-sdk/Src/drivers/lorawan/mac/region/RegionCN779.o
                0x0800d5f0                RegionCN779LinkAdrReq
 .text.RegionCN779RxParamSetupReq
                0x0800d72c       0x3e stm32-it-sdk/Src/drivers/lorawan/mac/region/RegionCN779.o
                0x0800d72c                RegionCN779RxParamSetupReq
 .text.RegionCN779TxParamSetupReq
                0x0800d76a        0x6 stm32-it-sdk/Src/drivers/lorawan/mac/region/RegionCN779.o
                0x0800d76a                RegionCN779TxParamSetupReq
 .text.RegionCN779DlChannelReq
                0x0800d770       0x38 stm32-it-sdk/Src/drivers/lorawan/mac/region/RegionCN779.o
                0x0800d770                RegionCN779DlChannelReq
 .text.RegionCN779AlternateDr
                0x0800d7a8        0x2 stm32-it-sdk/Src/drivers/lorawan/mac/region/RegionCN779.o
                0x0800d7a8                RegionCN779AlternateDr
 *fill*         0x0800d7aa        0x2 
 .text.RegionCN779CalcBackOff
                0x0800d7ac       0x38 stm32-it-sdk/Src/drivers/lorawan/mac/region/RegionCN779.o
                0x0800d7ac                RegionCN779CalcBackOff
 .text.RegionCN779NextChannel
                0x0800d7e4      0x128 stm32-it-sdk/Src/drivers/lorawan/mac/region/RegionCN779.o
                0x0800d7e4                RegionCN779NextChannel
 .text.RegionCN779ChannelAdd
                0x0800d90c       0x98 stm32-it-sdk/Src/drivers/lorawan/mac/region/RegionCN779.o
                0x0800d90c                RegionCN779ChannelAdd
 .text.RegionCN779ChannelsRemove
                0x0800d9a4       0x30 stm32-it-sdk/Src/drivers/lorawan/mac/region/RegionCN779.o
                0x0800d9a4                RegionCN779ChannelsRemove
 .text.RegionCN779ApplyCFList
                0x0800d9d4       0x72 stm32-it-sdk/Src/drivers/lorawan/mac/region/RegionCN779.o
                0x0800d9d4                RegionCN779ApplyCFList
 .text.RegionCN779NewChannelReq
                0x0800da46       0x44 stm32-it-sdk/Src/drivers/lorawan/mac/region/RegionCN779.o
                0x0800da46                RegionCN779NewChannelReq
 *fill*         0x0800da8a        0x2 
 .text.RegionCN779SetContinuousWave
                0x0800da8c       0x4c stm32-it-sdk/Src/drivers/lorawan/mac/region/RegionCN779.o
                0x0800da8c                RegionCN779SetContinuousWave
 .text.RegionCN779ApplyDrOffset
                0x0800dad8       0x10 stm32-it-sdk/Src/drivers/lorawan/mac/region/RegionCN779.o
                0x0800dad8                RegionCN779ApplyDrOffset
 .text.RegionCommonGetJoinDc
                0x0800dae8       0x30 stm32-it-sdk/Src/drivers/lorawan/mac/region/RegionCommon.o
                0x0800dae8                RegionCommonGetJoinDc
 .text.RegionCommonChanVerifyDr
                0x0800db18       0x6e stm32-it-sdk/Src/drivers/lorawan/mac/region/RegionCommon.o
                0x0800db18                RegionCommonChanVerifyDr
 .text.RegionCommonValueInRange
                0x0800db86       0x14 stm32-it-sdk/Src/drivers/lorawan/mac/region/RegionCommon.o
                0x0800db86                RegionCommonValueInRange
 .text.RegionCommonChanDisable
                0x0800db9a       0x2a stm32-it-sdk/Src/drivers/lorawan/mac/region/RegionCommon.o
                0x0800db9a                RegionCommonChanDisable
 .text.RegionCommonCountChannels
                0x0800dbc4       0x40 stm32-it-sdk/Src/drivers/lorawan/mac/region/RegionCommon.o
                0x0800dbc4                RegionCommonCountChannels
 .text.RegionCommonChanMaskCopy
                0x0800dc04       0x1c stm32-it-sdk/Src/drivers/lorawan/mac/region/RegionCommon.o
                0x0800dc04                RegionCommonChanMaskCopy
 .text.RegionCommonSetBandTxDone
                0x0800dc20        0xc stm32-it-sdk/Src/drivers/lorawan/mac/region/RegionCommon.o
                0x0800dc20                RegionCommonSetBandTxDone
 .text.RegionCommonUpdateBandTimeOff
                0x0800dc2c       0x9e stm32-it-sdk/Src/drivers/lorawan/mac/region/RegionCommon.o
                0x0800dc2c                RegionCommonUpdateBandTimeOff
 .text.RegionCommonParseLinkAdrReq
                0x0800dcca       0x36 stm32-it-sdk/Src/drivers/lorawan/mac/region/RegionCommon.o
                0x0800dcca                RegionCommonParseLinkAdrReq
 .text.RegionCommonLinkAdrReqVerifyParams
                0x0800dd00       0x8e stm32-it-sdk/Src/drivers/lorawan/mac/region/RegionCommon.o
                0x0800dd00                RegionCommonLinkAdrReqVerifyParams
 *fill*         0x0800dd8e        0x2 
 .text.RegionCommonComputeSymbolTimeLoRa
                0x0800dd90       0x34 stm32-it-sdk/Src/drivers/lorawan/mac/region/RegionCommon.o
                0x0800dd90                RegionCommonComputeSymbolTimeLoRa
 .text.RegionCommonComputeSymbolTimeFsk
                0x0800ddc4       0x18 stm32-it-sdk/Src/drivers/lorawan/mac/region/RegionCommon.o
                0x0800ddc4                RegionCommonComputeSymbolTimeFsk
 .text.RegionCommonComputeRxWindowParameters
                0x0800dddc       0xb4 stm32-it-sdk/Src/drivers/lorawan/mac/region/RegionCommon.o
                0x0800dddc                RegionCommonComputeRxWindowParameters
 .text.RegionCommonComputeTxPower
                0x0800de90       0x2a stm32-it-sdk/Src/drivers/lorawan/mac/region/RegionCommon.o
                0x0800de90                RegionCommonComputeTxPower
 .text.RegionCommonCalcBackOff
                0x0800deba       0x58 stm32-it-sdk/Src/drivers/lorawan/mac/region/RegionCommon.o
                0x0800deba                RegionCommonCalcBackOff
 *fill*         0x0800df12        0x2 
 .text.VerifyRfFreq
                0x0800df14       0x2c stm32-it-sdk/Src/drivers/lorawan/mac/region/RegionEU433.o
 .text.RegionEU433GetPhyParam
                0x0800df40      0x104 stm32-it-sdk/Src/drivers/lorawan/mac/region/RegionEU433.o
                0x0800df40                RegionEU433GetPhyParam
 .text.RegionEU433SetBandTxDone
                0x0800e044       0x24 stm32-it-sdk/Src/drivers/lorawan/mac/region/RegionEU433.o
                0x0800e044                RegionEU433SetBandTxDone
 .text.RegionEU433InitDefaults
                0x0800e068       0x90 stm32-it-sdk/Src/drivers/lorawan/mac/region/RegionEU433.o
                0x0800e068                RegionEU433InitDefaults
 .text.RegionEU433GetNvmCtx
                0x0800e0f8        0xc stm32-it-sdk/Src/drivers/lorawan/mac/region/RegionEU433.o
                0x0800e0f8                RegionEU433GetNvmCtx
 .text.RegionEU433Verify
                0x0800e104       0x3e stm32-it-sdk/Src/drivers/lorawan/mac/region/RegionEU433.o
                0x0800e104                RegionEU433Verify
 *fill*         0x0800e142        0x2 
 .text.RegionEU433ChanMaskSet
                0x0800e144       0x30 stm32-it-sdk/Src/drivers/lorawan/mac/region/RegionEU433.o
                0x0800e144                RegionEU433ChanMaskSet
 .text.RegionEU433ComputeRxWindowParameters
                0x0800e174       0x84 stm32-it-sdk/Src/drivers/lorawan/mac/region/RegionEU433.o
                0x0800e174                RegionEU433ComputeRxWindowParameters
 .text.RegionEU433RxConfig
                0x0800e1f8       0xe8 stm32-it-sdk/Src/drivers/lorawan/mac/region/RegionEU433.o
                0x0800e1f8                RegionEU433RxConfig
 .text.RegionEU433TxConfig
                0x0800e2e0      0x118 stm32-it-sdk/Src/drivers/lorawan/mac/region/RegionEU433.o
                0x0800e2e0                RegionEU433TxConfig
 .text.RegionEU433LinkAdrReq
                0x0800e3f8      0x13c stm32-it-sdk/Src/drivers/lorawan/mac/region/RegionEU433.o
                0x0800e3f8                RegionEU433LinkAdrReq
 .text.RegionEU433RxParamSetupReq
                0x0800e534       0x3e stm32-it-sdk/Src/drivers/lorawan/mac/region/RegionEU433.o
                0x0800e534                RegionEU433RxParamSetupReq
 .text.RegionEU433TxParamSetupReq
                0x0800e572        0x6 stm32-it-sdk/Src/drivers/lorawan/mac/region/RegionEU433.o
                0x0800e572                RegionEU433TxParamSetupReq
 .text.RegionEU433DlChannelReq
                0x0800e578       0x38 stm32-it-sdk/Src/drivers/lorawan/mac/region/RegionEU433.o
                0x0800e578                RegionEU433DlChannelReq
 .text.RegionEU433AlternateDr
                0x0800e5b0        0x2 stm32-it-sdk/Src/drivers/lorawan/mac/region/RegionEU433.o