Archive member included to satisfy reference by file (symbol)

c:/ac6/systemworkbench/plugins/fr.ac6.mcu.externaltools.arm-none.win32_1.16.0.201807130628/tools/compiler/bin/../lib/gcc/arm-none-eabi/7.2.1/../../../../arm-none-eabi/lib/thumb/v6-m\libm.a(lib_a-s_ceil.o)
                              stm32-it-sdk/Src/drivers/lorawan/mac/region/RegionCommon.o (ceil)
c:/ac6/systemworkbench/plugins/fr.ac6.mcu.externaltools.arm-none.win32_1.16.0.201807130628/tools/compiler/bin/../lib/gcc/arm-none-eabi/7.2.1/../../../../arm-none-eabi/lib/thumb/v6-m\libm.a(lib_a-s_floor.o)
                              stm32-it-sdk/Src/drivers/lorawan/mac/region/RegionCommon.o (floor)
c:/ac6/systemworkbench/plugins/fr.ac6.mcu.externaltools.arm-none.win32_1.16.0.201807130628/tools/compiler/bin/../lib/gcc/arm-none-eabi/7.2.1/../../../../arm-none-eabi/lib/thumb/v6-m\libm.a(lib_a-s_round.o)
                              stm32-it-sdk/Src/drivers/sx1276/sx1276.o (round)
c:/ac6/systemworkbench/plugins/fr.ac6.mcu.externaltools.arm-none.win32_1.16.0.201807130628/tools/compiler/bin/../lib/gcc/arm-none-eabi/7.2.1/thumb/v6-m\libgcc.a(_thumb1_case_uqi.o)
                              Drivers/STM32L0xx_HAL_Driver/Src/stm32l0xx_hal_dma.o (__gnu_thumb1_case_uqi)
c:/ac6/systemworkbench/plugins/fr.ac6.mcu.externaltools.arm-none.win32_1.16.0.201807130628/tools/compiler/bin/../lib/gcc/arm-none-eabi/7.2.1/thumb/v6-m\libgcc.a(_thumb1_case_shi.o)
                              stm32-it-sdk/Src/drivers/lorawan/mac/LoRaMac.o (__gnu_thumb1_case_shi)
c:/ac6/systemworkbench/plugins/fr.ac6.mcu.externaltools.arm-none.win32_1.16.0.201807130628/tools/compiler/bin/../lib/gcc/arm-none-eabi/7.2.1/thumb/v6-m\libgcc.a(_thumb1_case_uhi.o)
                              stm32-it-sdk/Src/drivers/lorawan/mac/LoRaMac.o (__gnu_thumb1_case_uhi)
c:/ac6/systemworkbench/plugins/fr.ac6.mcu.externaltools.arm-none.win32_1.16.0.201807130628/tools/compiler/bin/../lib/gcc/arm-none-eabi/7.2.1/thumb/v6-m\libgcc.a(_udivsi3.o)
                              Core/Src/system_stm32l0xx.o (__aeabi_uidiv)
c:/ac6/systemworkbench/plugins/fr.ac6.mcu.externaltools.arm-none.win32_1.16.0.201807130628/tools/compiler/bin/../lib/gcc/arm-none-eabi/7.2.1/thumb/v6-m\libgcc.a(_divsi3.o)
                              Core/Src/system_stm32l0xx.o (__aeabi_idiv)
c:/ac6/systemworkbench/plugins/fr.ac6.mcu.externaltools.arm-none.win32_1.16.0.201807130628/tools/compiler/bin/../lib/gcc/arm-none-eabi/7.2.1/thumb/v6-m\libgcc.a(_dvmd_tls.o)
                              c:/ac6/systemworkbench/plugins/fr.ac6.mcu.externaltools.arm-none.win32_1.16.0.201807130628/tools/compiler/bin/../lib/gcc/arm-none-eabi/7.2.1/thumb/v6-m\libgcc.a(_udivsi3.o) (__aeabi_idiv0)
c:/ac6/systemworkbench/plugins/fr.ac6.mcu.externaltools.arm-none.win32_1.16.0.201807130628/tools/compiler/bin/../lib/gcc/arm-none-eabi/7.2.1/thumb/v6-m\libgcc.a(_arm_cmpdf2.o)
                              stm32-it-sdk/Src/drivers/sx1276/sx1276.o (__aeabi_dcmpgt)
c:/ac6/systemworkbench/plugins/fr.ac6.mcu.externaltools.arm-none.win32_1.16.0.201807130628/tools/compiler/bin/../lib/gcc/arm-none-eabi/7.2.1/thumb/v6-m\libgcc.a(_arm_cmpsf2.o)
                              stm32-it-sdk/Src/drivers/lorawan/mac/region/RegionKR920.o (__aeabi_fcmplt)
c:/ac6/systemworkbench/plugins/fr.ac6.mcu.externaltools.arm-none.win32_1.16.0.201807130628/tools/compiler/bin/../lib/gcc/arm-none-eabi/7.2.1/thumb/v6-m\libgcc.a(_aeabi_ldivmod.o)
                              Drivers/STM32L0xx_HAL_Driver/Src/stm32l0xx_hal_uart.o (__aeabi_ldivmod)
c:/ac6/systemworkbench/plugins/fr.ac6.mcu.externaltools.arm-none.win32_1.16.0.201807130628/tools/compiler/bin/../lib/gcc/arm-none-eabi/7.2.1/thumb/v6-m\libgcc.a(_aeabi_uldivmod.o)
                              Drivers/STM32L0xx_HAL_Driver/Src/stm32l0xx_hal_uart.o (__aeabi_uldivmod)
c:/ac6/systemworkbench/plugins/fr.ac6.mcu.externaltools.arm-none.win32_1.16.0.201807130628/tools/compiler/bin/../lib/gcc/arm-none-eabi/7.2.1/thumb/v6-m\libgcc.a(_muldi3.o)
                              stm32-it-sdk/Src/drivers/lorawan/systime.o (__aeabi_lmul)
c:/ac6/systemworkbench/plugins/fr.ac6.mcu.externaltools.arm-none.win32_1.16.0.201807130628/tools/compiler/bin/../lib/gcc/arm-none-eabi/7.2.1/thumb/v6-m\libgcc.a(_fixunsdfsi.o)
                              stm32-it-sdk/Src/drivers/lorawan/mac/region/RegionCommon.o (__aeabi_d2uiz)
c:/ac6/systemworkbench/plugins/fr.ac6.mcu.externaltools.arm-none.win32_1.16.0.201807130628/tools/compiler/bin/../lib/gcc/arm-none-eabi/7.2.1/thumb/v6-m\libgcc.a(_udivmoddi4.o)
                              c:/ac6/systemworkbench/plugins/fr.ac6.mcu.externaltools.arm-none.win32_1.16.0.201807130628/tools/compiler/bin/../lib/gcc/arm-none-eabi/7.2.1/thumb/v6-m\libgcc.a(_aeabi_uldivmod.o) (__udivmoddi4)
c:/ac6/systemworkbench/plugins/fr.ac6.mcu.externaltools.arm-none.win32_1.16.0.201807130628/tools/compiler/bin/../lib/gcc/arm-none-eabi/7.2.1/thumb/v6-m\libgcc.a(bpabi.o)
[...]
Memory Configuration

Name             Origin             Length             Attributes
RAM              0x20000000         0x00005000         xrw
FLASH            0x08000000         0x00030000         xr
*default*        0x00000000         0xffffffff

Linker script and memory map

LOAD c:/ac6/systemworkbench/plugins/fr.ac6.mcu.externaltools.arm-none.win32_1.16.0.201807130628/tools/compiler/bin/../lib/gcc/arm-none-eabi/7.2.1/thumb/v6-m/crti.o
LOAD c:/ac6/systemworkbench/plugins/fr.ac6.mcu.externaltools.arm-none.win32_1.16.0.201807130628/tools/compiler/bin/../lib/gcc/arm-none-eabi/7.2.1/thumb/v6-m/crtbegin.o
LOAD c:/ac6/systemworkbench/plugins/fr.ac6.mcu.externaltools.arm-none.win32_1.16.0.201807130628/tools/compiler/bin/../lib/gcc/arm-none-eabi/7.2.1/../../../../arm-none-eabi/lib/thumb/v6-m/crt0.o
LOAD Core/Src/adc.o
LOAD Core/Src/gpio.o
LOAD Core/Src/iwdg.o
LOAD Core/Src/main.o
LOAD Core/Src/project_main.o
LOAD Core/Src/rtc.o
LOAD Core/Src/spi.o
LOAD Core/Src/stm32l0xx_hal_msp.o
LOAD Core/Src/stm32l0xx_it.o
LOAD Core/Src/system_stm32l0xx.o
LOAD Core/Src/tim.o
LOAD Core/Src/usart.o
LOAD Drivers/STM32L0xx_HAL_Driver/Src/stm32l0xx_hal.o
LOAD Drivers/STM32L0xx_HAL_Driver/Src/stm32l0xx_hal_adc.o
LOAD Drivers/STM32L0xx_HAL_Driver/Src/stm32l0xx_hal_adc_ex.o
LOAD Drivers/STM32L0xx_HAL_Driver/Src/stm32l0xx_hal_cortex.o
LOAD Drivers/STM32L0xx_HAL_Driver/Src/stm32l0xx_hal_dma.o
LOAD Drivers/STM32L0xx_HAL_Driver/Src/stm32l0xx_hal_flash.o
LOAD Drivers/STM32L0xx_HAL_Driver/Src/stm32l0xx_hal_flash_ex.o
LOAD Drivers/STM32L0xx_HAL_Driver/Src/stm32l0xx_hal_flash_ramfunc.o
LOAD Drivers/STM32L0xx_HAL_Driver/Src/stm32l0xx_hal_gpio.o
LOAD Drivers/STM32L0xx_HAL_Driver/Src/stm32l0xx_hal_i2c.o
LOAD Drivers/STM32L0xx_HAL_Driver/Src/stm32l0xx_hal_i2c_ex.o
LOAD Drivers/STM32L0xx_HAL_Driver/Src/stm32l0xx_hal_iwdg.o
LOAD Drivers/STM32L0xx_HAL_Driver/Src/stm32l0xx_hal_pwr.o
LOAD Drivers/STM32L0xx_HAL_Driver/Src/stm32l0xx_hal_pwr_ex.o
LOAD Drivers/STM32L0xx_HAL_Driver/Src/stm32l0xx_hal_rcc.o
LOAD Drivers/STM32L0xx_HAL_Driver/Src/stm32l0xx_hal_rcc_ex.o
LOAD Drivers/STM32L0xx_HAL_Driver/Src/stm32l0xx_hal_rtc.o
LOAD Drivers/STM32L0xx_HAL_Driver/Src/stm32l0xx_hal_rtc_ex.o
LOAD Drivers/STM32L0xx_HAL_Driver/Src/stm32l0xx_hal_spi.o
LOAD Drivers/STM32L0xx_HAL_Driver/Src/stm32l0xx_hal_tim.o
LOAD Drivers/STM32L0xx_HAL_Driver/Src/stm32l0xx_hal_tim_ex.o
LOAD Drivers/STM32L0xx_HAL_Driver/Src/stm32l0xx_hal_uart.o
LOAD Drivers/STM32L0xx_HAL_Driver/Src/stm32l0xx_hal_uart_ex.o
LOAD startup/startup_stm32l072xx.o
LOAD stm32-it-sdk/Src/drivers/eeprom/m95640/m95640.o
LOAD stm32-it-sdk/Src/drivers/gauge/max17205/max17205.o
LOAD stm32-it-sdk/Src/drivers/light/max44009/max44009.o
LOAD stm32-it-sdk/Src/drivers/lorawan/core/lora-test.o
LOAD stm32-it-sdk/Src/drivers/lorawan/core/lora.o
LOAD stm32-it-sdk/Src/drivers/lorawan/core/lorawan.o
LOAD stm32-it-sdk/Src/drivers/lorawan/crypto/aes.o
LOAD stm32-it-sdk/Src/drivers/lorawan/crypto/cmac.o
LOAD stm32-it-sdk/Src/drivers/lorawan/crypto/soft-se.o
LOAD stm32-it-sdk/Src/drivers/lorawan/mac/LoRaMac.o
LOAD stm32-it-sdk/Src/drivers/lorawan/mac/LoRaMacAdr.o
LOAD stm32-it-sdk/Src/drivers/lorawan/mac/LoRaMacClassB.o
LOAD stm32-it-sdk/Src/drivers/lorawan/mac/LoRaMacCommands.o
LOAD stm32-it-sdk/Src/drivers/lorawan/mac/LoRaMacConfirmQueue.o
LOAD stm32-it-sdk/Src/drivers/lorawan/mac/LoRaMacCrypto.o
LOAD stm32-it-sdk/Src/drivers/lorawan/mac/LoRaMacFCntHandler.o
LOAD stm32-it-sdk/Src/drivers/lorawan/mac/LoRaMacParser.o
LOAD stm32-it-sdk/Src/drivers/lorawan/mac/LoRaMacSerializer.o
LOAD stm32-it-sdk/Src/drivers/lorawan/mac/region/Region.o
LOAD stm32-it-sdk/Src/drivers/lorawan/mac/region/RegionAS923.o
LOAD stm32-it-sdk/Src/drivers/lorawan/mac/region/RegionAU915.o
LOAD stm32-it-sdk/Src/drivers/lorawan/mac/region/RegionCN470.o
LOAD stm32-it-sdk/Src/drivers/lorawan/mac/region/RegionCN779.o
LOAD stm32-it-sdk/Src/drivers/lorawan/mac/region/RegionCommon.o
LOAD stm32-it-sdk/Src/drivers/lorawan/mac/region/RegionEU433.o
LOAD stm32-it-sdk/Src/drivers/lorawan/mac/region/RegionEU868.o
LOAD stm32-it-sdk/Src/drivers/lorawan/mac/region/RegionIN865.o
LOAD stm32-it-sdk/Src/drivers/lorawan/mac/region/RegionKR920.o
LOAD stm32-it-sdk/Src/drivers/lorawan/mac/region/RegionRU864.o
LOAD stm32-it-sdk/Src/drivers/lorawan/mac/region/RegionUS915.o
LOAD stm32-it-sdk/Src/drivers/lorawan/systime.o
LOAD stm32-it-sdk/Src/drivers/lorawan/timeServer.o
LOAD stm32-it-sdk/Src/drivers/lorawan/utilities.o
LOAD stm32-it-sdk/Src/drivers/nfc/st25dv/st25dv.o
LOAD stm32-it-sdk/Src/drivers/s2lp/s2lp.o
LOAD stm32-it-sdk/Src/drivers/s2lp/s2lp_idRetriever.o
LOAD stm32-it-sdk/Src/drivers/s2lp/s2lp_spi.o
LOAD stm32-it-sdk/Src/drivers/s2lp/sigfox_helper.o
LOAD stm32-it-sdk/Src/drivers/s2lp/st_lib_api.o
LOAD stm32-it-sdk/Src/drivers/sx1276/murata_cmwx1zzabz.o
LOAD stm32-it-sdk/Src/drivers/sx1276/sx1276.o
LOAD stm32-it-sdk/Src/drivers/temphygropressure/bosh_bme280/bme280.o
LOAD stm32-it-sdk/Src/it_sdk/console/console.o
LOAD stm32-it-sdk/Src/it_sdk/eeprom/eeprom.o
LOAD stm32-it-sdk/Src/it_sdk/eeprom/sdk_config.o
LOAD stm32-it-sdk/Src/it_sdk/eeprom/securestore.o
LOAD stm32-it-sdk/Src/it_sdk/encrypt/aes128ctr.o
LOAD stm32-it-sdk/Src/it_sdk/encrypt/speck.o
LOAD stm32-it-sdk/Src/it_sdk/encrypt/tools.o
LOAD stm32-it-sdk/Src/it_sdk/encrypt/speck/speck32.o
LOAD stm32-it-sdk/Src/it_sdk/encrypt/tiny-AES-c/aes.o
LOAD stm32-it-sdk/Src/it_sdk/logger/error.o
LOAD stm32-it-sdk/Src/it_sdk/logger/logger.o
LOAD stm32-it-sdk/Src/it_sdk/lorawan/cayenne.o
LOAD stm32-it-sdk/Src/it_sdk/lorawan/lorawan.o
LOAD stm32-it-sdk/Src/it_sdk/lowpower/lowpower.o
LOAD stm32-it-sdk/Src/it_sdk/main.o
LOAD stm32-it-sdk/Src/it_sdk/tool.o
LOAD stm32-it-sdk/Src/it_sdk/sched/scheduler.o
LOAD stm32-it-sdk/Src/it_sdk/sigfox/sigfox.o
LOAD stm32-it-sdk/Src/it_sdk/statemachine/statemachine.o
LOAD stm32-it-sdk/Src/it_sdk/time/time.o
LOAD stm32-it-sdk/Src/it_sdk/time/timer.o
LOAD stm32-it-sdk/Src/stm32l_sdk/adc/adc.o
LOAD stm32-it-sdk/Src/stm32l_sdk/devices.o
LOAD stm32-it-sdk/Src/stm32l_sdk/gpio_wrapper.o
LOAD stm32-it-sdk/Src/stm32l_sdk/misc_wrapper.o
LOAD stm32-it-sdk/Src/stm32l_sdk/uart_wrapper.o
LOAD stm32-it-sdk/Src/stm32l_sdk/eeprom/eeprom.o
LOAD stm32-it-sdk/Src/stm32l_sdk/i2c/i2c.o
LOAD stm32-it-sdk/Src/stm32l_sdk/lowpower/lowpower.o
LOAD stm32-it-sdk/Src/stm32l_sdk/rtc/rtc.o
LOAD stm32-it-sdk/Src/stm32l_sdk/rtc/systick.o
LOAD stm32-it-sdk/Src/stm32l_sdk/spi/spi.o
LOAD stm32-it-sdk/Src/stm32l_sdk/timer/timer.o
LOAD stm32-it-sdk/Src/stm32l_sdk/wdg/watchdog.o
LOAD c:/ac6/systemworkbench/plugins/fr.ac6.mcu.externaltools.arm-none.win32_1.16.0.201807130628/tools/compiler/bin/../lib/gcc/arm-none-eabi/7.2.1/../../../../arm-none-eabi/lib/thumb/v6-m\libm.a
START GROUP
LOAD c:/ac6/systemworkbench/plugins/fr.ac6.mcu.externaltools.arm-none.win32_1.16.0.201807130628/tools/compiler/bin/../lib/gcc/arm-none-eabi/7.2.1/thumb/v6-m\libgcc.a
LOAD c:/ac6/systemworkbench/plugins/fr.ac6.mcu.externaltools.arm-none.win32_1.16.0.201807130628/tools/compiler/bin/../lib/gcc/arm-none-eabi/7.2.1/../../../../arm-none-eabi/lib/thumb/v6-m\libc_nano.a
END GROUP
START GROUP
LOAD c:/ac6/systemworkbench/plugins/fr.ac6.mcu.externaltools.arm-none.win32_1.16.0.201807130628/tools/compiler/bin/../lib/gcc/arm-none-eabi/7.2.1/thumb/v6-m\libgcc.a
LOAD c:/ac6/systemworkbench/plugins/fr.ac6.mcu.externaltools.arm-none.win32_1.16.0.201807130628/tools/compiler/bin/../lib/gcc/arm-none-eabi/7.2.1/../../../../arm-none-eabi/lib/thumb/v6-m\libc_nano.a
LOAD c:/ac6/systemworkbench/plugins/fr.ac6.mcu.externaltools.arm-none.win32_1.16.0.201807130628/tools/compiler/bin/../lib/gcc/arm-none-eabi/7.2.1/../../../../arm-none-eabi/lib/thumb/v6-m\libnosys.a
END GROUP
START GROUP
LOAD c:/ac6/systemworkbench/plugins/fr.ac6.mcu.externaltools.arm-none.win32_1.16.0.201807130628/tools/compiler/bin/../lib/gcc/arm-none-eabi/7.2.1/thumb/v6-m\libgcc.a
LOAD c:/ac6/systemworkbench/plugins/fr.ac6.mcu.externaltools.arm-none.win32_1.16.0.201807130628/tools/compiler/bin/../lib/gcc/arm-none-eabi/7.2.1/../../../../arm-none-eabi/lib/thumb/v6-m\libc_nano.a
LOAD c:/ac6/systemworkbench/plugins/fr.ac6.mcu.externaltools.arm-none.win32_1.16.0.201807130628/tools/compiler/bin/../lib/gcc/arm-none-eabi/7.2.1/../../../../arm-none-eabi/lib/thumb/v6-m\libnosys.a
END GROUP
LOAD c:/ac6/systemworkbench/plugins/fr.ac6.mcu.externaltools.arm-none.win32_1.16.0.201807130628/tools/compiler/bin/../lib/gcc/arm-none-eabi/7.2.1/thumb/v6-m/crtend.o
LOAD c:/ac6/systemworkbench/plugins/fr.ac6.mcu.externaltools.arm-none.win32_1.16.0.201807130628/tools/compiler/bin/../lib/gcc/arm-none-eabi/7.2.1/thumb/v6-m/crtn.o
                0x20005000                _estack = 0x20005000
                0x00000200                _Min_Heap_Size = 0x200
                0x00000400                _Min_Stack_Size = 0x400

.isr_vector     0x08000000       0xc0
                0x08000000                . = ALIGN (0x4)
 *(.isr_vector)
 .isr_vector    0x08000000       0xc0 startup/startup_stm32l072xx.o
                0x08000000                g_pfnVectors
                0x080000c0                . = ALIGN (0x4)

.text           0x080000c0    0x17660
                0x080000c0                . = ALIGN (0x4)
 *(.text)
 .text          0x080000c0       0x48 c:/ac6/systemworkbench/plugins/fr.ac6.mcu.externaltools.arm-none.win32_1.16.0.201807130628/tools/compiler/bin/../lib/gcc/arm-none-eabi/7.2.1/thumb/v6-m/crtbegin.o
 .text          0x08000108       0x14 c:/ac6/systemworkbench/plugins/fr.ac6.mcu.externaltools.arm-none.win32_1.16.0.201807130628/tools/compiler/bin/../lib/gcc/arm-none-eabi/7.2.1/thumb/v6-m\libgcc.a(_thumb1_case_uqi.o)
                0x08000108                __gnu_thumb1_case_uqi
 .text          0x0800011c       0x14 c:/ac6/systemworkbench/plugins/fr.ac6.mcu.externaltools.arm-none.win32_1.16.0.201807130628/tools/compiler/bin/../lib/gcc/arm-none-eabi/7.2.1/thumb/v6-m\libgcc.a(_thumb1_case_shi.o)
                0x0800011c                __gnu_thumb1_case_shi
 .text          0x08000130       0x14 c:/ac6/systemworkbench/plugins/fr.ac6.mcu.externaltools.arm-none.win32_1.16.0.201807130628/tools/compiler/bin/../lib/gcc/arm-none-eabi/7.2.1/thumb/v6-m\libgcc.a(_thumb1_case_uhi.o)
                0x08000130                __gnu_thumb1_case_uhi
 .text          0x08000144      0x114 c:/ac6/systemworkbench/plugins/fr.ac6.mcu.externaltools.arm-none.win32_1.16.0.201807130628/tools/compiler/bin/../lib/gcc/arm-none-eabi/7.2.1/thumb/v6-m\libgcc.a(_udivsi3.o)
                0x08000144                __aeabi_uidiv
                0x08000144                __udivsi3
                0x08000250                __aeabi_uidivmod
 .text          0x08000258      0x1d4 c:/ac6/systemworkbench/plugins/fr.ac6.mcu.externaltools.arm-none.win32_1.16.0.201807130628/tools/compiler/bin/../lib/gcc/arm-none-eabi/7.2.1/thumb/v6-m\libgcc.a(_divsi3.o)
                0x08000258                __divsi3
                0x08000258                __aeabi_idiv
                0x08000424                __aeabi_idivmod
 .text          0x0800042c        0x4 c:/ac6/systemworkbench/plugins/fr.ac6.mcu.externaltools.arm-none.win32_1.16.0.201807130628/tools/compiler/bin/../lib/gcc/arm-none-eabi/7.2.1/thumb/v6-m\libgcc.a(_dvmd_tls.o)
                0x0800042c                __aeabi_idiv0
                0x0800042c                __aeabi_ldiv0
 .text          0x08000430       0x7c c:/ac6/systemworkbench/plugins/fr.ac6.mcu.externaltools.arm-none.win32_1.16.0.201807130628/tools/compiler/bin/../lib/gcc/arm-none-eabi/7.2.1/thumb/v6-m\libgcc.a(_arm_cmpdf2.o)
                0x08000430                __aeabi_cdrcmple
                0x08000440                __aeabi_cdcmple
                0x08000440                __aeabi_cdcmpeq
                0x08000450                __aeabi_dcmpeq
                0x0800045c                __aeabi_dcmplt
                0x08000470                __aeabi_dcmple
                0x08000484                __aeabi_dcmpgt
                0x08000498                __aeabi_dcmpge
 .text          0x080004ac       0x74 c:/ac6/systemworkbench/plugins/fr.ac6.mcu.externaltools.arm-none.win32_1.16.0.201807130628/tools/compiler/bin/../lib/gcc/arm-none-eabi/7.2.1/thumb/v6-m\libgcc.a(_arm_cmpsf2.o)
                0x080004ac                __aeabi_cfrcmple
                0x080004b4                __aeabi_cfcmpeq
                0x080004b4                __aeabi_cfcmple
                0x080004c4                __aeabi_fcmpeq
                0x080004d0                __aeabi_fcmplt
                0x080004e4                __aeabi_fcmple
                0x080004f8                __aeabi_fcmpgt
                0x0800050c                __aeabi_fcmpge
 .text          0x08000520       0x40 c:/ac6/systemworkbench/plugins/fr.ac6.mcu.externaltools.arm-none.win32_1.16.0.201807130628/tools/compiler/bin/../lib/gcc/arm-none-eabi/7.2.1/thumb/v6-m\libgcc.a(_aeabi_uldivmod.o)
                0x08000520                __aeabi_uldivmod
 .text          0x08000560       0x54 c:/ac6/systemworkbench/plugins/fr.ac6.mcu.externaltools.arm-none.win32_1.16.0.201807130628/tools/compiler/bin/../lib/gcc/arm-none-eabi/7.2.1/thumb/v6-m\libgcc.a(_muldi3.o)
                0x08000560                __muldi3
                0x08000560                __aeabi_lmul
 .text          0x080005b4       0x3c c:/ac6/systemworkbench/plugins/fr.ac6.mcu.externaltools.arm-none.win32_1.16.0.201807130628/tools/compiler/bin/../lib/gcc/arm-none-eabi/7.2.1/thumb/v6-m\libgcc.a(_fixunsdfsi.o)
                0x080005b4                __aeabi_d2uiz
                0x080005b4                __fixunsdfsi
 .text          0x080005f0      0x184 c:/ac6/systemworkbench/plugins/fr.ac6.mcu.externaltools.arm-none.win32_1.16.0.201807130628/tools/compiler/bin/../lib/gcc/arm-none-eabi/7.2.1/thumb/v6-m\libgcc.a(_udivmoddi4.o)
                0x080005f0                __udivmoddi4
 .text          0x08000774       0x50 c:/ac6/systemworkbench/plugins/fr.ac6.mcu.externaltools.arm-none.win32_1.16.0.201807130628/tools/compiler/bin/../lib/gcc/arm-none-eabi/7.2.1/thumb/v6-m\libgcc.a(eqsf2.o)
                0x08000774                __eqsf2
                0x08000774                __nesf2
 .text          0x080007c4       0x9c c:/ac6/systemworkbench/plugins/fr.ac6.mcu.externaltools.arm-none.win32_1.16.0.201807130628/tools/compiler/bin/../lib/gcc/arm-none-eabi/7.2.1/thumb/v6-m\libgcc.a(gesf2.o)
                0x080007c4                __gesf2
                0x080007c4                __gtsf2
 .text          0x08000860       0xa0 c:/ac6/systemworkbench/plugins/fr.ac6.mcu.externaltools.arm-none.win32_1.16.0.201807130628/tools/compiler/bin/../lib/gcc/arm-none-eabi/7.2.1/thumb/v6-m\libgcc.a(lesf2.o)
                0x08000860                __ltsf2
                0x08000860                __lesf2
 .text          0x08000900      0x388 c:/ac6/systemworkbench/plugins/fr.ac6.mcu.externaltools.arm-none.win32_1.16.0.201807130628/tools/compiler/bin/../lib/gcc/arm-none-eabi/7.2.1/thumb/v6-m\libgcc.a(subsf3.o)
                0x08000900                __aeabi_fsub
 .text          0x08000c88       0x94 c:/ac6/systemworkbench/plugins/fr.ac6.mcu.externaltools.arm-none.win32_1.16.0.201807130628/tools/compiler/bin/../lib/gcc/arm-none-eabi/7.2.1/thumb/v6-m\libgcc.a(floatsisf.o)
                0x08000c88                __aeabi_i2f
 .text          0x08000d1c       0x80 c:/ac6/systemworkbench/plugins/fr.ac6.mcu.externaltools.arm-none.win32_1.16.0.201807130628/tools/compiler/bin/../lib/gcc/arm-none-eabi/7.2.1/thumb/v6-m\libgcc.a(floatunsisf.o)
                0x08000d1c                __aeabi_ui2f
 .text          0x08000d9c      0x638 c:/ac6/systemworkbench/plugins/fr.ac6.mcu.externaltools.arm-none.win32_1.16.0.201807130628/tools/compiler/bin/../lib/gcc/arm-none-eabi/7.2.1/thumb/v6-m\libgcc.a(adddf3.o)
                0x08000d9c                __aeabi_dadd
 .text          0x080013d4      0x604 c:/ac6/systemworkbench/plugins/fr.ac6.mcu.externaltools.arm-none.win32_1.16.0.201807130628/tools/compiler/bin/../lib/gcc/arm-none-eabi/7.2.1/thumb/v6-m\libgcc.a(divdf3.o)
                0x080013d4                __aeabi_ddiv
 .text          0x080019d8       0x78 c:/ac6/systemworkbench/plugins/fr.ac6.mcu.externaltools.arm-none.win32_1.16.0.201807130628/tools/compiler/bin/../lib/gcc/arm-none-eabi/7.2.1/thumb/v6-m\libgcc.a(eqdf2.o)
                0x080019d8                __nedf2
                0x080019d8                __eqdf2
 .text          0x08001a50       0xc8 c:/ac6/systemworkbench/plugins/fr.ac6.mcu.externaltools.arm-none.win32_1.16.0.201807130628/tools/compiler/bin/../lib/gcc/arm-none-eabi/7.2.1/thumb/v6-m\libgcc.a(gedf2.o)
                0x08001a50                __gedf2
                0x08001a50                __gtdf2
 .text          0x08001b18       0xd0 c:/ac6/systemworkbench/plugins/fr.ac6.mcu.externaltools.arm-none.win32_1.16.0.201807130628/tools/compiler/bin/../lib/gcc/arm-none-eabi/7.2.1/thumb/v6-m\libgcc.a(ledf2.o)
                0x08001b18                __ledf2
                0x08001b18                __ltdf2
 .text          0x08001be8      0x4e4 c:/ac6/systemworkbench/plugins/fr.ac6.mcu.externaltools.arm-none.win32_1.16.0.201807130628/tools/compiler/bin/../lib/gcc/arm-none-eabi/7.2.1/thumb/v6-m\libgcc.a(muldf3.o)
                0x08001be8                __aeabi_dmul
 .text          0x080020cc      0x690 c:/ac6/systemworkbench/plugins/fr.ac6.mcu.externaltools.arm-none.win32_1.16.0.201807130628/tools/compiler/bin/../lib/gcc/arm-none-eabi/7.2.1/thumb/v6-m\libgcc.a(subdf3.o)
                0x080020cc                __aeabi_dsub
 .text          0x0800275c       0x6c c:/ac6/systemworkbench/plugins/fr.ac6.mcu.externaltools.arm-none.win32_1.16.0.201807130628/tools/compiler/bin/../lib/gcc/arm-none-eabi/7.2.1/thumb/v6-m\libgcc.a(fixdfsi.o)
                0x0800275c                __aeabi_d2iz
 .text          0x080027c8       0x74 c:/ac6/systemworkbench/plugins/fr.ac6.mcu.externaltools.arm-none.win32_1.16.0.201807130628/tools/compiler/bin/../lib/gcc/arm-none-eabi/7.2.1/thumb/v6-m\libgcc.a(floatsidf.o)
                0x080027c8                __aeabi_i2d
 .text          0x0800283c       0x64 c:/ac6/systemworkbench/plugins/fr.ac6.mcu.externaltools.arm-none.win32_1.16.0.201807130628/tools/compiler/bin/../lib/gcc/arm-none-eabi/7.2.1/thumb/v6-m\libgcc.a(floatunsidf.o)
                0x0800283c                __aeabi_ui2d
 .text          0x080028a0       0xa4 c:/ac6/systemworkbench/plugins/fr.ac6.mcu.externaltools.arm-none.win32_1.16.0.201807130628/tools/compiler/bin/../lib/gcc/arm-none-eabi/7.2.1/thumb/v6-m\libgcc.a(extendsfdf2.o)
                0x080028a0                __aeabi_f2d
 .text          0x08002944       0x3c c:/ac6/systemworkbench/plugins/fr.ac6.mcu.externaltools.arm-none.win32_1.16.0.201807130628/tools/compiler/bin/../lib/gcc/arm-none-eabi/7.2.1/thumb/v6-m\libgcc.a(_clzsi2.o)
                0x08002944                __clzsi2
 .text          0x08002980       0x18 c:/ac6/systemworkbench/plugins/fr.ac6.mcu.externaltools.arm-none.win32_1.16.0.201807130628/tools/compiler/bin/../lib/gcc/arm-none-eabi/7.2.1/thumb/v6-m\libgcc.a(_clzdi2.o)
                0x08002980                __clzdi2
 .text          0x08002998        0xe c:/ac6/systemworkbench/plugins/fr.ac6.mcu.externaltools.arm-none.win32_1.16.0.201807130628/tools/compiler/bin/../lib/gcc/arm-none-eabi/7.2.1/../../../../arm-none-eabi/lib/thumb/v6-m\libc_nano.a(lib_a-strlen.o)
                0x08002998                strlen
 *(.text*)
 *fill*         0x080029a6        0x2 
 .text.MX_ADC_Init
                0x080029a8       0x98 Core/Src/adc.o
                0x080029a8                MX_ADC_Init
 .text.HAL_ADC_MspInit
                0x08002a40       0x20 Core/Src/adc.o
                0x08002a40                HAL_ADC_MspInit
 .text.MX_GPIO_Init
                0x08002a60      0x15c Core/Src/gpio.o
                0x08002a60                MX_GPIO_Init
 .text.stm32l_lowPowerRestoreGpioConfig
                0x08002bbc      0x100 Core/Src/gpio.o
                0x08002bbc                stm32l_lowPowerRestoreGpioConfig
 .text.MX_IWDG_Init
                0x08002cbc       0x2c Core/Src/iwdg.o
                0x08002cbc                MX_IWDG_Init
 .text.SystemClock_Config
                0x08002ce8       0xac Core/Src/main.o
                0x08002ce8                SystemClock_Config
 .text.startup.main
                0x08002d94       0x38 Core/Src/main.o
                0x08002d94                main
 .text.Error_Handler
                0x08002dcc        0x2 Core/Src/main.o
                0x08002dcc                Error_Handler
 .text.taskLed  0x08002dce        0xc Core/Src/project_main.o
                0x08002dce                taskLed
 *fill*         0x08002dda        0x2 
 .text.taskLora
                0x08002ddc       0x5c Core/Src/project_main.o
                0x08002ddc                taskLora
 .text.project_setup
                0x08002e38       0x40 Core/Src/project_main.o
                0x08002e38                project_setup
 .text.project_loop
                0x08002e78        0x8 Core/Src/project_main.o
                0x08002e78                project_loop
 .text.MX_RTC_Init
                0x08002e80       0xcc Core/Src/rtc.o
                0x08002e80                MX_RTC_Init
 .text.HAL_RTC_MspInit
                0x08002f4c       0x30 Core/Src/rtc.o
                0x08002f4c                HAL_RTC_MspInit
 .text.MX_SPI1_Init
                0x08002f7c       0x44 Core/Src/spi.o
                0x08002f7c                MX_SPI1_Init
 .text.MX_SPI2_Init
                0x08002fc0       0x3c Core/Src/spi.o
                0x08002fc0                MX_SPI2_Init
 .text.HAL_SPI_MspInit
                0x08002ffc       0xb8 Core/Src/spi.o
                0x08002ffc                HAL_SPI_MspInit
 .text.HAL_MspInit
                0x080030b4       0x1c Core/Src/stm32l0xx_hal_msp.o
                0x080030b4                HAL_MspInit
 .text.NMI_Handler
                0x080030d0        0x2 Core/Src/stm32l0xx_it.o
                0x080030d0                NMI_Handler
 .text.HardFault_Handler
                0x080030d2        0x2 Core/Src/stm32l0xx_it.o
                0x080030d2                HardFault_Handler
 .text.SVC_Handler
                0x080030d4        0x2 Core/Src/stm32l0xx_it.o
                0x080030d4                SVC_Handler
 .text.PendSV_Handler
                0x080030d6        0x2 Core/Src/stm32l0xx_it.o
                0x080030d6                PendSV_Handler
 .text.SysTick_Handler
                0x080030d8        0x8 Core/Src/stm32l0xx_it.o
                0x080030d8                SysTick_Handler
 .text.RTC_IRQHandler
                0x080030e0       0x18 Core/Src/stm32l0xx_it.o
                0x080030e0                RTC_IRQHandler
 .text.EXTI0_1_IRQHandler
                0x080030f8       0x10 Core/Src/stm32l0xx_it.o
                0x080030f8                EXTI0_1_IRQHandler
 .text.EXTI4_15_IRQHandler
                0x08003108       0x12 Core/Src/stm32l0xx_it.o
                0x08003108                EXTI4_15_IRQHandler
 *fill*         0x0800311a        0x2 
 .text.USART2_IRQHandler
                0x0800311c       0x10 Core/Src/stm32l0xx_it.o
                0x0800311c                USART2_IRQHandler
 .text.SystemInit
                0x0800312c       0x5c Core/Src/system_stm32l0xx.o
                0x0800312c                SystemInit
 .text.MX_TIM21_Init
                0x08003188       0x70 Core/Src/tim.o
                0x08003188                MX_TIM21_Init
 .text.HAL_TIM_Base_MspInit
                0x080031f8       0x1c Core/Src/tim.o
                0x080031f8                HAL_TIM_Base_MspInit
 .text.MX_LPUART1_UART_Init
                0x08003214       0x38 Core/Src/usart.o
                0x08003214                MX_LPUART1_UART_Init
 .text.MX_USART2_UART_Init
                0x0800324c       0x38 Core/Src/usart.o
                0x0800324c                MX_USART2_UART_Init
 .text.HAL_UART_MspInit
                0x08003284       0xb0 Core/Src/usart.o
                0x08003284                HAL_UART_MspInit
 .text.HAL_InitTick
                0x08003334       0x30 Drivers/STM32L0xx_HAL_Driver/Src/stm32l0xx_hal.o
                0x08003334                HAL_InitTick
 .text.HAL_Init
                0x08003364       0x28 Drivers/STM32L0xx_HAL_Driver/Src/stm32l0xx_hal.o
                0x08003364                HAL_Init
 .text.HAL_GetTick
                0x0800338c        0xc Drivers/STM32L0xx_HAL_Driver/Src/stm32l0xx_hal.o
                0x0800338c                HAL_GetTick
 .text.HAL_Delay
                0x08003398       0x1e Drivers/STM32L0xx_HAL_Driver/Src/stm32l0xx_hal.o
                0x08003398                HAL_Delay
 *fill*         0x080033b6        0x2 
 .text.HAL_SuspendTick
                0x080033b8       0x10 Drivers/STM32L0xx_HAL_Driver/Src/stm32l0xx_hal.o
                0x080033b8                HAL_SuspendTick
 .text.HAL_ResumeTick
                0x080033c8       0x10 Drivers/STM32L0xx_HAL_Driver/Src/stm32l0xx_hal.o
                0x080033c8                HAL_ResumeTick
 .text.ADC_DelayMicroSecond
                0x080033d8       0x2c Drivers/STM32L0xx_HAL_Driver/Src/stm32l0xx_hal_adc.o
 .text.HAL_ADC_Init
                0x08003404      0x1b0 Drivers/STM32L0xx_HAL_Driver/Src/stm32l0xx_hal_adc.o
                0x08003404                HAL_ADC_Init
 .text.HAL_ADC_ConfigChannel
                0x080035b4       0xa8 Drivers/STM32L0xx_HAL_Driver/Src/stm32l0xx_hal_adc.o
                0x080035b4                HAL_ADC_ConfigChannel
 .text.HAL_NVIC_SetPriority
                0x0800365c       0x54 Drivers/STM32L0xx_HAL_Driver/Src/stm32l0xx_hal_cortex.o
                0x0800365c                HAL_NVIC_SetPriority
 .text.HAL_NVIC_EnableIRQ
                0x080036b0       0x14 Drivers/STM32L0xx_HAL_Driver/Src/stm32l0xx_hal_cortex.o
                0x080036b0                HAL_NVIC_EnableIRQ
 .text.HAL_SYSTICK_Config
                0x080036c4       0x34 Drivers/STM32L0xx_HAL_Driver/Src/stm32l0xx_hal_cortex.o
                0x080036c4                HAL_SYSTICK_Config
 .text.HAL_DMA_Abort_IT
                0x080036f8       0x4a Drivers/STM32L0xx_HAL_Driver/Src/stm32l0xx_hal_dma.o
                0x080036f8                HAL_DMA_Abort_IT
 *fill*         0x08003742        0x2 
 .text.HAL_GPIO_Init
                0x08003744      0x174 Drivers/STM32L0xx_HAL_Driver/Src/stm32l0xx_hal_gpio.o
                0x08003744                HAL_GPIO_Init
 .text.HAL_GPIO_WritePin
                0x080038b8        0xc Drivers/STM32L0xx_HAL_Driver/Src/stm32l0xx_hal_gpio.o
                0x080038b8                HAL_GPIO_WritePin
 .text.HAL_GPIO_TogglePin
                0x080038c4        0x8 Drivers/STM32L0xx_HAL_Driver/Src/stm32l0xx_hal_gpio.o
                0x080038c4                HAL_GPIO_TogglePin
 .text.HAL_GPIO_EXTI_IRQHandler
                0x080038cc       0x18 Drivers/STM32L0xx_HAL_Driver/Src/stm32l0xx_hal_gpio.o
                0x080038cc                HAL_GPIO_EXTI_IRQHandler
 .text.HAL_IWDG_Init
                0x080038e4       0x58 Drivers/STM32L0xx_HAL_Driver/Src/stm32l0xx_hal_iwdg.o
                0x080038e4                HAL_IWDG_Init
 .text.HAL_IWDG_Refresh
                0x0800393c       0x10 Drivers/STM32L0xx_HAL_Driver/Src/stm32l0xx_hal_iwdg.o
                0x0800393c                HAL_IWDG_Refresh
 .text.HAL_PWR_EnableBkUpAccess
                0x0800394c       0x14 Drivers/STM32L0xx_HAL_Driver/Src/stm32l0xx_hal_pwr.o
                0x0800394c                HAL_PWR_EnableBkUpAccess
 .text.HAL_PWR_EnterSTOPMode
                0x08003960       0x38 Drivers/STM32L0xx_HAL_Driver/Src/stm32l0xx_hal_pwr.o
                0x08003960                HAL_PWR_EnterSTOPMode
 .text.HAL_PWREx_EnableFastWakeUp
                0x08003998       0x14 Drivers/STM32L0xx_HAL_Driver/Src/stm32l0xx_hal_pwr_ex.o
                0x08003998                HAL_PWREx_EnableFastWakeUp
 .text.HAL_PWREx_EnableUltraLowPower
                0x080039ac       0x14 Drivers/STM32L0xx_HAL_Driver/Src/stm32l0xx_hal_pwr_ex.o
                0x080039ac                HAL_PWREx_EnableUltraLowPower
 .text.HAL_RCC_GetSysClockFreq
                0x080039c0       0x80 Drivers/STM32L0xx_HAL_Driver/Src/stm32l0xx_hal_rcc.o
                0x080039c0                HAL_RCC_GetSysClockFreq
 .text.HAL_RCC_OscConfig
                0x08003a40      0x518 Drivers/STM32L0xx_HAL_Driver/Src/stm32l0xx_hal_rcc.o
                0x08003a40                HAL_RCC_OscConfig
 .text.HAL_RCC_ClockConfig
                0x08003f58      0x170 Drivers/STM32L0xx_HAL_Driver/Src/stm32l0xx_hal_rcc.o
                0x08003f58                HAL_RCC_ClockConfig
 .text.HAL_RCC_GetPCLK1Freq
                0x080040c8       0x20 Drivers/STM32L0xx_HAL_Driver/Src/stm32l0xx_hal_rcc.o
                0x080040c8                HAL_RCC_GetPCLK1Freq
 .text.HAL_RCC_GetPCLK2Freq
                0x080040e8       0x20 Drivers/STM32L0xx_HAL_Driver/Src/stm32l0xx_hal_rcc.o
                0x080040e8                HAL_RCC_GetPCLK2Freq
 .text.HAL_RCCEx_PeriphCLKConfig
                0x08004108      0x1b8 Drivers/STM32L0xx_HAL_Driver/Src/stm32l0xx_hal_rcc_ex.o
                0x08004108                HAL_RCCEx_PeriphCLKConfig
 .text.HAL_RTC_AlarmAEventCallback
                0x080042c0        0x2 Drivers/STM32L0xx_HAL_Driver/Src/stm32l0xx_hal_rtc.o
                0x080042c0                HAL_RTC_AlarmAEventCallback
 *fill*         0x080042c2        0x2 
 .text.HAL_RTC_AlarmIRQHandler
                0x080042c4       0x60 Drivers/STM32L0xx_HAL_Driver/Src/stm32l0xx_hal_rtc.o
                0x080042c4                HAL_RTC_AlarmIRQHandler
 .text.HAL_RTC_WaitForSynchro
                0x08004324       0x34 Drivers/STM32L0xx_HAL_Driver/Src/stm32l0xx_hal_rtc.o
                0x08004324                HAL_RTC_WaitForSynchro
 .text.RTC_EnterInitMode
                0x08004358       0x38 Drivers/STM32L0xx_HAL_Driver/Src/stm32l0xx_hal_rtc.o
                0x08004358                RTC_EnterInitMode
 .text.HAL_RTC_Init
                0x08004390       0xb8 Drivers/STM32L0xx_HAL_Driver/Src/stm32l0xx_hal_rtc.o
                0x08004390                HAL_RTC_Init
 .text.RTC_ByteToBcd2
                0x08004448       0x16 Drivers/STM32L0xx_HAL_Driver/Src/stm32l0xx_hal_rtc.o
                0x08004448                RTC_ByteToBcd2
 *fill*         0x0800445e        0x2 
 .text.HAL_RTC_SetTime
                0x08004460      0x100 Drivers/STM32L0xx_HAL_Driver/Src/stm32l0xx_hal_rtc.o
                0x08004460                HAL_RTC_SetTime
 .text.HAL_RTC_SetDate
                0x08004560       0xd8 Drivers/STM32L0xx_HAL_Driver/Src/stm32l0xx_hal_rtc.o
                0x08004560                HAL_RTC_SetDate
 .text.HAL_RTC_SetAlarm_IT
                0x08004638      0x190 Drivers/STM32L0xx_HAL_Driver/Src/stm32l0xx_hal_rtc.o
                0x08004638                HAL_RTC_SetAlarm_IT
 .text.RTC_Bcd2ToByte
                0x080047c8       0x10 Drivers/STM32L0xx_HAL_Driver/Src/stm32l0xx_hal_rtc.o
                0x080047c8                RTC_Bcd2ToByte
 .text.HAL_RTC_GetTime
                0x080047d8       0x54 Drivers/STM32L0xx_HAL_Driver/Src/stm32l0xx_hal_rtc.o
                0x080047d8                HAL_RTC_GetTime
 .text.HAL_RTC_GetDate
                0x0800482c       0x44 Drivers/STM32L0xx_HAL_Driver/Src/stm32l0xx_hal_rtc.o
                0x0800482c                HAL_RTC_GetDate
 .text.HAL_RTCEx_SetWakeUpTimer_IT
                0x08004870       0xf8 Drivers/STM32L0xx_HAL_Driver/Src/stm32l0xx_hal_rtc_ex.o
                0x08004870                HAL_RTCEx_SetWakeUpTimer_IT
 .text.HAL_RTCEx_DeactivateWakeUpTimer
                0x08004968       0x78 Drivers/STM32L0xx_HAL_Driver/Src/stm32l0xx_hal_rtc_ex.o
                0x08004968                HAL_RTCEx_DeactivateWakeUpTimer
 .text.HAL_RTCEx_WakeUpTimerIRQHandler
                0x080049e0       0x34 Drivers/STM32L0xx_HAL_Driver/Src/stm32l0xx_hal_rtc_ex.o
                0x080049e0                HAL_RTCEx_WakeUpTimerIRQHandler
 .text.HAL_RTCEx_AlarmBEventCallback
                0x08004a14        0x2 Drivers/STM32L0xx_HAL_Driver/Src/stm32l0xx_hal_rtc_ex.o
                0x08004a14                HAL_RTCEx_AlarmBEventCallback
 *fill*         0x08004a16        0x2 
 .text.SPI_WaitFlagStateUntilTimeout.constprop.7
                0x08004a18       0x84 Drivers/STM32L0xx_HAL_Driver/Src/stm32l0xx_hal_spi.o
 .text.SPI_EndRxTxTransaction
                0x08004a9c       0x3e Drivers/STM32L0xx_HAL_Driver/Src/stm32l0xx_hal_spi.o
 *fill*         0x08004ada        0x2 
 .text.HAL_SPI_Init
                0x08004adc       0x80 Drivers/STM32L0xx_HAL_Driver/Src/stm32l0xx_hal_spi.o
                0x08004adc                HAL_SPI_Init
 .text.HAL_SPI_TransmitReceive
                0x08004b5c      0x1e6 Drivers/STM32L0xx_HAL_Driver/Src/stm32l0xx_hal_spi.o
                0x08004b5c                HAL_SPI_TransmitReceive
 *fill*         0x08004d42        0x2 
 .text.TIM_Base_SetConfig
                0x08004d44       0x70 Drivers/STM32L0xx_HAL_Driver/Src/stm32l0xx_hal_tim.o
 .text.HAL_TIM_Base_Init
                0x08004db4       0x36 Drivers/STM32L0xx_HAL_Driver/Src/stm32l0xx_hal_tim.o
                0x08004db4                HAL_TIM_Base_Init
 *fill*         0x08004dea        0x2 
 .text.HAL_TIM_ConfigClockSource
                0x08004dec      0x144 Drivers/STM32L0xx_HAL_Driver/Src/stm32l0xx_hal_tim.o
                0x08004dec                HAL_TIM_ConfigClockSource
 .text.HAL_TIMEx_MasterConfigSynchronization
                0x08004f30       0x3c Drivers/STM32L0xx_HAL_Driver/Src/stm32l0xx_hal_tim_ex.o
                0x08004f30                HAL_TIMEx_MasterConfigSynchronization
 .text.UART_EndRxTransfer
                0x08004f6c       0x24 Drivers/STM32L0xx_HAL_Driver/Src/stm32l0xx_hal_uart.o
 .text.HAL_UART_TxCpltCallback
                0x08004f90        0x2 Drivers/STM32L0xx_HAL_Driver/Src/stm32l0xx_hal_uart.o
                0x08004f90                HAL_UART_TxCpltCallback
 .text.HAL_UART_ErrorCallback
                0x08004f92        0x2 Drivers/STM32L0xx_HAL_Driver/Src/stm32l0xx_hal_uart.o
                0x08004f92                HAL_UART_ErrorCallback
 .text.HAL_UART_IRQHandler
                0x08004f94      0x138 Drivers/STM32L0xx_HAL_Driver/Src/stm32l0xx_hal_uart.o
                0x08004f94                HAL_UART_IRQHandler
 .text.UART_DMAAbortOnError
                0x080050cc       0x16 Drivers/STM32L0xx_HAL_Driver/Src/stm32l0xx_hal_uart.o
 *fill*         0x080050e2        0x2 
 .text.UART_SetConfig
                0x080050e4      0x264 Drivers/STM32L0xx_HAL_Driver/Src/stm32l0xx_hal_uart.o
                0x080050e4                UART_SetConfig
 .text.UART_AdvFeatureConfig
                0x08005348       0xd0 Drivers/STM32L0xx_HAL_Driver/Src/stm32l0xx_hal_uart.o
                0x08005348                UART_AdvFeatureConfig
 .text.UART_WaitOnFlagUntilTimeout
                0x08005418       0x5c Drivers/STM32L0xx_HAL_Driver/Src/stm32l0xx_hal_uart.o
                0x08005418                UART_WaitOnFlagUntilTimeout
 .text.HAL_UART_Transmit
                0x08005474       0xd2 Drivers/STM32L0xx_HAL_Driver/Src/stm32l0xx_hal_uart.o
                0x08005474                HAL_UART_Transmit
 *fill*         0x08005546        0x2 
 .text.UART_CheckIdleState
                0x08005548       0x60 Drivers/STM32L0xx_HAL_Driver/Src/stm32l0xx_hal_uart.o
                0x08005548                UART_CheckIdleState
 .text.HAL_UART_Init
                0x080055a8       0x64 Drivers/STM32L0xx_HAL_Driver/Src/stm32l0xx_hal_uart.o
                0x080055a8                HAL_UART_Init
 .text.HAL_UARTEx_StopModeWakeUpSourceConfig
                0x0800560c       0x88 Drivers/STM32L0xx_HAL_Driver/Src/stm32l0xx_hal_uart_ex.o
                0x0800560c                HAL_UARTEx_StopModeWakeUpSourceConfig
 .text.HAL_UARTEx_EnableStopMode
                0x08005694       0x20 Drivers/STM32L0xx_HAL_Driver/Src/stm32l0xx_hal_uart_ex.o
                0x08005694                HAL_UARTEx_EnableStopMode
 .text.Reset_Handler
                0x080056b4       0x50 startup/startup_stm32l072xx.o
                0x080056b4                Reset_Handler
 .text.Default_Handler
                0x08005704        0x2 startup/startup_stm32l072xx.o
                0x08005704                TSC_IRQHandler
                0x08005704                ADC1_COMP_IRQHandler
                0x08005704                PVD_IRQHandler
                0x08005704                I2C1_IRQHandler
                0x08005704                RCC_CRS_IRQHandler
                0x08005704                SPI1_IRQHandler
                0x08005704                TIM6_DAC_IRQHandler
                0x08005704                EXTI2_3_IRQHandler
                0x08005704                I2C2_IRQHandler
                0x08005704                DMA1_Channel4_5_6_7_IRQHandler
                0x08005704                TIM3_IRQHandler
                0x08005704                DMA1_Channel1_IRQHandler
                0x08005704                USART4_5_IRQHandler
                0x08005704                Default_Handler
                0x08005704                TIM22_IRQHandler
                0x08005704                TIM7_IRQHandler
                0x08005704                USB_IRQHandler
                0x08005704                I2C3_IRQHandler
                0x08005704                SPI2_IRQHandler
                0x08005704                TIM21_IRQHandler
                0x08005704                WWDG_IRQHandler
                0x08005704                TIM2_IRQHandler
                0x08005704                DMA1_Channel2_3_IRQHandler
                0x08005704                FLASH_IRQHandler
                0x08005704                USART1_IRQHandler
                0x08005704                RNG_LPUART1_IRQHandler
                0x08005704                LPTIM1_IRQHandler
 *fill*         0x08005706        0x2 
 .text.certif_tx
                0x08005708       0xac stm32-it-sdk/Src/drivers/lorawan/core/lora-test.o
 .text.OnCertifTxNextPacketTimerEvent
                0x080057b4        0x8 stm32-it-sdk/Src/drivers/lorawan/core/lora-test.o
 .text.certif_running
                0x080057bc        0xc stm32-it-sdk/Src/drivers/lorawan/core/lora-test.o
                0x080057bc                certif_running
 .text.certif_DownLinkIncrement
                0x080057c8       0x10 stm32-it-sdk/Src/drivers/lorawan/core/lora-test.o
                0x080057c8                certif_DownLinkIncrement
 .text.certif_linkCheck
                0x080057d8       0x20 stm32-it-sdk/Src/drivers/lorawan/core/lora-test.o
                0x080057d8                certif_linkCheck
 .text.certif_rx
                0x080057f8      0x1a0 stm32-it-sdk/Src/drivers/lorawan/core/lora-test.o
                0x080057f8                certif_rx
 .text.lorawan_driver_macProcessNotify
                0x08005998        0xc stm32-it-sdk/Src/drivers/lorawan/core/lorawan.o
                0x08005998                lorawan_driver_macProcessNotify
 .text.lorawan_driver_battery_level
                0x080059a4       0x3c stm32-it-sdk/Src/drivers/lorawan/core/lorawan.o
                0x080059a4                lorawan_driver_battery_level
 .text.lorawan_driver_temperature
                0x080059e0       0x12 stm32-it-sdk/Src/drivers/lorawan/core/lorawan.o
                0x080059e0                lorawan_driver_temperature
 *fill*         0x080059f2        0x2 
 .text.__convertDR
                0x080059f4       0x70 stm32-it-sdk/Src/drivers/lorawan/core/lorawan.o
 .text.lorawan_driver_loop
                0x08005a64       0x28 stm32-it-sdk/Src/drivers/lorawan/core/lorawan.o
                0x08005a64                lorawan_driver_loop
 .text.lorawan_driver_waitUntilEndOfExecution
                0x08005a8c       0x10 stm32-it-sdk/Src/drivers/lorawan/core/lorawan.o
                0x08005a8c                lorawan_driver_waitUntilEndOfExecution
 .text.MlmeConfirm
                0x08005a9c       0x60 stm32-it-sdk/Src/drivers/lorawan/core/lorawan.o
 .text.McpsIndication
                0x08005afc       0xa0 stm32-it-sdk/Src/drivers/lorawan/core/lorawan.o
 .text.McpsConfirm
                0x08005b9c       0x68 stm32-it-sdk/Src/drivers/lorawan/core/lorawan.o
 .text.lorawan_driver_onTxNeeded
                0x08005c04        0x2 stm32-it-sdk/Src/drivers/lorawan/core/lorawan.o
                0x08005c04                lorawan_driver_onTxNeeded
 .text.MlmeIndication
                0x08005c06        0xe stm32-it-sdk/Src/drivers/lorawan/core/lorawan.o
 .text.lorawan_driver_LORA_Init
                0x08005c14      0x240 stm32-it-sdk/Src/drivers/lorawan/core/lorawan.o
                0x08005c14                lorawan_driver_LORA_Init
 .text.lorawan_driver_LORA_Join
                0x08005e54       0xac stm32-it-sdk/Src/drivers/lorawan/core/lorawan.o
                0x08005e54                lorawan_driver_LORA_Join
 .text.lorawan_driver_LORA_Send
                0x08005f00      0x16c stm32-it-sdk/Src/drivers/lorawan/core/lorawan.o
                0x08005f00                lorawan_driver_LORA_Send
 .text.lorawan_driver_LORA_AddChannel
                0x0800606c       0x70 stm32-it-sdk/Src/drivers/lorawan/core/lorawan.o
                0x0800606c                lorawan_driver_LORA_AddChannel
 .text.lorawan_driver_LORA_GetUplinkFrameCounter
                0x080060dc        0xc stm32-it-sdk/Src/drivers/lorawan/core/lorawan.o
                0x080060dc                lorawan_driver_LORA_GetUplinkFrameCounter
 .text.lorawan_driver_LORA_getJoinState
                0x080060e8        0xc stm32-it-sdk/Src/drivers/lorawan/core/lorawan.o
                0x080060e8                lorawan_driver_LORA_getJoinState
 .text.xor_block
                0x080060f4       0x82 stm32-it-sdk/Src/drivers/lorawan/crypto/aes.o
 .text.copy_and_key
                0x08006176       0x84 stm32-it-sdk/Src/drivers/lorawan/crypto/aes.o
 *fill*         0x080061fa        0x2 
 .text.aes_set_key
                0x080061fc      0x108 stm32-it-sdk/Src/drivers/lorawan/crypto/aes.o
                0x080061fc                aes_set_key
 .text.aes_encrypt
                0x08006304      0x2d4 stm32-it-sdk/Src/drivers/lorawan/crypto/aes.o
                0x08006304                aes_encrypt
 .text.AES_CMAC_Init
                0x080065d8       0x20 stm32-it-sdk/Src/drivers/lorawan/crypto/cmac.o
                0x080065d8                AES_CMAC_Init
 .text.AES_CMAC_SetKey
                0x080065f8        0xe stm32-it-sdk/Src/drivers/lorawan/crypto/cmac.o
                0x080065f8                AES_CMAC_SetKey
 .text.AES_CMAC_Update
                0x08006606       0xc8 stm32-it-sdk/Src/drivers/lorawan/crypto/cmac.o
                0x08006606                AES_CMAC_Update
 .text.AES_CMAC_Final
                0x080066ce      0x156 stm32-it-sdk/Src/drivers/lorawan/crypto/cmac.o
                0x080066ce                AES_CMAC_Final
 .text.DummyCB  0x08006824        0x2 stm32-it-sdk/Src/drivers/lorawan/crypto/soft-se.o
 *fill*         0x08006826        0x2 
 .text.GetKeyByID
                0x08006828       0x30 stm32-it-sdk/Src/drivers/lorawan/crypto/soft-se.o
                0x08006828                GetKeyByID
 .text.ComputeCmac
                0x08006858       0x54 stm32-it-sdk/Src/drivers/lorawan/crypto/soft-se.o
                0x08006858                ComputeCmac
 .text.SecureElementInit
                0x080068ac       0xe8 stm32-it-sdk/Src/drivers/lorawan/crypto/soft-se.o
                0x080068ac                SecureElementInit
 .text.SecureElementRestoreNvmCtx
                0x08006994       0x1c stm32-it-sdk/Src/drivers/lorawan/crypto/soft-se.o
                0x08006994                SecureElementRestoreNvmCtx
 .text.SecureElementGetNvmCtx
                0x080069b0       0x10 stm32-it-sdk/Src/drivers/lorawan/crypto/soft-se.o
                0x080069b0                SecureElementGetNvmCtx
 .text.SecureElementComputeAesCmac
                0x080069c0       0x12 stm32-it-sdk/Src/drivers/lorawan/crypto/soft-se.o
                0x080069c0                SecureElementComputeAesCmac
 .text.SecureElementVerifyAesCmac
                0x080069d2       0x28 stm32-it-sdk/Src/drivers/lorawan/crypto/soft-se.o
                0x080069d2                SecureElementVerifyAesCmac
 *fill*         0x080069fa        0x2 
 .text.SecureElementAesEncrypt
                0x080069fc       0x6c stm32-it-sdk/Src/drivers/lorawan/crypto/soft-se.o
                0x080069fc                SecureElementAesEncrypt
 .text.SecureElementSetKey.part.2
                0x08006a68       0x74 stm32-it-sdk/Src/drivers/lorawan/crypto/soft-se.o
 .text.SecureElementSetKey
                0x08006adc       0x12 stm32-it-sdk/Src/drivers/lorawan/crypto/soft-se.o
                0x08006adc                SecureElementSetKey
 .text.SecureElementDeriveAndStoreKey
                0x08006aee       0x60 stm32-it-sdk/Src/drivers/lorawan/crypto/soft-se.o
                0x08006aee                SecureElementDeriveAndStoreKey
 *fill*         0x08006b4e        0x2 
 .text.OnRadioTxTimeout
                0x08006b50       0x2c stm32-it-sdk/Src/drivers/lorawan/mac/LoRaMac.o
 .text.OnRadioRxError
                0x08006b7c       0x2c stm32-it-sdk/Src/drivers/lorawan/mac/LoRaMac.o
 .text.OnRadioRxTimeout
                0x08006ba8       0x2c stm32-it-sdk/Src/drivers/lorawan/mac/LoRaMac.o
 .text.LoRaMacIsBusy
                0x08006bd4       0x24 stm32-it-sdk/Src/drivers/lorawan/mac/LoRaMac.o
 .text.CallNvmCtxCallback
                0x08006bf8       0x1c stm32-it-sdk/Src/drivers/lorawan/mac/LoRaMac.o
 .text.EventCryptoNvmCtxChanged
                0x08006c14        0xa stm32-it-sdk/Src/drivers/lorawan/mac/LoRaMac.o
 .text.EventSecureElementNvmCtxChanged
                0x08006c1e        0xa stm32-it-sdk/Src/drivers/lorawan/mac/LoRaMac.o
 .text.EventCommandsNvmCtxChanged
                0x08006c28        0xa stm32-it-sdk/Src/drivers/lorawan/mac/LoRaMac.o
 .text.EventClassBNvmCtxChanged
                0x08006c32        0xa stm32-it-sdk/Src/drivers/lorawan/mac/LoRaMac.o
 .text.EventConfirmQueueNvmCtxChanged
                0x08006c3c        0xa stm32-it-sdk/Src/drivers/lorawan/mac/LoRaMac.o
 .text.EventFCntHandlerNvmCtxChanged
                0x08006c46        0xa stm32-it-sdk/Src/drivers/lorawan/mac/LoRaMac.o
 .text.GetMaxAppPayloadWithoutFOptsLength
                0x08006c50       0x34 stm32-it-sdk/Src/drivers/lorawan/mac/LoRaMac.o
 .text.OnAckTimeoutTimerEvent
                0x08006c84       0x58 stm32-it-sdk/Src/drivers/lorawan/mac/LoRaMac.o
 .text.PrepareRxDoneAbort
                0x08006cdc       0x3c stm32-it-sdk/Src/drivers/lorawan/mac/LoRaMac.o
 .text.ResetMacParameters
                0x08006d18       0xa4 stm32-it-sdk/Src/drivers/lorawan/mac/LoRaMac.o
 .text.OnRadioRxDone
                0x08006dbc       0x48 stm32-it-sdk/Src/drivers/lorawan/mac/LoRaMac.o
 .text.OnRadioTxDone
                0x08006e04       0x64 stm32-it-sdk/Src/drivers/lorawan/mac/LoRaMac.o
 .text.OnRxWindow1TimerEvent
                0x08006e68       0x98 stm32-it-sdk/Src/drivers/lorawan/mac/LoRaMac.o
 .text.StopRetransmission
                0x08006f00       0x70 stm32-it-sdk/Src/drivers/lorawan/mac/LoRaMac.o
 .text.OnRxWindow2TimerEvent
                0x08006f70       0x9c stm32-it-sdk/Src/drivers/lorawan/mac/LoRaMac.o
 .text.OpenContinuousRx2Window
                0x0800700c       0x1c stm32-it-sdk/Src/drivers/lorawan/mac/LoRaMac.o
 .text.HandleRadioRxErrorTimeout
                0x08007028      0x10c stm32-it-sdk/Src/drivers/lorawan/mac/LoRaMac.o
 .text.unlikely.ProcessMacCommands.isra.2.constprop.6
                0x08007134      0x534 stm32-it-sdk/Src/drivers/lorawan/mac/LoRaMac.o
 .text.PrepareFrame
                0x08007668      0x19c stm32-it-sdk/Src/drivers/lorawan/mac/LoRaMac.o
                0x08007668                PrepareFrame
 .text.SendFrameOnChannel
                0x08007804      0x10c stm32-it-sdk/Src/drivers/lorawan/mac/LoRaMac.o
                0x08007804                SendFrameOnChannel
 .text.ScheduleTx
                0x08007910      0x250 stm32-it-sdk/Src/drivers/lorawan/mac/LoRaMac.o
 .text.OnTxDelayedTimerEvent
                0x08007b60       0x64 stm32-it-sdk/Src/drivers/lorawan/mac/LoRaMac.o
 .text.Send     0x08007bc4      0x13c stm32-it-sdk/Src/drivers/lorawan/mac/LoRaMac.o
                0x08007bc4                Send
 .text.SendReJoinReq
                0x08007d00       0x4c stm32-it-sdk/Src/drivers/lorawan/mac/LoRaMac.o
                0x08007d00                SendReJoinReq
 .text.SetTxContinuousWave
                0x08007d4c       0x58 stm32-it-sdk/Src/drivers/lorawan/mac/LoRaMac.o
                0x08007d4c                SetTxContinuousWave
 .text.SetTxContinuousWave1
                0x08007da4       0x2c stm32-it-sdk/Src/drivers/lorawan/mac/LoRaMac.o
                0x08007da4                SetTxContinuousWave1
 .text.GetCtxs  0x08007dd0       0x80 stm32-it-sdk/Src/drivers/lorawan/mac/LoRaMac.o
                0x08007dd0                GetCtxs
 .text.RestoreCtxs
                0x08007e50       0x94 stm32-it-sdk/Src/drivers/lorawan/mac/LoRaMac.o
                0x08007e50                RestoreCtxs
 .text.DetermineFrameType
                0x08007ee4       0x4e stm32-it-sdk/Src/drivers/lorawan/mac/LoRaMac.o
                0x08007ee4                DetermineFrameType
 *fill*         0x08007f32        0x2 
 .text.LoRaMacProcess
                0x08007f34      0xa00 stm32-it-sdk/Src/drivers/lorawan/mac/LoRaMac.o
                0x08007f34                LoRaMacProcess
 .text.LoRaMacInitialization
                0x08008934      0x3e4 stm32-it-sdk/Src/drivers/lorawan/mac/LoRaMac.o
                0x08008934                LoRaMacInitialization
 .text.LoRaMacStart
                0x08008d18       0x10 stm32-it-sdk/Src/drivers/lorawan/mac/LoRaMac.o
                0x08008d18                LoRaMacStart
 .text.LoRaMacQueryTxPossible
                0x08008d28       0xc4 stm32-it-sdk/Src/drivers/lorawan/mac/LoRaMac.o
                0x08008d28                LoRaMacQueryTxPossible
 .text.LoRaMacMibGetRequestConfirm
                0x08008dec      0x1ac stm32-it-sdk/Src/drivers/lorawan/mac/LoRaMac.o
                0x08008dec                LoRaMacMibGetRequestConfirm
 .text.LoRaMacMibSetRequestConfirm
                0x08008f98      0x484 stm32-it-sdk/Src/drivers/lorawan/mac/LoRaMac.o
                0x08008f98                LoRaMacMibSetRequestConfirm
 .text.LoRaMacChannelAdd
                0x0800941c       0x44 stm32-it-sdk/Src/drivers/lorawan/mac/LoRaMac.o
                0x0800941c                LoRaMacChannelAdd
 .text.LoRaMacMlmeRequest
                0x08009460      0x194 stm32-it-sdk/Src/drivers/lorawan/mac/LoRaMac.o
                0x08009460                LoRaMacMlmeRequest
 .text.LoRaMacMcpsRequest
                0x080095f4      0x178 stm32-it-sdk/Src/drivers/lorawan/mac/LoRaMac.o
                0x080095f4                LoRaMacMcpsRequest
 .text.LoRaMacTestSetDutyCycleOn
                0x0800976c       0x28 stm32-it-sdk/Src/drivers/lorawan/mac/LoRaMac.o
                0x0800976c                LoRaMacTestSetDutyCycleOn
 .text.LoRaMacAdrCalcNext
                0x08009794       0xce stm32-it-sdk/Src/drivers/lorawan/mac/LoRaMacAdr.o
                0x08009794                LoRaMacAdrCalcNext
 .text.LoRaMacClassBInit
                0x08009862        0x2 stm32-it-sdk/Src/drivers/lorawan/mac/LoRaMacClassB.o
                0x08009862                LoRaMacClassBInit
 .text.LoRaMacClassBRestoreNvmCtx
                0x08009864        0x4 stm32-it-sdk/Src/drivers/lorawan/mac/LoRaMacClassB.o
                0x08009864                LoRaMacClassBRestoreNvmCtx
 .text.LoRaMacClassBGetNvmCtx
                0x08009868        0x8 stm32-it-sdk/Src/drivers/lorawan/mac/LoRaMacClassB.o
                0x08009868                LoRaMacClassBGetNvmCtx
 .text.LoRaMacClassBSetBeaconState
                0x08009870        0x2 stm32-it-sdk/Src/drivers/lorawan/mac/LoRaMacClassB.o
                0x08009870                LoRaMacClassBSetBeaconState
 .text.LoRaMacClassBSetPingSlotState
                0x08009872        0x2 stm32-it-sdk/Src/drivers/lorawan/mac/LoRaMacClassB.o
                0x08009872                LoRaMacClassBSetPingSlotState
 .text.LoRaMacClassBSetMulticastSlotState
                0x08009874        0x2 stm32-it-sdk/Src/drivers/lorawan/mac/LoRaMacClassB.o
                0x08009874                LoRaMacClassBSetMulticastSlotState
 .text.LoRaMacClassBIsAcquisitionInProgress
                0x08009876        0x4 stm32-it-sdk/Src/drivers/lorawan/mac/LoRaMacClassB.o
                0x08009876                LoRaMacClassBIsAcquisitionInProgress
 .text.LoRaMacClassBBeaconTimerEvent
                0x0800987a        0x2 stm32-it-sdk/Src/drivers/lorawan/mac/LoRaMacClassB.o
                0x0800987a                LoRaMacClassBBeaconTimerEvent
 .text.LoRaMacClassBPingSlotTimerEvent
                0x0800987c        0x2 stm32-it-sdk/Src/drivers/lorawan/mac/LoRaMacClassB.o
                0x0800987c                LoRaMacClassBPingSlotTimerEvent
 .text.LoRaMacClassBMulticastSlotTimerEvent
                0x0800987e        0x2 stm32-it-sdk/Src/drivers/lorawan/mac/LoRaMacClassB.o
                0x0800987e                LoRaMacClassBMulticastSlotTimerEvent
 .text.LoRaMacClassBRxBeacon
                0x08009880        0x4 stm32-it-sdk/Src/drivers/lorawan/mac/LoRaMacClassB.o
                0x08009880                LoRaMacClassBRxBeacon
 .text.LoRaMacClassBIsBeaconExpected
                0x08009884        0x4 stm32-it-sdk/Src/drivers/lorawan/mac/LoRaMacClassB.o
                0x08009884                LoRaMacClassBIsBeaconExpected
 .text.LoRaMacClassBIsPingExpected
                0x08009888        0x4 stm32-it-sdk/Src/drivers/lorawan/mac/LoRaMacClassB.o
                0x08009888                LoRaMacClassBIsPingExpected
 .text.LoRaMacClassBIsMulticastExpected
                0x0800988c        0x4 stm32-it-sdk/Src/drivers/lorawan/mac/LoRaMacClassB.o
                0x0800988c                LoRaMacClassBIsMulticastExpected
 .text.LoRaMacClassBIsBeaconModeActive
                0x08009890        0x4 stm32-it-sdk/Src/drivers/lorawan/mac/LoRaMacClassB.o
                0x08009890                LoRaMacClassBIsBeaconModeActive
 .text.LoRaMacClassBSetPingSlotInfo
                0x08009894        0x2 stm32-it-sdk/Src/drivers/lorawan/mac/LoRaMacClassB.o
                0x08009894                LoRaMacClassBSetPingSlotInfo
 .text.LoRaMacClassBHaltBeaconing
                0x08009896        0x2 stm32-it-sdk/Src/drivers/lorawan/mac/LoRaMacClassB.o
                0x08009896                LoRaMacClassBHaltBeaconing
 .text.LoRaMacClassBResumeBeaconing
                0x08009898        0x2 stm32-it-sdk/Src/drivers/lorawan/mac/LoRaMacClassB.o
                0x08009898                LoRaMacClassBResumeBeaconing
 .text.LoRaMacClassBSwitchClass
                0x0800989a        0x4 stm32-it-sdk/Src/drivers/lorawan/mac/LoRaMacClassB.o
                0x0800989a                LoRaMacClassBSwitchClass
 .text.LoRaMacClassBMibGetRequestConfirm
                0x0800989e        0x4 stm32-it-sdk/Src/drivers/lorawan/mac/LoRaMacClassB.o
                0x0800989e                LoRaMacClassBMibGetRequestConfirm
 .text.LoRaMacMibClassBSetRequestConfirm
                0x080098a2        0x4 stm32-it-sdk/Src/drivers/lorawan/mac/LoRaMacClassB.o
                0x080098a2                LoRaMacMibClassBSetRequestConfirm
 .text.LoRaMacClassBPingSlotInfoAns
                0x080098a6        0x2 stm32-it-sdk/Src/drivers/lorawan/mac/LoRaMacClassB.o
                0x080098a6                LoRaMacClassBPingSlotInfoAns
 .text.LoRaMacClassBPingSlotChannelReq
                0x080098a8        0x4 stm32-it-sdk/Src/drivers/lorawan/mac/LoRaMacClassB.o
                0x080098a8                LoRaMacClassBPingSlotChannelReq
 .text.LoRaMacClassBBeaconTimingAns
                0x080098ac        0x2 stm32-it-sdk/Src/drivers/lorawan/mac/LoRaMacClassB.o
                0x080098ac                LoRaMacClassBBeaconTimingAns
 .text.LoRaMacClassBDeviceTimeAns
                0x080098ae        0x2 stm32-it-sdk/Src/drivers/lorawan/mac/LoRaMacClassB.o
                0x080098ae                LoRaMacClassBDeviceTimeAns
 .text.LoRaMacClassBBeaconFreqReq
                0x080098b0        0x4 stm32-it-sdk/Src/drivers/lorawan/mac/LoRaMacClassB.o
                0x080098b0                LoRaMacClassBBeaconFreqReq
 .text.LoRaMacClassBIsUplinkCollision
                0x080098b4        0x4 stm32-it-sdk/Src/drivers/lorawan/mac/LoRaMacClassB.o
                0x080098b4                LoRaMacClassBIsUplinkCollision
 .text.LoRaMacClassBStopRxSlots
                0x080098b8        0x2 stm32-it-sdk/Src/drivers/lorawan/mac/LoRaMacClassB.o
                0x080098b8                LoRaMacClassBStopRxSlots
 .text.LoRaMacClassBProcess
                0x080098ba        0x2 stm32-it-sdk/Src/drivers/lorawan/mac/LoRaMacClassB.o
                0x080098ba                LoRaMacClassBProcess
 .text.NvmCtxCallback
                0x080098bc       0x14 stm32-it-sdk/Src/drivers/lorawan/mac/LoRaMacCommands.o
 .text.isSlotFree
                0x080098d0       0x18 stm32-it-sdk/Src/drivers/lorawan/mac/LoRaMacCommands.o
                0x080098d0                isSlotFree
 .text.mallocNewMacCommandSlot
                0x080098e8       0x28 stm32-it-sdk/Src/drivers/lorawan/mac/LoRaMacCommands.o
                0x080098e8                mallocNewMacCommandSlot
 .text.freeMacCommandSlot
                0x08009910       0x14 stm32-it-sdk/Src/drivers/lorawan/mac/LoRaMacCommands.o
                0x08009910                freeMacCommandSlot
 .text.LoRaMacCommandsInit
                0x08009924       0x24 stm32-it-sdk/Src/drivers/lorawan/mac/LoRaMacCommands.o
                0x08009924                LoRaMacCommandsInit
 .text.LoRaMacCommandsRestoreNvmCtx
                0x08009948       0x1c stm32-it-sdk/Src/drivers/lorawan/mac/LoRaMacCommands.o
                0x08009948                LoRaMacCommandsRestoreNvmCtx
 .text.LoRaMacCommandsGetNvmCtx
                0x08009964        0xc stm32-it-sdk/Src/drivers/lorawan/mac/LoRaMacCommands.o
                0x08009964                LoRaMacCommandsGetNvmCtx
 .text.LoRaMacCommandsAddCmd
                0x08009970       0x70 stm32-it-sdk/Src/drivers/lorawan/mac/LoRaMacCommands.o
                0x08009970                LoRaMacCommandsAddCmd
 .text.LoRaMacCommandsRemoveCmd
                0x080099e0       0x5c stm32-it-sdk/Src/drivers/lorawan/mac/LoRaMacCommands.o
                0x080099e0                LoRaMacCommandsRemoveCmd
 .text.LoRaMacCommandsRemoveNoneStickyCmds
                0x08009a3c       0x28 stm32-it-sdk/Src/drivers/lorawan/mac/LoRaMacCommands.o
                0x08009a3c                LoRaMacCommandsRemoveNoneStickyCmds
 .text.LoRaMacCommandsRemoveStickyAnsCmds
                0x08009a64       0x38 stm32-it-sdk/Src/drivers/lorawan/mac/LoRaMacCommands.o
                0x08009a64                LoRaMacCommandsRemoveStickyAnsCmds
 .text.LoRaMacCommandsGetSizeSerializedCmds
                0x08009a9c       0x18 stm32-it-sdk/Src/drivers/lorawan/mac/LoRaMacCommands.o
                0x08009a9c                LoRaMacCommandsGetSizeSerializedCmds
 .text.LoRaMacCommandsSerializeCmds
                0x08009ab4       0x4c stm32-it-sdk/Src/drivers/lorawan/mac/LoRaMacCommands.o
                0x08009ab4                LoRaMacCommandsSerializeCmds
 .text.LoRaMacCommandsStickyCmdsPending
                0x08009b00       0x2c stm32-it-sdk/Src/drivers/lorawan/mac/LoRaMacCommands.o
                0x08009b00                LoRaMacCommandsStickyCmdsPending
 .text.LoRaMacConfirmQueueInit
                0x08009b2c       0x30 stm32-it-sdk/Src/drivers/lorawan/mac/LoRaMacConfirmQueue.o
                0x08009b2c                LoRaMacConfirmQueueInit
 .text.LoRaMacConfirmQueueRestoreNvmCtx
                0x08009b5c       0x1c stm32-it-sdk/Src/drivers/lorawan/mac/LoRaMacConfirmQueue.o
                0x08009b5c                LoRaMacConfirmQueueRestoreNvmCtx
 .text.LoRaMacConfirmQueueGetNvmCtx
                0x08009b78       0x10 stm32-it-sdk/Src/drivers/lorawan/mac/LoRaMacConfirmQueue.o
                0x08009b78                LoRaMacConfirmQueueGetNvmCtx
 .text.LoRaMacConfirmQueueAdd
                0x08009b88       0x3c stm32-it-sdk/Src/drivers/lorawan/mac/LoRaMacConfirmQueue.o
                0x08009b88                LoRaMacConfirmQueueAdd
 .text.LoRaMacConfirmQueueRemoveFirst
                0x08009bc4       0x2c stm32-it-sdk/Src/drivers/lorawan/mac/LoRaMacConfirmQueue.o
                0x08009bc4                LoRaMacConfirmQueueRemoveFirst
 .text.LoRaMacConfirmQueueSetStatus
                0x08009bf0       0x38 stm32-it-sdk/Src/drivers/lorawan/mac/LoRaMacConfirmQueue.o
                0x08009bf0                LoRaMacConfirmQueueSetStatus
 .text.LoRaMacConfirmQueueGetStatus
                0x08009c28       0x3c stm32-it-sdk/Src/drivers/lorawan/mac/LoRaMacConfirmQueue.o
                0x08009c28                LoRaMacConfirmQueueGetStatus
 .text.LoRaMacConfirmQueueSetStatusCmn
                0x08009c64       0x38 stm32-it-sdk/Src/drivers/lorawan/mac/LoRaMacConfirmQueue.o
                0x08009c64                LoRaMacConfirmQueueSetStatusCmn
 .text.LoRaMacConfirmQueueGetStatusCmn
                0x08009c9c        0xc stm32-it-sdk/Src/drivers/lorawan/mac/LoRaMacConfirmQueue.o
                0x08009c9c                LoRaMacConfirmQueueGetStatusCmn
 .text.LoRaMacConfirmQueueIsCmdActive
                0x08009ca8       0x30 stm32-it-sdk/Src/drivers/lorawan/mac/LoRaMacConfirmQueue.o
                0x08009ca8                LoRaMacConfirmQueueIsCmdActive
 .text.LoRaMacConfirmQueueHandleCb
                0x08009cd8       0x58 stm32-it-sdk/Src/drivers/lorawan/mac/LoRaMacConfirmQueue.o
                0x08009cd8                LoRaMacConfirmQueueHandleCb
 .text.LoRaMacConfirmQueueGetCnt
                0x08009d30        0xc stm32-it-sdk/Src/drivers/lorawan/mac/LoRaMacConfirmQueue.o
                0x08009d30                LoRaMacConfirmQueueGetCnt
 .text.LoRaMacConfirmQueueIsFull
                0x08009d3c       0x14 stm32-it-sdk/Src/drivers/lorawan/mac/LoRaMacConfirmQueue.o
                0x08009d3c                LoRaMacConfirmQueueIsFull
 .text.DummyCB  0x08009d50        0x2 stm32-it-sdk/Src/drivers/lorawan/mac/LoRaMacCrypto.o
 *fill*         0x08009d52        0x2 
 .text.DeriveLifeTimeSessionKey
                0x08009d54       0x4c stm32-it-sdk/Src/drivers/lorawan/mac/LoRaMacCrypto.o
 .text.PayloadEncrypt
                0x08009da0       0xca stm32-it-sdk/Src/drivers/lorawan/mac/LoRaMacCrypto.o
 .text.FOptsEncrypt
                0x08009e6a       0x9a stm32-it-sdk/Src/drivers/lorawan/mac/LoRaMacCrypto.o
 .text.DeriveSessionKey11x
                0x08009f04       0x90 stm32-it-sdk/Src/drivers/lorawan/mac/LoRaMacCrypto.o
 .text.DeriveSessionKey10x
                0x08009f94       0x6c stm32-it-sdk/Src/drivers/lorawan/mac/LoRaMacCrypto.o
 .text.ComputeCmacB1.constprop.5
                0x0800a000       0xb0 stm32-it-sdk/Src/drivers/lorawan/mac/LoRaMacCrypto.o
 .text.VerifyCmacB0.constprop.6
                0x0800a0b0       0xac stm32-it-sdk/Src/drivers/lorawan/mac/LoRaMacCrypto.o
 .text.ComputeCmacB0.part.4.constprop.8
                0x0800a15c       0x90 stm32-it-sdk/Src/drivers/lorawan/mac/LoRaMacCrypto.o
 .text.ResetFCnts
                0x0800a1ec       0x24 stm32-it-sdk/Src/drivers/lorawan/mac/LoRaMacCrypto.o
                0x0800a1ec                ResetFCnts
 .text.LoRaMacCryptoInit
                0x0800a210       0x58 stm32-it-sdk/Src/drivers/lorawan/mac/LoRaMacCrypto.o
                0x0800a210                LoRaMacCryptoInit
 .text.LoRaMacCryptoSetLrWanVersion
                0x0800a268        0xc stm32-it-sdk/Src/drivers/lorawan/mac/LoRaMacCrypto.o
                0x0800a268                LoRaMacCryptoSetLrWanVersion
 .text.LoRaMacCryptoRestoreNvmCtx
                0x0800a274       0x1c stm32-it-sdk/Src/drivers/lorawan/mac/LoRaMacCrypto.o
                0x0800a274                LoRaMacCryptoRestoreNvmCtx
 .text.LoRaMacCryptoGetNvmCtx
                0x0800a290       0x10 stm32-it-sdk/Src/drivers/lorawan/mac/LoRaMacCrypto.o
                0x0800a290                LoRaMacCryptoGetNvmCtx
 .text.LoRaMacCryptoSetKey
                0x0800a2a0       0x12 stm32-it-sdk/Src/drivers/lorawan/mac/LoRaMacCrypto.o
                0x0800a2a0                LoRaMacCryptoSetKey
 *fill*         0x0800a2b2        0x2 
 .text.LoRaMacCryptoPrepareJoinRequest
                0x0800a2b4       0x70 stm32-it-sdk/Src/drivers/lorawan/mac/LoRaMacCrypto.o
                0x0800a2b4                LoRaMacCryptoPrepareJoinRequest
 .text.LoRaMacCryptoHandleJoinAccept
                0x0800a324      0x1c4 stm32-it-sdk/Src/drivers/lorawan/mac/LoRaMacCrypto.o
                0x0800a324                LoRaMacCryptoHandleJoinAccept
 .text.LoRaMacCryptoSecureMessage
                0x0800a4e8      0x140 stm32-it-sdk/Src/drivers/lorawan/mac/LoRaMacCrypto.o
                0x0800a4e8                LoRaMacCryptoSecureMessage
 .text.LoRaMacCryptoUnsecureMessage
                0x0800a628      0x154 stm32-it-sdk/Src/drivers/lorawan/mac/LoRaMacCrypto.o
                0x0800a628                LoRaMacCryptoUnsecureMessage
 .text.NvmCtxChanged
                0x0800a77c       0x14 stm32-it-sdk/Src/drivers/lorawan/mac/LoRaMacFCntHandler.o
 .text.LoRaMacFCntHandlerRestoreNvmCtx
                0x0800a790       0x1c stm32-it-sdk/Src/drivers/lorawan/mac/LoRaMacFCntHandler.o
                0x0800a790                LoRaMacFCntHandlerRestoreNvmCtx
 .text.LoRaMacFCntHandlerGetNvmCtx
                0x0800a7ac       0x10 stm32-it-sdk/Src/drivers/lorawan/mac/LoRaMacFCntHandler.o
                0x0800a7ac                LoRaMacFCntHandlerGetNvmCtx
 .text.LoRaMacGetFCntDown
                0x0800a7bc       0xbc stm32-it-sdk/Src/drivers/lorawan/mac/LoRaMacFCntHandler.o
                0x0800a7bc                LoRaMacGetFCntDown
 .text.LoRaMacSetFCntDown
                0x0800a878       0x50 stm32-it-sdk/Src/drivers/lorawan/mac/LoRaMacFCntHandler.o
                0x0800a878                LoRaMacSetFCntDown
 .text.LoRaMacGetFCntUp
                0x0800a8c8       0x18 stm32-it-sdk/Src/drivers/lorawan/mac/LoRaMacFCntHandler.o
                0x0800a8c8                LoRaMacGetFCntUp
 .text.LoRaMacSetFCntUp
                0x0800a8e0       0x14 stm32-it-sdk/Src/drivers/lorawan/mac/LoRaMacFCntHandler.o
                0x0800a8e0                LoRaMacSetFCntUp
 .text.LoRaMacResetFCnts
                0x0800a8f4       0x28 stm32-it-sdk/Src/drivers/lorawan/mac/LoRaMacFCntHandler.o
                0x0800a8f4                LoRaMacResetFCnts
 .text.LoRaMacFCntHandlerInit
                0x0800a91c       0x14 stm32-it-sdk/Src/drivers/lorawan/mac/LoRaMacFCntHandler.o
                0x0800a91c                LoRaMacFCntHandlerInit
 .text.LoRaMacFCntHandlerSetMulticastReference
                0x0800a930       0x28 stm32-it-sdk/Src/drivers/lorawan/mac/LoRaMacFCntHandler.o
                0x0800a930                LoRaMacFCntHandlerSetMulticastReference
 .text.LoRaMacParserJoinAccept
                0x0800a958       0x98 stm32-it-sdk/Src/drivers/lorawan/mac/LoRaMacParser.o
                0x0800a958                LoRaMacParserJoinAccept
 .text.LoRaMacParserData
                0x0800a9f0       0xb6 stm32-it-sdk/Src/drivers/lorawan/mac/LoRaMacParser.o
                0x0800a9f0                LoRaMacParserData
 .text.LoRaMacSerializerJoinRequest
                0x0800aaa6       0x6a stm32-it-sdk/Src/drivers/lorawan/mac/LoRaMacSerializer.o
                0x0800aaa6                LoRaMacSerializerJoinRequest
 .text.LoRaMacSerializerData
                0x0800ab10       0xdc stm32-it-sdk/Src/drivers/lorawan/mac/LoRaMacSerializer.o
                0x0800ab10                LoRaMacSerializerData
 .text.RegionIsActive
                0x0800abec        0xc stm32-it-sdk/Src/drivers/lorawan/mac/region/Region.o
                0x0800abec                RegionIsActive
 .text.RegionGetPhyParam
                0x0800abf8       0x6e stm32-it-sdk/Src/drivers/lorawan/mac/region/Region.o
                0x0800abf8                RegionGetPhyParam
 .text.RegionSetBandTxDone
                0x0800ac66       0x64 stm32-it-sdk/Src/drivers/lorawan/mac/region/Region.o
                0x0800ac66                RegionSetBandTxDone
 .text.RegionInitDefaults
                0x0800acca       0x64 stm32-it-sdk/Src/drivers/lorawan/mac/region/Region.o
                0x0800acca                RegionInitDefaults
 .text.RegionGetNvmCtx
                0x0800ad2e       0x6a stm32-it-sdk/Src/drivers/lorawan/mac/region/Region.o
                0x0800ad2e                RegionGetNvmCtx
 .text.RegionVerify
                0x0800ad98       0x6e stm32-it-sdk/Src/drivers/lorawan/mac/region/Region.o
                0x0800ad98                RegionVerify
 .text.RegionApplyCFList
                0x0800ae06       0x64 stm32-it-sdk/Src/drivers/lorawan/mac/region/Region.o
                0x0800ae06                RegionApplyCFList
 .text.RegionChanMaskSet
                0x0800ae6a       0x6a stm32-it-sdk/Src/drivers/lorawan/mac/region/Region.o
                0x0800ae6a                RegionChanMaskSet
 .text.RegionComputeRxWindowParameters
                0x0800aed4       0x6c stm32-it-sdk/Src/drivers/lorawan/mac/region/Region.o
                0x0800aed4                RegionComputeRxWindowParameters
 .text.RegionRxConfig
                0x0800af40       0x6e stm32-it-sdk/Src/drivers/lorawan/mac/region/Region.o
                0x0800af40                RegionRxConfig
 .text.RegionTxConfig
                0x0800afae       0x70 stm32-it-sdk/Src/drivers/lorawan/mac/region/Region.o
                0x0800afae                RegionTxConfig
 .text.RegionLinkAdrReq
                0x0800b01e       0x76 stm32-it-sdk/Src/drivers/lorawan/mac/region/Region.o
                0x0800b01e                RegionLinkAdrReq
 .text.RegionRxParamSetupReq
                0x0800b094       0x6a stm32-it-sdk/Src/drivers/lorawan/mac/region/Region.o
                0x0800b094                RegionRxParamSetupReq
 .text.RegionNewChannelReq
                0x0800b0fe       0x6a stm32-it-sdk/Src/drivers/lorawan/mac/region/Region.o
                0x0800b0fe                RegionNewChannelReq
 .text.RegionTxParamSetupReq
                0x0800b168       0x6a stm32-it-sdk/Src/drivers/lorawan/mac/region/Region.o
                0x0800b168                RegionTxParamSetupReq
 .text.RegionDlChannelReq
                0x0800b1d2       0x6a stm32-it-sdk/Src/drivers/lorawan/mac/region/Region.o
                0x0800b1d2                RegionDlChannelReq
 .text.RegionAlternateDr
                0x0800b23c       0x6e stm32-it-sdk/Src/drivers/lorawan/mac/region/Region.o
                0x0800b23c                RegionAlternateDr
 .text.RegionCalcBackOff
                0x0800b2aa       0x64 stm32-it-sdk/Src/drivers/lorawan/mac/region/Region.o
                0x0800b2aa                RegionCalcBackOff
 .text.RegionNextChannel
                0x0800b30e       0x72 stm32-it-sdk/Src/drivers/lorawan/mac/region/Region.o
                0x0800b30e                RegionNextChannel
 .text.RegionChannelAdd
                0x0800b380       0x6a stm32-it-sdk/Src/drivers/lorawan/mac/region/Region.o
                0x0800b380                RegionChannelAdd
 .text.RegionSetContinuousWave
                0x0800b3ea       0x64 stm32-it-sdk/Src/drivers/lorawan/mac/region/Region.o
                0x0800b3ea                RegionSetContinuousWave
 .text.RegionApplyDrOffset
                0x0800b44e       0x70 stm32-it-sdk/Src/drivers/lorawan/mac/region/Region.o
                0x0800b44e                RegionApplyDrOffset
 *fill*         0x0800b4be        0x2 
 .text.VerifyRfFreq
                0x0800b4c0       0x2c stm32-it-sdk/Src/drivers/lorawan/mac/region/RegionAS923.o
 .text.RegionAS923GetPhyParam
                0x0800b4ec      0x140 stm32-it-sdk/Src/drivers/lorawan/mac/region/RegionAS923.o
                0x0800b4ec                RegionAS923GetPhyParam
 .text.RegionAS923SetBandTxDone
                0x0800b62c       0x24 stm32-it-sdk/Src/drivers/lorawan/mac/region/RegionAS923.o
                0x0800b62c                RegionAS923SetBandTxDone
 .text.RegionAS923InitDefaults
                0x0800b650       0x84 stm32-it-sdk/Src/drivers/lorawan/mac/region/RegionAS923.o
                0x0800b650                RegionAS923InitDefaults
 .text.RegionAS923GetNvmCtx
                0x0800b6d4        0xc stm32-it-sdk/Src/drivers/lorawan/mac/region/RegionAS923.o
                0x0800b6d4                RegionAS923GetNvmCtx
 .text.RegionAS923Verify
                0x0800b6e0       0x4e stm32-it-sdk/Src/drivers/lorawan/mac/region/RegionAS923.o
                0x0800b6e0                RegionAS923Verify
 *fill*         0x0800b72e        0x2 
 .text.RegionAS923ChanMaskSet
                0x0800b730       0x30 stm32-it-sdk/Src/drivers/lorawan/mac/region/RegionAS923.o
                0x0800b730                RegionAS923ChanMaskSet
 .text.RegionAS923ComputeRxWindowParameters
                0x0800b760       0x84 stm32-it-sdk/Src/drivers/lorawan/mac/region/RegionAS923.o
                0x0800b760                RegionAS923ComputeRxWindowParameters
 .text.RegionAS923RxConfig
                0x0800b7e4       0xe8 stm32-it-sdk/Src/drivers/lorawan/mac/region/RegionAS923.o
                0x0800b7e4                RegionAS923RxConfig
 .text.RegionAS923TxConfig
                0x0800b8cc      0x118 stm32-it-sdk/Src/drivers/lorawan/mac/region/RegionAS923.o
                0x0800b8cc                RegionAS923TxConfig
 .text.RegionAS923LinkAdrReq
                0x0800b9e4      0x14c stm32-it-sdk/Src/drivers/lorawan/mac/region/RegionAS923.o
                0x0800b9e4                RegionAS923LinkAdrReq
 .text.RegionAS923RxParamSetupReq
                0x0800bb30       0x3e stm32-it-sdk/Src/drivers/lorawan/mac/region/RegionAS923.o
                0x0800bb30                RegionAS923RxParamSetupReq
 .text.RegionAS923TxParamSetupReq
                0x0800bb6e        0x4 stm32-it-sdk/Src/drivers/lorawan/mac/region/RegionAS923.o
                0x0800bb6e                RegionAS923TxParamSetupReq
 *fill*         0x0800bb72        0x2 
 .text.RegionAS923DlChannelReq
                0x0800bb74       0x38 stm32-it-sdk/Src/drivers/lorawan/mac/region/RegionAS923.o
                0x0800bb74                RegionAS923DlChannelReq
 .text.RegionAS923AlternateDr
                0x0800bbac        0x4 stm32-it-sdk/Src/drivers/lorawan/mac/region/RegionAS923.o
                0x0800bbac                RegionAS923AlternateDr
 .text.RegionAS923CalcBackOff
                0x0800bbb0       0x38 stm32-it-sdk/Src/drivers/lorawan/mac/region/RegionAS923.o
                0x0800bbb0                RegionAS923CalcBackOff
 .text.RegionAS923NextChannel
                0x0800bbe8      0x168 stm32-it-sdk/Src/drivers/lorawan/mac/region/RegionAS923.o
                0x0800bbe8                RegionAS923NextChannel
 .text.RegionAS923ChannelAdd
                0x0800bd50       0x98 stm32-it-sdk/Src/drivers/lorawan/mac/region/RegionAS923.o
                0x0800bd50                RegionAS923ChannelAdd
 .text.RegionAS923ChannelsRemove
                0x0800bde8       0x30 stm32-it-sdk/Src/drivers/lorawan/mac/region/RegionAS923.o
                0x0800bde8                RegionAS923ChannelsRemove
 .text.RegionAS923ApplyCFList
                0x0800be18       0x72 stm32-it-sdk/Src/drivers/lorawan/mac/region/RegionAS923.o
                0x0800be18                RegionAS923ApplyCFList
 .text.RegionAS923NewChannelReq
                0x0800be8a       0x44 stm32-it-sdk/Src/drivers/lorawan/mac/region/RegionAS923.o
                0x0800be8a                RegionAS923NewChannelReq
 *fill*         0x0800bece        0x2 
 .text.RegionAS923SetContinuousWave
                0x0800bed0       0x4c stm32-it-sdk/Src/drivers/lorawan/mac/region/RegionAS923.o
                0x0800bed0                RegionAS923SetContinuousWave
 .text.RegionAS923ApplyDrOffset
                0x0800bf1c       0x24 stm32-it-sdk/Src/drivers/lorawan/mac/region/RegionAS923.o
                0x0800bf1c                RegionAS923ApplyDrOffset
 .text.RegionAU915GetPhyParam
                0x0800bf40      0x160 stm32-it-sdk/Src/drivers/lorawan/mac/region/RegionAU915.o
                0x0800bf40                RegionAU915GetPhyParam
 .text.RegionAU915SetBandTxDone
                0x0800c0a0       0x24 stm32-it-sdk/Src/drivers/lorawan/mac/region/RegionAU915.o
                0x0800c0a0                RegionAU915SetBandTxDone
 .text.RegionAU915InitDefaults
                0x0800c0c4       0xfc stm32-it-sdk/Src/drivers/lorawan/mac/region/RegionAU915.o
                0x0800c0c4                RegionAU915InitDefaults
 .text.RegionAU915GetNvmCtx
                0x0800c1c0       0x10 stm32-it-sdk/Src/drivers/lorawan/mac/region/RegionAU915.o
                0x0800c1c0                RegionAU915GetNvmCtx
 .text.RegionAU915Verify
                0x0800c1d0       0x4c stm32-it-sdk/Src/drivers/lorawan/mac/region/RegionAU915.o
                0x0800c1d0                RegionAU915Verify
 .text.RegionAU915ApplyCFList
                0x0800c21c       0x50 stm32-it-sdk/Src/drivers/lorawan/mac/region/RegionAU915.o
                0x0800c21c                RegionAU915ApplyCFList
 .text.RegionAU915ChanMaskSet
                0x0800c26c       0x64 stm32-it-sdk/Src/drivers/lorawan/mac/region/RegionAU915.o
                0x0800c26c                RegionAU915ChanMaskSet
 .text.RegionAU915ComputeRxWindowParameters
                0x0800c2d0       0x78 stm32-it-sdk/Src/drivers/lorawan/mac/region/RegionAU915.o
                0x0800c2d0                RegionAU915ComputeRxWindowParameters
 .text.RegionAU915RxConfig
                0x0800c348       0xa8 stm32-it-sdk/Src/drivers/lorawan/mac/region/RegionAU915.o
                0x0800c348                RegionAU915RxConfig
 .text.RegionAU915TxConfig
                0x0800c3f0       0xe8 stm32-it-sdk/Src/drivers/lorawan/mac/region/RegionAU915.o
                0x0800c3f0                RegionAU915TxConfig
 .text.RegionAU915LinkAdrReq
                0x0800c4d8      0x208 stm32-it-sdk/Src/drivers/lorawan/mac/region/RegionAU915.o
                0x0800c4d8                RegionAU915LinkAdrReq
 .text.RegionAU915RxParamSetupReq
                0x0800c6e0       0x78 stm32-it-sdk/Src/drivers/lorawan/mac/region/RegionAU915.o
                0x0800c6e0                RegionAU915RxParamSetupReq
 .text.RegionAU915NewChannelReq
                0x0800c758        0x4 stm32-it-sdk/Src/drivers/lorawan/mac/region/RegionAU915.o
                0x0800c758                RegionAU915NewChannelReq
 .text.RegionAU915TxParamSetupReq
                0x0800c75c        0x4 stm32-it-sdk/Src/drivers/lorawan/mac/region/RegionAU915.o
                0x0800c75c                RegionAU915TxParamSetupReq
 .text.RegionAU915DlChannelReq
                0x0800c760        0x4 stm32-it-sdk/Src/drivers/lorawan/mac/region/RegionAU915.o
                0x0800c760                RegionAU915DlChannelReq
 .text.RegionAU915AlternateDr
                0x0800c764       0x24 stm32-it-sdk/Src/drivers/lorawan/mac/region/RegionAU915.o
                0x0800c764                RegionAU915AlternateDr
 .text.RegionAU915CalcBackOff
                0x0800c788       0x38 stm32-it-sdk/Src/drivers/lorawan/mac/region/RegionAU915.o
                0x0800c788                RegionAU915CalcBackOff
 .text.RegionAU915NextChannel
                0x0800c7c0      0x15c stm32-it-sdk/Src/drivers/lorawan/mac/region/RegionAU915.o
                0x0800c7c0                RegionAU915NextChannel
 .text.RegionAU915ChannelAdd
                0x0800c91c        0x4 stm32-it-sdk/Src/drivers/lorawan/mac/region/RegionAU915.o
                0x0800c91c                RegionAU915ChannelAdd
 .text.RegionAU915SetContinuousWave
                0x0800c920       0x4c stm32-it-sdk/Src/drivers/lorawan/mac/region/RegionAU915.o
                0x0800c920                RegionAU915SetContinuousWave
 .text.RegionAU915ApplyDrOffset
                0x0800c96c       0x20 stm32-it-sdk/Src/drivers/lorawan/mac/region/RegionAU915.o
                0x0800c96c                RegionAU915ApplyDrOffset
 .text.RegionCN470GetPhyParam
                0x0800c98c      0x110 stm32-it-sdk/Src/drivers/lorawan/mac/region/RegionCN470.o
                0x0800c98c                RegionCN470GetPhyParam
 .text.RegionCN470SetBandTxDone
                0x0800ca9c       0x24 stm32-it-sdk/Src/drivers/lorawan/mac/region/RegionCN470.o
                0x0800ca9c                RegionCN470SetBandTxDone
 .text.RegionCN470InitDefaults
                0x0800cac0       0x98 stm32-it-sdk/Src/drivers/lorawan/mac/region/RegionCN470.o
                0x0800cac0                RegionCN470InitDefaults
 .text.RegionCN470GetNvmCtx
                0x0800cb58       0x10 stm32-it-sdk/Src/drivers/lorawan/mac/region/RegionCN470.o
                0x0800cb58                RegionCN470GetNvmCtx
 .text.RegionCN470Verify
                0x0800cb68       0x34 stm32-it-sdk/Src/drivers/lorawan/mac/region/RegionCN470.o
                0x0800cb68                RegionCN470Verify
 .text.RegionCN470ApplyCFList
                0x0800cb9c       0x38 stm32-it-sdk/Src/drivers/lorawan/mac/region/RegionCN470.o
                0x0800cb9c                RegionCN470ApplyCFList
 .text.RegionCN470ChanMaskSet
                0x0800cbd4       0x30 stm32-it-sdk/Src/drivers/lorawan/mac/region/RegionCN470.o
                0x0800cbd4                RegionCN470ChanMaskSet
 .text.RegionCN470ComputeRxWindowParameters
                0x0800cc04       0x78 stm32-it-sdk/Src/drivers/lorawan/mac/region/RegionCN470.o
                0x0800cc04                RegionCN470ComputeRxWindowParameters
 .text.RegionCN470RxConfig
                0x0800cc7c       0xb4 stm32-it-sdk/Src/drivers/lorawan/mac/region/RegionCN470.o
                0x0800cc7c                RegionCN470RxConfig
 .text.RegionCN470TxConfig
                0x0800cd30       0xbc stm32-it-sdk/Src/drivers/lorawan/mac/region/RegionCN470.o
                0x0800cd30                RegionCN470TxConfig
 .text.RegionCN470LinkAdrReq
                0x0800cdec      0x10c stm32-it-sdk/Src/drivers/lorawan/mac/region/RegionCN470.o
                0x0800cdec                RegionCN470LinkAdrReq
 .text.RegionCN470RxParamSetupReq
                0x0800cef8       0x68 stm32-it-sdk/Src/drivers/lorawan/mac/region/RegionCN470.o
                0x0800cef8                RegionCN470RxParamSetupReq
 .text.RegionCN470NewChannelReq
                0x0800cf60        0x4 stm32-it-sdk/Src/drivers/lorawan/mac/region/RegionCN470.o
                0x0800cf60                RegionCN470NewChannelReq
 .text.RegionCN470TxParamSetupReq
                0x0800cf64        0x6 stm32-it-sdk/Src/drivers/lorawan/mac/region/RegionCN470.o
                0x0800cf64                RegionCN470TxParamSetupReq
 .text.RegionCN470DlChannelReq
                0x0800cf6a        0x4 stm32-it-sdk/Src/drivers/lorawan/mac/region/RegionCN470.o
                0x0800cf6a                RegionCN470DlChannelReq
 .text.RegionCN470AlternateDr
                0x0800cf6e        0x2 stm32-it-sdk/Src/drivers/lorawan/mac/region/RegionCN470.o
                0x0800cf6e                RegionCN470AlternateDr
 .text.RegionCN470CalcBackOff
                0x0800cf70       0x38 stm32-it-sdk/Src/drivers/lorawan/mac/region/RegionCN470.o
                0x0800cf70                RegionCN470CalcBackOff
 .text.RegionCN470NextChannel
                0x0800cfa8      0x140 stm32-it-sdk/Src/drivers/lorawan/mac/region/RegionCN470.o
                0x0800cfa8                RegionCN470NextChannel
 .text.RegionCN470ChannelAdd
                0x0800d0e8        0x4 stm32-it-sdk/Src/drivers/lorawan/mac/region/RegionCN470.o
                0x0800d0e8                RegionCN470ChannelAdd
 .text.RegionCN470SetContinuousWave
                0x0800d0ec       0x4c stm32-it-sdk/Src/drivers/lorawan/mac/region/RegionCN470.o
                0x0800d0ec                RegionCN470SetContinuousWave
 .text.RegionCN470ApplyDrOffset
                0x0800d138       0x10 stm32-it-sdk/Src/drivers/lorawan/mac/region/RegionCN470.o
                0x0800d138                RegionCN470ApplyDrOffset
 .text.VerifyRfFreq
                0x0800d148       0x2c stm32-it-sdk/Src/drivers/lorawan/mac/region/RegionCN779.o
 .text.RegionCN779GetPhyParam
                0x0800d174      0x10c stm32-it-sdk/Src/drivers/lorawan/mac/region/RegionCN779.o
                0x0800d174                RegionCN779GetPhyParam
 .text.RegionCN779SetBandTxDone
                0x0800d280       0x24 stm32-it-sdk/Src/drivers/lorawan/mac/region/RegionCN779.o
                0x0800d280                RegionCN779SetBandTxDone
 .text.RegionCN779InitDefaults
                0x0800d2a4       0x90 stm32-it-sdk/Src/drivers/lorawan/mac/region/RegionCN779.o
                0x0800d2a4                RegionCN779InitDefaults
 .text.RegionCN779GetNvmCtx
                0x0800d334        0xc stm32-it-sdk/Src/drivers/lorawan/mac/region/RegionCN779.o
                0x0800d334                RegionCN779GetNvmCtx
 .text.RegionCN779Verify
                0x0800d340       0x3e stm32-it-sdk/Src/drivers/lorawan/mac/region/RegionCN779.o
                0x0800d340                RegionCN779Verify
 *fill*         0x0800d37e        0x2 
 .text.RegionCN779ChanMaskSet
                0x0800d380       0x30 stm32-it-sdk/Src/drivers/lorawan/mac/region/RegionCN779.o
                0x0800d380                RegionCN779ChanMaskSet
 .text.RegionCN779ComputeRxWindowParameters
                0x0800d3b0       0x84 stm32-it-sdk/Src/drivers/lorawan/mac/region/RegionCN779.o
                0x0800d3b0                RegionCN779ComputeRxWindowParameters
 .text.RegionCN779RxConfig
                0x0800d434       0xe8 stm32-it-sdk/Src/drivers/lorawan/mac/region/RegionCN779.o
                0x0800d434                RegionCN779RxConfig
 .text.RegionCN779TxConfig
                0x0800d51c      0x118 stm32-it-sdk/Src/drivers/lorawan/mac/region/RegionCN779.o
                0x0800d51c                RegionCN779TxConfig
 .text.RegionCN779LinkAdrReq
                0x0800d634      0x13c stm32-it-sdk/Src/drivers/lorawan/mac/region/RegionCN779.o
                0x0800d634                RegionCN779LinkAdrReq
 .text.RegionCN779RxParamSetupReq
                0x0800d770       0x3e stm32-it-sdk/Src/drivers/lorawan/mac/region/RegionCN779.o
                0x0800d770                RegionCN779RxParamSetupReq
 .text.RegionCN779TxParamSetupReq
                0x0800d7ae        0x6 stm32-it-sdk/Src/drivers/lorawan/mac/region/RegionCN779.o
                0x0800d7ae                RegionCN779TxParamSetupReq
 .text.RegionCN779DlChannelReq
                0x0800d7b4       0x38 stm32-it-sdk/Src/drivers/lorawan/mac/region/RegionCN779.o
                0x0800d7b4                RegionCN779DlChannelReq
 .text.RegionCN779AlternateDr
                0x0800d7ec        0x2 stm32-it-sdk/Src/drivers/lorawan/mac/region/RegionCN779.o
                0x0800d7ec                RegionCN779AlternateDr
 *fill*         0x0800d7ee        0x2 
 .text.RegionCN779CalcBackOff
                0x0800d7f0       0x38 stm32-it-sdk/Src/drivers/lorawan/mac/region/RegionCN779.o
                0x0800d7f0                RegionCN779CalcBackOff
 .text.RegionCN779NextChannel
                0x0800d828      0x128 stm32-it-sdk/Src/drivers/lorawan/mac/region/RegionCN779.o
                0x0800d828                RegionCN779NextChannel
 .text.RegionCN779ChannelAdd
                0x0800d950       0x98 stm32-it-sdk/Src/drivers/lorawan/mac/region/RegionCN779.o
                0x0800d950                RegionCN779ChannelAdd
 .text.RegionCN779ChannelsRemove
                0x0800d9e8       0x30 stm32-it-sdk/Src/drivers/lorawan/mac/region/RegionCN779.o
                0x0800d9e8                RegionCN779ChannelsRemove
 .text.RegionCN779ApplyCFList
                0x0800da18       0x72 stm32-it-sdk/Src/drivers/lorawan/mac/region/RegionCN779.o
                0x0800da18                RegionCN779ApplyCFList
 .text.RegionCN779NewChannelReq
                0x0800da8a       0x44 stm32-it-sdk/Src/drivers/lorawan/mac/region/RegionCN779.o
                0x0800da8a                RegionCN779NewChannelReq
 *fill*         0x0800dace        0x2 
 .text.RegionCN779SetContinuousWave
                0x0800dad0       0x4c stm32-it-sdk/Src/drivers/lorawan/mac/region/RegionCN779.o
                0x0800dad0                RegionCN779SetContinuousWave
 .text.RegionCN779ApplyDrOffset
                0x0800db1c       0x10 stm32-it-sdk/Src/drivers/lorawan/mac/region/RegionCN779.o
                0x0800db1c                RegionCN779ApplyDrOffset
 .text.RegionCommonGetJoinDc
                0x0800db2c       0x30 stm32-it-sdk/Src/drivers/lorawan/mac/region/RegionCommon.o
                0x0800db2c                RegionCommonGetJoinDc
 .text.RegionCommonChanVerifyDr
                0x0800db5c       0x6e stm32-it-sdk/Src/drivers/lorawan/mac/region/RegionCommon.o
                0x0800db5c                RegionCommonChanVerifyDr
 .text.RegionCommonValueInRange
                0x0800dbca       0x14 stm32-it-sdk/Src/drivers/lorawan/mac/region/RegionCommon.o
                0x0800dbca                RegionCommonValueInRange
 .text.RegionCommonChanDisable
                0x0800dbde       0x2a stm32-it-sdk/Src/drivers/lorawan/mac/region/RegionCommon.o
                0x0800dbde                RegionCommonChanDisable
 .text.RegionCommonCountChannels
                0x0800dc08       0x40 stm32-it-sdk/Src/drivers/lorawan/mac/region/RegionCommon.o
                0x0800dc08                RegionCommonCountChannels
 .text.RegionCommonChanMaskCopy
                0x0800dc48       0x1c stm32-it-sdk/Src/drivers/lorawan/mac/region/RegionCommon.o
                0x0800dc48                RegionCommonChanMaskCopy
 .text.RegionCommonSetBandTxDone
                0x0800dc64        0xc stm32-it-sdk/Src/drivers/lorawan/mac/region/RegionCommon.o
                0x0800dc64                RegionCommonSetBandTxDone
 .text.RegionCommonUpdateBandTimeOff
                0x0800dc70       0x9e stm32-it-sdk/Src/drivers/lorawan/mac/region/RegionCommon.o
                0x0800dc70                RegionCommonUpdateBandTimeOff
 .text.RegionCommonParseLinkAdrReq
                0x0800dd0e       0x36 stm32-it-sdk/Src/drivers/lorawan/mac/region/RegionCommon.o
                0x0800dd0e                RegionCommonParseLinkAdrReq
 .text.RegionCommonLinkAdrReqVerifyParams
                0x0800dd44       0x8e stm32-it-sdk/Src/drivers/lorawan/mac/region/RegionCommon.o
                0x0800dd44                RegionCommonLinkAdrReqVerifyParams
 *fill*         0x0800ddd2        0x2 
 .text.RegionCommonComputeSymbolTimeLoRa
                0x0800ddd4       0x34 stm32-it-sdk/Src/drivers/lorawan/mac/region/RegionCommon.o
                0x0800ddd4                RegionCommonComputeSymbolTimeLoRa
 .text.RegionCommonComputeSymbolTimeFsk
                0x0800de08       0x18 stm32-it-sdk/Src/drivers/lorawan/mac/region/RegionCommon.o
                0x0800de08                RegionCommonComputeSymbolTimeFsk
 .text.RegionCommonComputeRxWindowParameters
                0x0800de20       0xb4 stm32-it-sdk/Src/drivers/lorawan/mac/region/RegionCommon.o
                0x0800de20                RegionCommonComputeRxWindowParameters
 .text.RegionCommonComputeTxPower
                0x0800ded4       0x2a stm32-it-sdk/Src/drivers/lorawan/mac/region/RegionCommon.o
                0x0800ded4                RegionCommonComputeTxPower
 .text.RegionCommonCalcBackOff
                0x0800defe       0x58 stm32-it-sdk/Src/drivers/lorawan/mac/region/RegionCommon.o
                0x0800defe                RegionCommonCalcBackOff
 *fill*         0x0800df56        0x2 
 .text.VerifyRfFreq
                0x0800df58       0x2c stm32-it-sdk/Src/drivers/lorawan/mac/region/RegionEU433.o
 .text.RegionEU433GetPhyParam
                0x0800df84      0x104 stm32-it-sdk/Src/drivers/lorawan/mac/region/RegionEU433.o
                0x0800df84                RegionEU433GetPhyParam
 .text.RegionEU433SetBandTxDone
                0x0800e088       0x24 stm32-it-sdk/Src/drivers/lorawan/mac/region/RegionEU433.o
                0x0800e088                RegionEU433SetBandTxDone
 .text.RegionEU433InitDefaults
                0x0800e0ac       0x90 stm32-it-sdk/Src/drivers/lorawan/mac/region/RegionEU433.o
                0x0800e0ac                RegionEU433InitDefaults
 .text.RegionEU433GetNvmCtx
                0x0800e13c        0xc stm32-it-sdk/Src/drivers/lorawan/mac/region/RegionEU433.o
                0x0800e13c                RegionEU433GetNvmCtx
 .text.RegionEU433Verify
                0x0800e148       0x3e stm32-it-sdk/Src/drivers/lorawan/mac/region/RegionEU433.o
                0x0800e148                RegionEU433Verify
 *fill*         0x0800e186        0x2 
 .text.RegionEU433ChanMaskSet
                0x0800e188       0x30 stm32-it-sdk/Src/drivers/lorawan/mac/region/RegionEU433.o
                0x0800e188                RegionEU433ChanMaskSet
 .text.RegionEU433ComputeRxWindowParameters
                0x0800e1b8       0x84 stm32-it-sdk/Src/drivers/lorawan/mac/region/RegionEU433.o
                0x0800e1b8                RegionEU433ComputeRxWindowParameters
 .text.RegionEU433RxConfig
                0x0800e23c       0xe8 stm32-it-sdk/Src/drivers/lorawan/mac/region/RegionEU433.o
                0x0800e23c                RegionEU433RxConfig
 .text.RegionEU433TxConfig
                0x0800e324      0x118 stm32-it-sdk/Src/drivers/lorawan/mac/region/RegionEU433.o
                0x0800e324                RegionEU433TxConfig
 .text.RegionEU433LinkAdrReq
                0x0800e43c      0x13c stm32-it-sdk/Src/drivers/lorawan/mac/region/RegionEU433.o
                0x0800e43c                RegionEU433LinkAdrReq
 .text.RegionEU433RxParamSetupReq
                0x0800e578       0x3e stm32-it-sdk/Src/drivers/lorawan/mac/region/RegionEU433.o
                0x0800e578                RegionEU433RxParamSetupReq
 .text.RegionEU433TxParamSetupReq
                0x0800e5b6        0x6 stm32-it-sdk/Src/drivers/lorawan/mac/region/RegionEU433.o
                0x0800e5b6                RegionEU433TxParamSetupReq
 .text.RegionEU433DlChannelReq
                0x0800e5bc       0x38 stm32-it-sdk/Src/drivers/lorawan/mac/region/RegionEU433.o
                0x0800e5bc                RegionEU433DlChannelReq
 .text.RegionEU433AlternateDr
                0x0800e5f4        0x2 stm32-it-sdk/Src/drivers/lorawan/mac/region/RegionEU433.o